Archive member included to satisfy reference by file (symbol)

/opt/devkitpro/libctru/lib/libcitro2d.a(base.o)
                              ui.o (C2D_Init)
/opt/devkitpro/libctru/lib/libcitro2d.a(text.o)
                              ui.o (C2D_TextBufNew)
/opt/devkitpro/libctru/lib/libcitro2d.a(spritesheet.o)
                              ui.o (C2D_SpriteSheetLoad)
/opt/devkitpro/libctru/lib/libcitro2d.a(font.o)
                              /opt/devkitpro/libctru/lib/libcitro2d.a(text.o) (C2D_FontGlyphIndexFromCodePoint)
/opt/devkitpro/libctru/lib/libcitro2d.a(render2d.shbin.o)
                              /opt/devkitpro/libctru/lib/libcitro2d.a(base.o) (render2d_shbin)
/opt/devkitpro/libctru/lib/libcitro3d.a(attribs.o)
                              /opt/devkitpro/libctru/lib/libcitro2d.a(base.o) (AttrInfo_Init)
/opt/devkitpro/libctru/lib/libcitro3d.a(base.o)
                              /opt/devkitpro/libctru/lib/libcitro3d.a(attribs.o) (__C3D_Context)
/opt/devkitpro/libctru/lib/libcitro3d.a(buffers.o)
                              /opt/devkitpro/libctru/lib/libcitro2d.a(base.o) (BufInfo_Init)
/opt/devkitpro/libctru/lib/libcitro3d.a(drawElements.o)
                              /opt/devkitpro/libctru/lib/libcitro2d.a(base.o) (C3D_DrawElements)
/opt/devkitpro/libctru/lib/libcitro3d.a(effect.o)
                              /opt/devkitpro/libctru/lib/libcitro3d.a(base.o) (C3D_DepthMap)
/opt/devkitpro/libctru/lib/libcitro3d.a(framebuffer.o)
                              /opt/devkitpro/libctru/lib/libcitro3d.a(base.o) (C3Di_FrameBufBind)
/opt/devkitpro/libctru/lib/libcitro3d.a(immediate.o)
                              /opt/devkitpro/libctru/lib/libcitro3d.a(base.o) (C3D_ImmSendAttrib)
/opt/devkitpro/libctru/lib/libcitro3d.a(proctex.o)
                              /opt/devkitpro/libctru/lib/libcitro2d.a(base.o) (C3D_ProcTexInit)
/opt/devkitpro/libctru/lib/libcitro3d.a(renderqueue.o)
                              /opt/devkitpro/libctru/lib/libcitro3d.a(base.o) (C3Di_RenderQueueEnableVBlank)
/opt/devkitpro/libctru/lib/libcitro3d.a(tex3ds.o)
                              /opt/devkitpro/libctru/lib/libcitro2d.a(spritesheet.o) (Tex3DS_TextureImport)
/opt/devkitpro/libctru/lib/libcitro3d.a(texenv.o)
                              /opt/devkitpro/libctru/lib/libcitro2d.a(base.o) (C3D_GetTexEnv)
/opt/devkitpro/libctru/lib/libcitro3d.a(texture.o)
                              /opt/devkitpro/libctru/lib/libcitro3d.a(tex3ds.o) (C3D_TexInitWithParams)
/opt/devkitpro/libctru/lib/libcitro3d.a(uniforms.o)
                              /opt/devkitpro/libctru/lib/libcitro3d.a(base.o) (C3D_UpdateUniforms)
/opt/devkitpro/libctru/lib/libcitro3d.a(mtx_multiply.o)
                              /opt/devkitpro/libctru/lib/libcitro2d.a(base.o) (Mtx_Multiply)
/opt/devkitpro/libctru/lib/libcitro3d.a(mtx_ortho.o)
                              /opt/devkitpro/libctru/lib/libcitro2d.a(base.o) (Mtx_Ortho)
/opt/devkitpro/libctru/lib/libcitro3d.a(mtx_orthotilt.o)
                              /opt/devkitpro/libctru/lib/libcitro2d.a(base.o) (Mtx_OrthoTilt)
/opt/devkitpro/libctru/lib/libcitro3d.a(mtx_rotatez.o)
                              /opt/devkitpro/libctru/lib/libcitro2d.a(base.o) (Mtx_RotateZ)
/opt/devkitpro/libctru/lib/libcitro3d.a(mtx_scale.o)
                              /opt/devkitpro/libctru/lib/libcitro2d.a(base.o) (Mtx_Scale)
/opt/devkitpro/libctru/lib/libcitro3d.a(mtx_translate.o)
                              /opt/devkitpro/libctru/lib/libcitro2d.a(base.o) (Mtx_Translate)
/opt/devkitpro/libctru/lib/libctru.a(linear.o)
                              /opt/devkitpro/libctru/lib/libcitro2d.a(base.o) (linearAlloc)
/opt/devkitpro/libctru/lib/libctru.a(mem_pool.o)
                              /opt/devkitpro/libctru/lib/libctru.a(linear.o) (MemPool::Allocate(MemChunk&, unsigned long, int))
/opt/devkitpro/libctru/lib/libctru.a(vram.o)
                              /opt/devkitpro/libctru/lib/libcitro3d.a(renderqueue.o) (vramAlloc)
/opt/devkitpro/libctru/lib/libctru.a(font.o)
                              /opt/devkitpro/libctru/lib/libcitro2d.a(text.o) (fontEnsureMapped)
/opt/devkitpro/libctru/lib/libctru.a(gfx.o)
                              /opt/devkitpro/libctru/lib/libcitro2d.a(base.o) (gfxIsWide)
/opt/devkitpro/libctru/lib/libctru.a(os.o)
                              /opt/devkitpro/libctru/lib/libcitro3d.a(buffers.o) (osConvertVirtToPhys)
/opt/devkitpro/libctru/lib/libctru.a(romfs_dev.o)
                              /opt/devkitpro/libctru/lib/libcitro2d.a(font.o) (romfsMountFromTitle)
/opt/devkitpro/libctru/lib/libctru.a(gpu.o)
                              /opt/devkitpro/libctru/lib/libcitro3d.a(base.o) (gpuCmdBufOffset)
/opt/devkitpro/libctru/lib/libctru.a(gx.o)
                              /opt/devkitpro/libctru/lib/libcitro3d.a(renderqueue.o) (GX_BindQueue)
/opt/devkitpro/libctru/lib/libctru.a(gxqueue.o)
                              /opt/devkitpro/libctru/lib/libcitro3d.a(renderqueue.o) (gxCmdQueueClear)
[...]
Memory Configuration

Name             Origin             Length             Attributes
*default*        0x00000000         0xffffffff

Linker script and memory map

                0x00100000                        PROVIDE (__start__ = 0x100000)
                0x00100000                        . = __start__

.text           0x00100000    0x20524
 *(.crt0)
 .crt0          0x00100000       0x94 /opt/devkitpro/devkitARM/bin/../lib/gcc/arm-none-eabi/13.2.0/../../../../arm-none-eabi/lib/armv6k/fpu/3dsx_crt0.o
                0x00100000                _start
                0x00100008                __service_ptr
                0x0010000c                __apt_appid
                0x00100010                __heap_size
                0x00100014                __linear_heap_size
                0x00100018                __system_arglist
                0x0010001c                __system_runflags
 *(.init)
 .init          0x00100094        0xc /opt/devkitpro/devkitARM/bin/../lib/gcc/arm-none-eabi/13.2.0/armv6k/fpu/crti.o
                0x00100094                _init
 .init          0x001000a0        0xc /opt/devkitpro/devkitARM/bin/../lib/gcc/arm-none-eabi/13.2.0/armv6k/fpu/crtn.o
                0x001000ac                        . = ALIGN (0x4)
 *(.text)
 .text          0x001000ac      0x20c /opt/devkitpro/devkitARM/bin/../lib/gcc/arm-none-eabi/13.2.0/armv6k/fpu/libgcc.a(_udivsi3.o)
                0x001000ac                __udivsi3
                0x001000ac                __aeabi_uidiv
                0x00100298                __aeabi_uidivmod
 .text          0x001002b8      0x240 /opt/devkitpro/devkitARM/bin/../lib/gcc/arm-none-eabi/13.2.0/armv6k/fpu/libgcc.a(_divsi3.o)
                0x001002b8                __aeabi_idiv
                0x001002b8                __divsi3
                0x001004d8                __aeabi_idivmod
 .text          0x001004f8        0x4 /opt/devkitpro/devkitARM/bin/../lib/gcc/arm-none-eabi/13.2.0/armv6k/fpu/libgcc.a(_dvmd_tls.o)
                0x001004f8                __aeabi_ldiv0
                0x001004f8                __aeabi_idiv0
 .text          0x001004fc       0xd4 /opt/devkitpro/devkitARM/bin/../lib/gcc/arm-none-eabi/13.2.0/armv6k/fpu/libgcc.a(_aeabi_ldivmod.o)
                0x001004fc                __aeabi_ldivmod
 .text          0x001005d0       0x3c /opt/devkitpro/devkitARM/bin/../lib/gcc/arm-none-eabi/13.2.0/armv6k/fpu/libgcc.a(_aeabi_uldivmod.o)
                0x001005d0                __aeabi_uldivmod
 *fill*         0x0010060c       0x14 
 .text          0x00100620      0x390 /opt/devkitpro/devkitARM/bin/../lib/gcc/arm-none-eabi/13.2.0/../../../../arm-none-eabi/lib/armv6k/fpu/libg.a(libc_a-strcmp.o)
                0x00100628                strcmp
 *(.text.*)
 .text.__do_global_dtors_aux
                0x001009b0       0x40 /opt/devkitpro/devkitARM/bin/../lib/gcc/arm-none-eabi/13.2.0/armv6k/fpu/crtbegin.o
 .text.frame_dummy
                0x001009f0       0x2c /opt/devkitpro/devkitARM/bin/../lib/gcc/arm-none-eabi/13.2.0/armv6k/fpu/crtbegin.o
 .text.startup.main
                0x00100a1c       0x44 main.o
                0x00100a1c                main
 .text.getCenteredHorizontal
                0x00100a60       0x68 formatting.o
                0x00100a60                getCenteredHorizontal
 .text.initLibraries
                0x00100ac8       0x50 ui.o
                0x00100ac8                initLibraries
 .text.initTop  0x00100b18       0x80 ui.o
                0x00100b18                initTop
 .text.updateTop
                0x00100b98       0xbc ui.o
                0x00100b98                updateTop
 .text.initBottom
                0x00100c54        0x8 ui.o
                0x00100c54                initBottom
 .text.updateBottom
                0x00100c5c        0x8 ui.o
                0x00100c5c                updateBottom
 .text.exitUI   0x00100c64       0x18 ui.o
                0x00100c64                exitUI
 .text.getTime  0x00100c7c       0x60 TimeString.o
                0x00100c7c                getTime
 .text.C2Di_FrameEndHook
                0x00100cdc       0x44 /opt/devkitpro/libctru/lib/libcitro2d.a(base.o)
 .text.C2D_Init
                0x00100d20      0x36c /opt/devkitpro/libctru/lib/libcitro2d.a(base.o)
                0x00100d20                C2D_Init
 .text.C2D_Fini
                0x0010108c       0x4c /opt/devkitpro/libctru/lib/libcitro2d.a(base.o)
                0x0010108c                C2D_Fini
 .text.C2D_Prepare
                0x001010d8       0xb8 /opt/devkitpro/libctru/lib/libcitro2d.a(base.o)
                0x001010d8                C2D_Prepare
 .text.C2D_Flush
                0x00101190       0x48 /opt/devkitpro/libctru/lib/libcitro2d.a(base.o)
                0x00101190                C2D_Flush
 .text.C2D_SceneSize
                0x001011d8      0x104 /opt/devkitpro/libctru/lib/libcitro2d.a(base.o)
                0x001011d8                C2D_SceneSize
 .text.C2D_CreateScreenTarget
                0x001012dc       0x58 /opt/devkitpro/libctru/lib/libcitro2d.a(base.o)
                0x001012dc                C2D_CreateScreenTarget
 .text.C2D_TargetClear
                0x00101334       0x64 /opt/devkitpro/libctru/lib/libcitro2d.a(base.o)
                0x00101334                C2D_TargetClear
 .text.C2Di_AppendQuad
                0x00101398       0x58 /opt/devkitpro/libctru/lib/libcitro2d.a(base.o)
                0x00101398                C2Di_AppendQuad
 .text.C2Di_AppendVtx
                0x001013f0       0x40 /opt/devkitpro/libctru/lib/libcitro2d.a(base.o)
                0x001013f0                C2Di_AppendVtx
 .text.C2Di_Update
                0x00101430      0x550 /opt/devkitpro/libctru/lib/libcitro2d.a(base.o)
                0x00101430                C2Di_Update
 .text.C2Di_GlyphComp
                0x00101980       0x18 /opt/devkitpro/libctru/lib/libcitro2d.a(text.o)
 .text.C2Di_CalcLineWidths
                0x00101998      0x140 /opt/devkitpro/libctru/lib/libcitro2d.a(text.o)
 .text.C2D_TextBufNew
                0x00101ad8      0x1dc /opt/devkitpro/libctru/lib/libcitro2d.a(text.o)
                0x00101ad8                C2D_TextBufNew
 .text.C2D_TextBufClear
                0x00101cb4        0xc /opt/devkitpro/libctru/lib/libcitro2d.a(text.o)
                0x00101cb4                C2D_TextBufClear
 .text.C2D_TextFontParseLine
                0x00101cc0      0x1c8 /opt/devkitpro/libctru/lib/libcitro2d.a(text.o)
                0x00101cc0                C2D_TextFontParseLine
 .text.C2D_TextFontParse
                0x00101e88       0xa8 /opt/devkitpro/libctru/lib/libcitro2d.a(text.o)
                0x00101e88                C2D_TextFontParse
 .text.C2D_TextParse
                0x00101f30       0x14 /opt/devkitpro/libctru/lib/libcitro2d.a(text.o)
                0x00101f30                C2D_TextParse
 .text.C2D_TextOptimize
                0x00101f44       0x30 /opt/devkitpro/libctru/lib/libcitro2d.a(text.o)
                0x00101f44                C2D_TextOptimize
 .text.C2D_TextGetDimensions
                0x00101f74       0xc0 /opt/devkitpro/libctru/lib/libcitro2d.a(text.o)
                0x00101f74                C2D_TextGetDimensions
 .text.C2D_DrawText
                0x00102034      0xf6c /opt/devkitpro/libctru/lib/libcitro2d.a(text.o)
                0x00102034                C2D_DrawText
 .text.C2D_SpriteSheetLoadFromHandle
                0x00102fa0       0x6c /opt/devkitpro/libctru/lib/libcitro2d.a(spritesheet.o)
                0x00102fa0                C2D_SpriteSheetLoadFromHandle
 .text.C2D_SpriteSheetLoad
                0x0010300c       0x48 /opt/devkitpro/libctru/lib/libcitro2d.a(spritesheet.o)
                0x0010300c                C2D_SpriteSheetLoad
 .text.C2D_FontGlyphIndexFromCodePoint
                0x00103054       0x44 /opt/devkitpro/libctru/lib/libcitro2d.a(font.o)
                0x00103054                C2D_FontGlyphIndexFromCodePoint
 .text.C2D_FontCalcGlyphPos
                0x00103098       0x78 /opt/devkitpro/libctru/lib/libcitro2d.a(font.o)
                0x00103098                C2D_FontCalcGlyphPos
 .text.AttrInfo_Init
                0x00103110       0x28 /opt/devkitpro/libctru/lib/libcitro3d.a(attribs.o)
                0x00103110                AttrInfo_Init
 .text.AttrInfo_AddLoader
                0x00103138       0x94 /opt/devkitpro/libctru/lib/libcitro3d.a(attribs.o)
                0x00103138                AttrInfo_AddLoader
 .text.C3D_SetAttrInfo
                0x001031cc       0x54 /opt/devkitpro/libctru/lib/libcitro3d.a(attribs.o)
                0x001031cc                C3D_SetAttrInfo
 .text.C3Di_AttrInfoBind
                0x00103220       0x80 /opt/devkitpro/libctru/lib/libcitro3d.a(attribs.o)
                0x00103220                C3Di_AttrInfoBind
 .text.C3Di_LightEnvUpdate
                0x001032a0        0x4 /opt/devkitpro/libctru/lib/libcitro3d.a(base.o)
                0x001032a0                C3Di_LightEnvUpdate
 .text.C3Di_LightEnvDirty
                0x001032a4        0x4 /opt/devkitpro/libctru/lib/libcitro3d.a(base.o)
                0x001032a4                C3Di_LightEnvDirty
 .text.C3Di_AptEventHook
                0x001032a8       0xb4 /opt/devkitpro/libctru/lib/libcitro3d.a(base.o)
 .text.C3Di_GasUpdate
                0x0010335c        0x4 /opt/devkitpro/libctru/lib/libcitro3d.a(base.o)
                0x0010335c                C3Di_GasUpdate
 .text.C3D_Init
                0x00103360      0x1d0 /opt/devkitpro/libctru/lib/libcitro3d.a(base.o)
                0x00103360                C3D_Init
 .text.C3D_SetViewport
                0x00103530       0x98 /opt/devkitpro/libctru/lib/libcitro3d.a(base.o)
                0x00103530                C3D_SetViewport
 .text.C3Di_UpdateContext
                0x001035c8      0x4e8 /opt/devkitpro/libctru/lib/libcitro3d.a(base.o)
                0x001035c8                C3Di_UpdateContext
 .text.C3Di_SplitFrame
                0x00103ab0       0xe0 /opt/devkitpro/libctru/lib/libcitro3d.a(base.o)
                0x00103ab0                C3Di_SplitFrame
 .text.C3D_Fini
                0x00103b90       0x44 /opt/devkitpro/libctru/lib/libcitro3d.a(base.o)
                0x00103b90                C3D_Fini
 .text.C3D_BindProgram
                0x00103bd4      0x194 /opt/devkitpro/libctru/lib/libcitro3d.a(base.o)
                0x00103bd4                C3D_BindProgram
 .text.BufInfo_Init
                0x00103d68       0x24 /opt/devkitpro/libctru/lib/libcitro3d.a(buffers.o)
                0x00103d68                BufInfo_Init
 .text.BufInfo_Add
                0x00103d8c       0x80 /opt/devkitpro/libctru/lib/libcitro3d.a(buffers.o)
                0x00103d8c                BufInfo_Add
 .text.C3D_SetBufInfo
                0x00103e0c       0x3c /opt/devkitpro/libctru/lib/libcitro3d.a(buffers.o)
                0x00103e0c                C3D_SetBufInfo
 .text.C3Di_BufInfoBind
                0x00103e48       0x48 /opt/devkitpro/libctru/lib/libcitro3d.a(buffers.o)
                0x00103e48                C3Di_BufInfoBind
 .text.C3D_DrawElements
                0x00103e90      0x21c /opt/devkitpro/libctru/lib/libcitro3d.a(drawElements.o)
                0x00103e90                C3D_DrawElements
 .text.C3D_DepthMap
                0x001040ac       0x40 /opt/devkitpro/libctru/lib/libcitro3d.a(effect.o)
                0x001040ac                C3D_DepthMap
 .text.C3D_CullFace
                0x001040ec       0x1c /opt/devkitpro/libctru/lib/libcitro3d.a(effect.o)
                0x001040ec                C3D_CullFace
 .text.C3D_StencilTest
                0x00104108       0x40 /opt/devkitpro/libctru/lib/libcitro3d.a(effect.o)
                0x00104108                C3D_StencilTest
 .text.C3D_StencilOp
                0x00104148       0x24 /opt/devkitpro/libctru/lib/libcitro3d.a(effect.o)
                0x00104148                C3D_StencilOp
 .text.C3D_BlendingColor
                0x0010416c       0x1c /opt/devkitpro/libctru/lib/libcitro3d.a(effect.o)
                0x0010416c                C3D_BlendingColor
 .text.C3D_EarlyDepthTest
                0x00104188       0x24 /opt/devkitpro/libctru/lib/libcitro3d.a(effect.o)
                0x00104188                C3D_EarlyDepthTest
 .text.C3D_DepthTest
                0x001041ac       0x2c /opt/devkitpro/libctru/lib/libcitro3d.a(effect.o)
                0x001041ac                C3D_DepthTest
 .text.C3D_AlphaTest
                0x001041d8       0x2c /opt/devkitpro/libctru/lib/libcitro3d.a(effect.o)
                0x001041d8                C3D_AlphaTest
 .text.C3D_AlphaBlend
                0x00104204       0x50 /opt/devkitpro/libctru/lib/libcitro3d.a(effect.o)
                0x00104204                C3D_AlphaBlend
 .text.C3D_FragOpMode
                0x00104254       0x30 /opt/devkitpro/libctru/lib/libcitro3d.a(effect.o)
                0x00104254                C3D_FragOpMode
 .text.C3D_FragOpShadow
                0x00104284       0x44 /opt/devkitpro/libctru/lib/libcitro3d.a(effect.o)
                0x00104284                C3D_FragOpShadow
 .text.C3Di_EffectBind
                0x001042c8      0x1ac /opt/devkitpro/libctru/lib/libcitro3d.a(effect.o)
                0x001042c8                C3Di_EffectBind
 .text.C3D_CalcColorBufSize
                0x00104474       0x1c /opt/devkitpro/libctru/lib/libcitro3d.a(framebuffer.o)
                0x00104474                C3D_CalcColorBufSize
 .text.C3D_CalcDepthBufSize
                0x00104490       0x1c /opt/devkitpro/libctru/lib/libcitro3d.a(framebuffer.o)
                0x00104490                C3D_CalcDepthBufSize
 .text.C3D_SetFrameBuf
                0x001044ac       0x44 /opt/devkitpro/libctru/lib/libcitro3d.a(framebuffer.o)
                0x001044ac                C3D_SetFrameBuf
 .text.C3Di_FrameBufBind
                0x001044f0      0x16c /opt/devkitpro/libctru/lib/libcitro3d.a(framebuffer.o)
                0x001044f0                C3Di_FrameBufBind
 .text.C3D_FrameBufClear
                0x0010465c       0xc8 /opt/devkitpro/libctru/lib/libcitro3d.a(framebuffer.o)
                0x0010465c                C3D_FrameBufClear
 .text.C3D_FrameBufTransfer
                0x00104724       0x44 /opt/devkitpro/libctru/lib/libcitro3d.a(framebuffer.o)
                0x00104724                C3D_FrameBufTransfer
 .text.C3D_ImmSendAttrib
                0x00104768       0xa8 /opt/devkitpro/libctru/lib/libcitro3d.a(immediate.o)
                0x00104768                C3D_ImmSendAttrib
 .text.C3D_ProcTexInit
                0x00104810       0x70 /opt/devkitpro/libctru/lib/libcitro3d.a(proctex.o)
                0x00104810                C3D_ProcTexInit
 .text.C3D_ProcTexBind
                0x00104880       0x54 /opt/devkitpro/libctru/lib/libcitro3d.a(proctex.o)
                0x00104880                C3D_ProcTexBind
 .text.C3D_ProcTexLutBind
                0x001048d4       0x5c /opt/devkitpro/libctru/lib/libcitro3d.a(proctex.o)
                0x001048d4                C3D_ProcTexLutBind
 .text.ProcTexLut_FromArray
                0x00104930       0xa4 /opt/devkitpro/libctru/lib/libcitro3d.a(proctex.o)
                0x00104930                ProcTexLut_FromArray
 .text.C3Di_ProcTexUpdate
                0x001049d4      0x178 /opt/devkitpro/libctru/lib/libcitro3d.a(proctex.o)
                0x001049d4                C3Di_ProcTexUpdate
 .text.C3Di_ProcTexDirty
                0x00104b4c       0x68 /opt/devkitpro/libctru/lib/libcitro3d.a(proctex.o)
                0x00104b4c                C3Di_ProcTexDirty
 .text.onVBlank0
                0x00104bb4       0x4c /opt/devkitpro/libctru/lib/libcitro3d.a(renderqueue.o)
 .text.onVBlank1
                0x00104c00       0x4c /opt/devkitpro/libctru/lib/libcitro3d.a(renderqueue.o)
 .text.C3Di_RenderTargetDestroy
                0x00104c4c       0x80 /opt/devkitpro/libctru/lib/libcitro3d.a(renderqueue.o)
 .text.onQueueFinish
                0x00104ccc       0xf4 /opt/devkitpro/libctru/lib/libcitro3d.a(renderqueue.o)
 .text.C3Di_RenderQueueEnableVBlank
                0x00104dc0       0x38 /opt/devkitpro/libctru/lib/libcitro3d.a(renderqueue.o)
                0x00104dc0                C3Di_RenderQueueEnableVBlank
 .text.C3Di_RenderQueueDisableVBlank
                0x00104df8       0x30 /opt/devkitpro/libctru/lib/libcitro3d.a(renderqueue.o)
                0x00104df8                C3Di_RenderQueueDisableVBlank
 .text.C3Di_RenderQueueInit
                0x00104e28       0x60 /opt/devkitpro/libctru/lib/libcitro3d.a(renderqueue.o)
                0x00104e28                C3Di_RenderQueueInit
 .text.C3Di_RenderQueueExit
                0x00104e88       0xb4 /opt/devkitpro/libctru/lib/libcitro3d.a(renderqueue.o)
                0x00104e88                C3Di_RenderQueueExit
 .text.C3Di_RenderQueueWaitDone
                0x00104f3c       0x34 /opt/devkitpro/libctru/lib/libcitro3d.a(renderqueue.o)
                0x00104f3c                C3Di_RenderQueueWaitDone
 .text.C3D_FrameBegin
                0x00104f70       0xe8 /opt/devkitpro/libctru/lib/libcitro3d.a(renderqueue.o)
                0x00104f70                C3D_FrameBegin
 .text.C3D_FrameDrawOn
                0x00105058       0x48 /opt/devkitpro/libctru/lib/libcitro3d.a(renderqueue.o)
                0x00105058                C3D_FrameDrawOn
 .text.C3D_FrameSplit
                0x001050a0       0x58 /opt/devkitpro/libctru/lib/libcitro3d.a(renderqueue.o)
                0x001050a0                C3D_FrameSplit
 .text.C3D_FrameEnd
                0x001050f8      0x1d0 /opt/devkitpro/libctru/lib/libcitro3d.a(renderqueue.o)
                0x001050f8                C3D_FrameEnd
 .text.C3D_FrameEndHook
                0x001052c8       0x1c /opt/devkitpro/libctru/lib/libcitro3d.a(renderqueue.o)
                0x001052c8                C3D_FrameEndHook
 .text.C3D_RenderTargetCreate
                0x001052e4      0x170 /opt/devkitpro/libctru/lib/libcitro3d.a(renderqueue.o)
                0x001052e4                C3D_RenderTargetCreate
 .text.C3D_RenderTargetSetOutput
                0x00105454       0xa8 /opt/devkitpro/libctru/lib/libcitro3d.a(renderqueue.o)
                0x00105454                C3D_RenderTargetSetOutput
 .text.C3D_SyncTextureCopy
                0x001054fc       0xfc /opt/devkitpro/libctru/lib/libcitro3d.a(renderqueue.o)
                0x001054fc                C3D_SyncTextureCopy
 .text.Tex3DSi_ImportCommon
                0x001055f8      0x3d8 /opt/devkitpro/libctru/lib/libcitro3d.a(tex3ds.o)
 .text.Tex3DS_TextureImportStdio
                0x001059d0       0x38 /opt/devkitpro/libctru/lib/libcitro3d.a(tex3ds.o)
                0x001059d0                Tex3DS_TextureImportStdio
 .text.C3D_GetTexEnv
                0x00105a08       0x34 /opt/devkitpro/libctru/lib/libcitro3d.a(texenv.o)
                0x00105a08                C3D_GetTexEnv
 .text.C3Di_TexEnvBind
                0x00105a3c       0x24 /opt/devkitpro/libctru/lib/libcitro3d.a(texenv.o)
                0x00105a3c                C3Di_TexEnvBind
 .text.C3D_TexInitWithParams
                0x00105a60      0x290 /opt/devkitpro/libctru/lib/libcitro3d.a(texture.o)
                0x00105a60                C3D_TexInitWithParams
 .text.C3D_TexLoadImage
                0x00105cf0       0xc8 /opt/devkitpro/libctru/lib/libcitro3d.a(texture.o)
                0x00105cf0                C3D_TexLoadImage
 .text.C3D_TexBind
                0x00105db8       0x44 /opt/devkitpro/libctru/lib/libcitro3d.a(texture.o)
                0x00105db8                C3D_TexBind
 .text.C3D_TexDelete
                0x00105dfc       0x74 /opt/devkitpro/libctru/lib/libcitro3d.a(texture.o)
                0x00105dfc                C3D_TexDelete
 .text.C3Di_SetTex
                0x00105e70      0x14c /opt/devkitpro/libctru/lib/libcitro3d.a(texture.o)
                0x00105e70                C3Di_SetTex
 .text.C3D_UpdateUniforms
                0x00105fbc      0x290 /opt/devkitpro/libctru/lib/libcitro3d.a(uniforms.o)
                0x00105fbc                C3D_UpdateUniforms
 .text.C3Di_DirtyUniforms
                0x0010624c       0xc0 /opt/devkitpro/libctru/lib/libcitro3d.a(uniforms.o)
                0x0010624c                C3Di_DirtyUniforms
 .text.C3Di_LoadShaderUniforms
                0x0010630c       0xd8 /opt/devkitpro/libctru/lib/libcitro3d.a(uniforms.o)
                0x0010630c                C3Di_LoadShaderUniforms
 .text.C3Di_ClearShaderUniforms
                0x001063e4       0x28 /opt/devkitpro/libctru/lib/libcitro3d.a(uniforms.o)
                0x001063e4                C3Di_ClearShaderUniforms
 .text.Mtx_Ortho
                0x0010640c       0xcc /opt/devkitpro/libctru/lib/libcitro3d.a(mtx_ortho.o)
                0x0010640c                Mtx_Ortho
 .text.Mtx_OrthoTilt
                0x001064d8       0xcc /opt/devkitpro/libctru/lib/libcitro3d.a(mtx_orthotilt.o)
                0x001064d8                Mtx_OrthoTilt
 .text._ZL21addrMapNodeComparatorPK11rbtree_nodeS1_
                0x001065a4       0x24 /opt/devkitpro/libctru/lib/libctru.a(linear.o)
 .text._ZL21addrMapNodeDestructorP11rbtree_node
                0x001065c8        0x4 /opt/devkitpro/libctru/lib/libctru.a(linear.o)
 .text.linearMemAlign
                0x001065cc      0x120 /opt/devkitpro/libctru/lib/libctru.a(linear.o)
                0x001065cc                linearMemAlign
 .text.linearAlloc
                0x001066ec        0x8 /opt/devkitpro/libctru/lib/libctru.a(linear.o)
                0x001066ec                linearAlloc
 .text.linearFree
                0x001066f4       0x5c /opt/devkitpro/libctru/lib/libctru.a(linear.o)
                0x001066f4                linearFree
 .text._ZN7MemPool13CoalesceRightEP8MemBlock
                0x00106750       0x80 /opt/devkitpro/libctru/lib/libctru.a(mem_pool.o)
                0x00106750                MemPool::CoalesceRight(MemBlock*)
 .text._ZN7MemPool8AllocateER8MemChunkmi
                0x001067d0      0x16c /opt/devkitpro/libctru/lib/libctru.a(mem_pool.o)
                0x001067d0                MemPool::Allocate(MemChunk&, unsigned long, int)
 .text._ZN7MemPool10DeallocateERK8MemChunk
                0x0010693c       0xfc /opt/devkitpro/libctru/lib/libctru.a(mem_pool.o)
                0x0010693c                MemPool::Deallocate(MemChunk const&)
 .text._ZN7MemPool12GetFreeSpaceEv
                0x00106a38       0x30 /opt/devkitpro/libctru/lib/libctru.a(mem_pool.o)
                0x00106a38                MemPool::GetFreeSpace()
 .text._ZL21addrMapNodeComparatorPK11rbtree_nodeS1_
                0x00106a68       0x24 /opt/devkitpro/libctru/lib/libctru.a(vram.o)
 .text._ZL21addrMapNodeDestructorP11rbtree_node
                0x00106a8c        0x4 /opt/devkitpro/libctru/lib/libctru.a(vram.o)
 .text.vramMemAlignAt
                0x00106a90      0x24c /opt/devkitpro/libctru/lib/libctru.a(vram.o)
                0x00106a90                vramMemAlignAt
 .text.vramAlloc
                0x00106cdc        0xc /opt/devkitpro/libctru/lib/libctru.a(vram.o)
                0x00106cdc                vramAlloc
 .text.vramAllocAt
                0x00106ce8        0xc /opt/devkitpro/libctru/lib/libctru.a(vram.o)
                0x00106ce8                vramAllocAt
 .text.vramFree
                0x00106cf4       0x90 /opt/devkitpro/libctru/lib/libctru.a(vram.o)
                0x00106cf4                vramFree
 .text.fontEnsureMapped
                0x00106d84       0x94 /opt/devkitpro/libctru/lib/libctru.a(font.o)
                0x00106d84                fontEnsureMapped
 .text.fontGlyphIndexFromCodePoint
                0x00106e18      0x100 /opt/devkitpro/libctru/lib/libctru.a(font.o)
                0x00106e18                fontGlyphIndexFromCodePoint
 .text.fontCalcGlyphPos
                0x00106f18      0x1ec /opt/devkitpro/libctru/lib/libctru.a(font.o)
                0x00106f18                fontCalcGlyphPos
 .text.gfxPresentFramebuffer
                0x00107104       0xd0 /opt/devkitpro/libctru/lib/libctru.a(gfx.o)
 .text.gfxIsWide
                0x001071d4       0x1c /opt/devkitpro/libctru/lib/libctru.a(gfx.o)
                0x001071d4                gfxIsWide
 .text.gfxSetScreenFormat
                0x001071f0       0xec /opt/devkitpro/libctru/lib/libctru.a(gfx.o)
                0x001071f0                gfxSetScreenFormat
 .text.gfxInit  0x001072dc       0xe0 /opt/devkitpro/libctru/lib/libctru.a(gfx.o)
                0x001072dc                gfxInit
 .text.gfxInitDefault
                0x001073bc       0x10 /opt/devkitpro/libctru/lib/libctru.a(gfx.o)
                0x001073bc                gfxInitDefault
 .text.gfxExit  0x001073cc       0xb4 /opt/devkitpro/libctru/lib/libctru.a(gfx.o)
                0x001073cc                gfxExit
 .text.gfxGetFramebuffer
                0x00107480       0xa0 /opt/devkitpro/libctru/lib/libctru.a(gfx.o)
                0x00107480                gfxGetFramebuffer
 .text.gfxScreenSwapBuffers
                0x00107520       0x30 /opt/devkitpro/libctru/lib/libctru.a(gfx.o)
                0x00107520                gfxScreenSwapBuffers
 .text.osConvertVirtToPhys
                0x00107550       0x74 /opt/devkitpro/libctru/lib/libctru.a(os.o)
                0x00107550                osConvertVirtToPhys
 .text.osGetTimeRef
                0x001075c4       0x54 /opt/devkitpro/libctru/lib/libctru.a(os.o)
                0x001075c4                osGetTimeRef
 .text.osGetTime
                0x00107618       0xec /opt/devkitpro/libctru/lib/libctru.a(os.o)
                0x00107618                osGetTime
 .text.__ctru_speedup_config
                0x00107704       0x34 /opt/devkitpro/libctru/lib/libctru.a(os.o)
                0x00107704                __ctru_speedup_config
 .text.GPUCMD_Add
                0x00107738      0x13c /opt/devkitpro/libctru/lib/libctru.a(gpu.o)
                0x00107738                GPUCMD_Add
 .text.GPUCMD_Split
                0x00107874       0xb0 /opt/devkitpro/libctru/lib/libctru.a(gpu.o)
                0x00107874                GPUCMD_Split
 .text.f32tof16
                0x00107924       0x34 /opt/devkitpro/libctru/lib/libctru.a(gpu.o)
                0x00107924                f32tof16
 .text.f32tof24
                0x00107958       0x34 /opt/devkitpro/libctru/lib/libctru.a(gpu.o)
                0x00107958                f32tof24
 .text.f32tof31
                0x0010798c       0x38 /opt/devkitpro/libctru/lib/libctru.a(gpu.o)
                0x0010798c                f32tof31
 .text.GX_BindQueue
                0x001079c4       0x10 /opt/devkitpro/libctru/lib/libctru.a(gx.o)
                0x001079c4                GX_BindQueue
 .text.GX_ProcessCommandList
                0x001079d4       0x78 /opt/devkitpro/libctru/lib/libctru.a(gx.o)
                0x001079d4                GX_ProcessCommandList
 .text.GX_MemoryFill
                0x00107a4c       0x74 /opt/devkitpro/libctru/lib/libctru.a(gx.o)
                0x00107a4c                GX_MemoryFill
 .text.GX_DisplayTransfer
                0x00107ac0       0x70 /opt/devkitpro/libctru/lib/libctru.a(gx.o)
                0x00107ac0                GX_DisplayTransfer
 .text.GX_TextureCopy
                0x00107b30       0x74 /opt/devkitpro/libctru/lib/libctru.a(gx.o)
                0x00107b30                GX_TextureCopy
 .text.gxCmdQueueDoCommands.part.0
                0x00107ba4       0x68 /opt/devkitpro/libctru/lib/libctru.a(gxqueue.o)
 .text.gxCmdQueueInterrupt
                0x00107c0c       0xc8 /opt/devkitpro/libctru/lib/libctru.a(gxqueue.o)
                0x00107c0c                gxCmdQueueInterrupt
 .text.gxCmdQueueClear
                0x00107cd4       0x4c /opt/devkitpro/libctru/lib/libctru.a(gxqueue.o)
                0x00107cd4                gxCmdQueueClear
 .text.gxCmdQueueAdd
                0x00107d20       0xf8 /opt/devkitpro/libctru/lib/libctru.a(gxqueue.o)
                0x00107d20                gxCmdQueueAdd
 .text.gxCmdQueueRun
                0x00107e18       0x80 /opt/devkitpro/libctru/lib/libctru.a(gxqueue.o)
                0x00107e18                gxCmdQueueRun
 .text.gxCmdQueueStop
                0x00107e98       0x60 /opt/devkitpro/libctru/lib/libctru.a(gxqueue.o)
                0x00107e98                gxCmdQueueStop
 .text.gxCmdQueueWait
                0x00107ef8       0x8c /opt/devkitpro/libctru/lib/libctru.a(gxqueue.o)
                0x00107ef8                gxCmdQueueWait
 .text.shaderInstanceInit
                0x00107f84      0x1d0 /opt/devkitpro/libctru/lib/libctru.a(shaderProgram.o)
                0x00107f84                shaderInstanceInit
 .text.shaderInstanceGetUniformLocation
                0x00108154       0x18 /opt/devkitpro/libctru/lib/libctru.a(shaderProgram.o)
                0x00108154                shaderInstanceGetUniformLocation
 .text.shaderProgramInit
                0x0010816c       0x1c /opt/devkitpro/libctru/lib/libctru.a(shaderProgram.o)
                0x0010816c                shaderProgramInit
 .text.shaderProgramFree
                0x00108188       0x64 /opt/devkitpro/libctru/lib/libctru.a(shaderProgram.o)
                0x00108188                shaderProgramFree
 .text.shaderProgramSetVsh
                0x001081ec       0x80 /opt/devkitpro/libctru/lib/libctru.a(shaderProgram.o)
                0x001081ec                shaderProgramSetVsh
 .text.shaderProgramConfigure
                0x0010826c      0x8e0 /opt/devkitpro/libctru/lib/libctru.a(shaderProgram.o)
                0x0010826c                shaderProgramConfigure
 .text.DVLE_GenerateOutmap.part.0
                0x00108b4c      0x1cc /opt/devkitpro/libctru/lib/libctru.a(shbin.o)
 .text.DVLB_ParseFile
                0x00108d18      0x1b4 /opt/devkitpro/libctru/lib/libctru.a(shbin.o)
                0x00108d18                DVLB_ParseFile
 .text.DVLB_Free
                0x00108ecc       0x38 /opt/devkitpro/libctru/lib/libctru.a(shbin.o)
                0x00108ecc                DVLB_Free
 .text.DVLE_GetUniformRegister
                0x00108f04       0x74 /opt/devkitpro/libctru/lib/libctru.a(shbin.o)
                0x00108f04                DVLE_GetUniformRegister
 .text.aptConvertScreenForCapture
                0x00108f78      0x1ac /opt/devkitpro/libctru/lib/libctru.a(apt.o)
 .text.aptDspSleep
                0x00109124        0x8 /opt/devkitpro/libctru/lib/libctru.a(apt.o)
                0x00109124                aptDspSleep
 .text.aptDspWakeup
                0x0010912c        0x4 /opt/devkitpro/libctru/lib/libctru.a(apt.o)
                0x0010912c                aptDspWakeup
 .text.aptDspCancel
                0x00109130        0x4 /opt/devkitpro/libctru/lib/libctru.a(apt.o)
                0x00109130                aptDspCancel
 .text.aptSendCommand
                0x00109134      0x158 /opt/devkitpro/libctru/lib/libctru.a(apt.o)
                0x00109134                aptSendCommand
 *fill*         0x0010928c        0x4 
 .text.aptExitProcess
                0x00109290       0x44 /opt/devkitpro/libctru/lib/libctru.a(apt.o)
 .text.aptExit  0x001092d4      0x38c /opt/devkitpro/libctru/lib/libctru.a(apt.o)
                0x001092d4                aptExit
 .text.aptHandleSleep
                0x00109660       0xe0 /opt/devkitpro/libctru/lib/libctru.a(apt.o)
                0x00109660                aptHandleSleep
 .text.aptHook  0x00109740       0x30 /opt/devkitpro/libctru/lib/libctru.a(apt.o)
                0x00109740                aptHook
 .text.aptUnhook
                0x00109770       0x30 /opt/devkitpro/libctru/lib/libctru.a(apt.o)
                0x00109770                aptUnhook
 .text.APT_SleepIfShellClosed
                0x001097a0       0x84 /opt/devkitpro/libctru/lib/libctru.a(apt.o)
                0x001097a0                APT_SleepIfShellClosed
 .text.aptSetSleepAllowed
                0x00109824       0x84 /opt/devkitpro/libctru/lib/libctru.a(apt.o)
                0x00109824                aptSetSleepAllowed
 .text.APT_UnlockTransition
                0x001098a8       0x84 /opt/devkitpro/libctru/lib/libctru.a(apt.o)
                0x001098a8                APT_UnlockTransition
 *fill*         0x0010992c        0x4 
 .text.aptEventHandler
                0x00109930      0x4a4 /opt/devkitpro/libctru/lib/libctru.a(apt.o)
 .text.APT_ReceiveParameter
                0x00109dd4       0xb0 /opt/devkitpro/libctru/lib/libctru.a(apt.o)
                0x00109dd4                APT_ReceiveParameter
 .text.aptReceiveParameter.constprop.0
                0x00109e84       0xac /opt/devkitpro/libctru/lib/libctru.a(apt.o)
 .text.aptScreenTransfer
                0x00109f30      0x2ac /opt/devkitpro/libctru/lib/libctru.a(apt.o)
 .text.aptWaitForWakeUp.isra.0
                0x0010a1dc      0x320 /opt/devkitpro/libctru/lib/libctru.a(apt.o)
 .text.aptJumpToHomeMenu
                0x0010a4fc       0xf8 /opt/devkitpro/libctru/lib/libctru.a(apt.o)
                0x0010a4fc                aptJumpToHomeMenu
 .text.aptMainLoop
                0x0010a5f4       0x48 /opt/devkitpro/libctru/lib/libctru.a(apt.o)
                0x0010a5f4                aptMainLoop
 .text.aptInit  0x0010a63c      0x22c /opt/devkitpro/libctru/lib/libctru.a(apt.o)
                0x0010a63c                aptInit
 .text.APT_CheckNew3DS
                0x0010a868       0x7c /opt/devkitpro/libctru/lib/libctru.a(apt.o)
                0x0010a868                APT_CheckNew3DS
 .text.APT_GetSharedFont
                0x0010a8e4       0x48 /opt/devkitpro/libctru/lib/libctru.a(apt.o)
                0x0010a8e4                APT_GetSharedFont
 .text.fsInit   0x0010a92c       0xcc /opt/devkitpro/libctru/lib/libctru.a(fs.o)
                0x0010a92c                fsInit
 .text.fsExit   0x0010a9f8       0x3c /opt/devkitpro/libctru/lib/libctru.a(fs.o)
                0x0010a9f8                fsExit
 .text.fsExemptFromSession
                0x0010aa34       0x60 /opt/devkitpro/libctru/lib/libctru.a(fs.o)
                0x0010aa34                fsExemptFromSession
 .text.fsUnexemptFromSession
                0x0010aa94       0x50 /opt/devkitpro/libctru/lib/libctru.a(fs.o)
                0x0010aa94                fsUnexemptFromSession
 .text.FSUSER_OpenFile
                0x0010aae4       0xcc /opt/devkitpro/libctru/lib/libctru.a(fs.o)
                0x0010aae4                FSUSER_OpenFile
 .text.FSUSER_DeleteFile
                0x0010abb0       0xbc /opt/devkitpro/libctru/lib/libctru.a(fs.o)
                0x0010abb0                FSUSER_DeleteFile
 .text.FSUSER_RenameFile
                0x0010ac6c       0xf8 /opt/devkitpro/libctru/lib/libctru.a(fs.o)
                0x0010ac6c                FSUSER_RenameFile
 .text.FSUSER_DeleteDirectory
                0x0010ad64       0xbc /opt/devkitpro/libctru/lib/libctru.a(fs.o)
                0x0010ad64                FSUSER_DeleteDirectory
 .text.FSUSER_CreateFile
                0x0010ae20       0xd4 /opt/devkitpro/libctru/lib/libctru.a(fs.o)
                0x0010ae20                FSUSER_CreateFile
 .text.FSUSER_CreateDirectory
                0x0010aef4       0xc4 /opt/devkitpro/libctru/lib/libctru.a(fs.o)
                0x0010aef4                FSUSER_CreateDirectory
 .text.FSUSER_RenameDirectory
                0x0010afb8       0xf8 /opt/devkitpro/libctru/lib/libctru.a(fs.o)
                0x0010afb8                FSUSER_RenameDirectory
 .text.FSUSER_OpenDirectory
                0x0010b0b0       0xb4 /opt/devkitpro/libctru/lib/libctru.a(fs.o)
                0x0010b0b0                FSUSER_OpenDirectory
 .text.FSUSER_OpenArchive
                0x0010b164       0x94 /opt/devkitpro/libctru/lib/libctru.a(fs.o)
                0x0010b164                FSUSER_OpenArchive
 .text.FSUSER_CloseArchive
                0x0010b1f8       0x8c /opt/devkitpro/libctru/lib/libctru.a(fs.o)
                0x0010b1f8                FSUSER_CloseArchive
 .text.FSUSER_GetSdmcArchiveResource
                0x0010b284       0x74 /opt/devkitpro/libctru/lib/libctru.a(fs.o)
                0x0010b284                FSUSER_GetSdmcArchiveResource
 .text.FSUSER_IsSdmcWritable
                0x0010b2f8       0x64 /opt/devkitpro/libctru/lib/libctru.a(fs.o)
                0x0010b2f8                FSUSER_IsSdmcWritable
 .text.FSFILE_Read
                0x0010b35c       0x58 /opt/devkitpro/libctru/lib/libctru.a(fs.o)
                0x0010b35c                FSFILE_Read
 .text.FSFILE_Write
                0x0010b3b4       0x60 /opt/devkitpro/libctru/lib/libctru.a(fs.o)
                0x0010b3b4                FSFILE_Write
 .text.FSFILE_GetSize
                0x0010b414       0x38 /opt/devkitpro/libctru/lib/libctru.a(fs.o)
                0x0010b414                FSFILE_GetSize
 .text.FSFILE_SetSize
                0x0010b44c       0x28 /opt/devkitpro/libctru/lib/libctru.a(fs.o)
                0x0010b44c                FSFILE_SetSize
 .text.FSFILE_Close
                0x0010b474       0x3c /opt/devkitpro/libctru/lib/libctru.a(fs.o)
                0x0010b474                FSFILE_Close
 .text.FSFILE_Flush
                0x0010b4b0       0x24 /opt/devkitpro/libctru/lib/libctru.a(fs.o)
                0x0010b4b0                FSFILE_Flush
 .text.FSDIR_Read
                0x0010b4d4       0x50 /opt/devkitpro/libctru/lib/libctru.a(fs.o)
                0x0010b4d4                FSDIR_Read
 .text.FSDIR_Close
                0x0010b524       0x3c /opt/devkitpro/libctru/lib/libctru.a(fs.o)
                0x0010b524                FSDIR_Close
 .text.gspHardwareInit
                0x0010b560      0xc64 /opt/devkitpro/libctru/lib/libctru.a(gspgpu.o)
 .text.gspInit  0x0010c1c4      0x248 /opt/devkitpro/libctru/lib/libctru.a(gspgpu.o)
                0x0010c1c4                gspInit
 .text.gspExit  0x0010c40c       0xf0 /opt/devkitpro/libctru/lib/libctru.a(gspgpu.o)
                0x0010c40c                gspExit
 .text.gspHasGpuRight
                0x0010c4fc       0x10 /opt/devkitpro/libctru/lib/libctru.a(gspgpu.o)
                0x0010c4fc                gspHasGpuRight
 .text.gspPresentBuffer
                0x0010c50c       0xa0 /opt/devkitpro/libctru/lib/libctru.a(gspgpu.o)
                0x0010c50c                gspPresentBuffer
 .text.gspSetEventCallback
                0x0010c5ac       0x30 /opt/devkitpro/libctru/lib/libctru.a(gspgpu.o)
                0x0010c5ac                gspSetEventCallback
 .text.gspWaitForEvent
                0x0010c5dc       0x44 /opt/devkitpro/libctru/lib/libctru.a(gspgpu.o)
                0x0010c5dc                gspWaitForEvent
 .text.gspWaitForAnyEvent
                0x0010c620       0x4c /opt/devkitpro/libctru/lib/libctru.a(gspgpu.o)
                0x0010c620                gspWaitForAnyEvent
 .text.gspEventThreadMain
                0x0010c66c      0x158 /opt/devkitpro/libctru/lib/libctru.a(gspgpu.o)
 .text.gspSubmitGxCommand
                0x0010c7c4      0x130 /opt/devkitpro/libctru/lib/libctru.a(gspgpu.o)
                0x0010c7c4                gspSubmitGxCommand
 .text.GSPGPU_FlushDataCache
                0x0010c8f4       0x50 /opt/devkitpro/libctru/lib/libctru.a(gspgpu.o)
                0x0010c8f4                GSPGPU_FlushDataCache
 .text.GSPGPU_SetLcdForceBlack
                0x0010c944       0x34 /opt/devkitpro/libctru/lib/libctru.a(gspgpu.o)
                0x0010c944                GSPGPU_SetLcdForceBlack
 .text.GSPGPU_AcquireRight
                0x0010c978       0x68 /opt/devkitpro/libctru/lib/libctru.a(gspgpu.o)
                0x0010c978                GSPGPU_AcquireRight
 .text.GSPGPU_ReleaseRight
                0x0010c9e0       0x48 /opt/devkitpro/libctru/lib/libctru.a(gspgpu.o)
                0x0010c9e0                GSPGPU_ReleaseRight
 .text.GSPGPU_ImportDisplayCaptureInfo
                0x0010ca28       0x7c /opt/devkitpro/libctru/lib/libctru.a(gspgpu.o)
                0x0010ca28                GSPGPU_ImportDisplayCaptureInfo
 .text.GSPGPU_SaveVramSysArea
                0x0010caa4       0x2c /opt/devkitpro/libctru/lib/libctru.a(gspgpu.o)
                0x0010caa4                GSPGPU_SaveVramSysArea
 .text.GSPGPU_RestoreVramSysArea
                0x0010cad0       0x2c /opt/devkitpro/libctru/lib/libctru.a(gspgpu.o)
                0x0010cad0                GSPGPU_RestoreVramSysArea
 .text.hidShouldUseIrrst
                0x0010cafc       0x24 /opt/devkitpro/libctru/lib/libctru.a(hid.o)
                0x0010cafc                hidShouldUseIrrst
 .text.hidInit  0x0010cb20      0x18c /opt/devkitpro/libctru/lib/libctru.a(hid.o)
                0x0010cb20                hidInit
 .text.hidExit  0x0010ccac       0xe8 /opt/devkitpro/libctru/lib/libctru.a(hid.o)
                0x0010ccac                hidExit
 .text.hidScanInput
                0x0010cd94      0x2a4 /opt/devkitpro/libctru/lib/libctru.a(hid.o)
                0x0010cd94                hidScanInput
 .text.hidKeysDown
                0x0010d038       0x10 /opt/devkitpro/libctru/lib/libctru.a(hid.o)
                0x0010d038                hidKeysDown
 .text.irrstInit
                0x0010d048      0x160 /opt/devkitpro/libctru/lib/libctru.a(irrst.o)
                0x0010d048                irrstInit
 .text.irrstExit
                0x0010d1a8       0xcc /opt/devkitpro/libctru/lib/libctru.a(irrst.o)
                0x0010d1a8                irrstExit
 .text.irrstScanInput
                0x0010d274       0xb4 /opt/devkitpro/libctru/lib/libctru.a(irrst.o)
                0x0010d274                irrstScanInput
 .text.irrstKeysHeld
                0x0010d328       0x24 /opt/devkitpro/libctru/lib/libctru.a(irrst.o)
                0x0010d328                irrstKeysHeld
 .text.ptmSysmInit
                0x0010d34c       0x74 /opt/devkitpro/libctru/lib/libctru.a(ptmsysm.o)
                0x0010d34c                ptmSysmInit
 .text.ptmSysmExit
                0x0010d3c0       0x3c /opt/devkitpro/libctru/lib/libctru.a(ptmsysm.o)
                0x0010d3c0                ptmSysmExit
 .text.PTMSYSM_ConfigureNew3DSCPU
                0x0010d3fc       0x34 /opt/devkitpro/libctru/lib/libctru.a(ptmsysm.o)
                0x0010d3fc                PTMSYSM_ConfigureNew3DSCPU
 .text.buffer_read
                0x0010d430       0xc4 /opt/devkitpro/libctru/lib/libctru.a(decompress.o)
 .text.iov_read
                0x0010d4f4       0xcc /opt/devkitpro/libctru/lib/libctru.a(decompress.o)
 .text.iov_memmove
                0x0010d5c0      0x148 /opt/devkitpro/libctru/lib/libctru.a(decompress.o)
 .text.decompress_rle
                0x0010d708      0x1dc /opt/devkitpro/libctru/lib/libctru.a(decompress.o)
 .text.decompress_lzss
                0x0010d8e4      0x244 /opt/devkitpro/libctru/lib/libctru.a(decompress.o)
 .text.decompress_lz11
                0x0010db28      0x428 /opt/devkitpro/libctru/lib/libctru.a(decompress.o)
 .text.decompress_huff
                0x0010df50      0x2d4 /opt/devkitpro/libctru/lib/libctru.a(decompress.o)
 .text.decompressCallback_Stdio
                0x0010e224       0x10 /opt/devkitpro/libctru/lib/libctru.a(decompress.o)
                0x0010e224                decompressCallback_Stdio
 .text.decompressHeader
                0x0010e234       0xdc /opt/devkitpro/libctru/lib/libctru.a(decompress.o)
                0x0010e234                decompressHeader
 .text.decompressV
                0x0010e310      0x240 /opt/devkitpro/libctru/lib/libctru.a(decompress.o)
                0x0010e310                decompressV
 .text.rbtree_find
                0x0010e550       0x74 /opt/devkitpro/libctru/lib/libctru.a(rbtree_find.o)
                0x0010e550                rbtree_find
 .text.rbtree_init
                0x0010e5c4       0x10 /opt/devkitpro/libctru/lib/libctru.a(rbtree_init.o)
                0x0010e5c4                rbtree_init
 .text.do_insert
                0x0010e5d4      0x1b0 /opt/devkitpro/libctru/lib/libctru.a(rbtree_insert.o)
 .text.rbtree_insert
                0x0010e784        0x8 /opt/devkitpro/libctru/lib/libctru.a(rbtree_insert.o)
                0x0010e784                rbtree_insert
 .text.rbtree_remove
                0x0010e78c      0x318 /opt/devkitpro/libctru/lib/libctru.a(rbtree_remove.o)
                0x0010e78c                rbtree_remove
 .text.rbtree_rotate
                0x0010eaa4       0x90 /opt/devkitpro/libctru/lib/libctru.a(rbtree_rotate.o)
                0x0010eaa4                rbtree_rotate
 .text.decode_utf8
                0x0010eb34      0x13c /opt/devkitpro/libctru/lib/libctru.a(decode_utf8.o)
                0x0010eb34                decode_utf8
 .text.utf16_to_utf8
                0x0010ec70       0xe8 /opt/devkitpro/libctru/lib/libctru.a(utf16_to_utf8.o)
                0x0010ec70                utf16_to_utf8
 .text.utf8_to_utf16
                0x0010ed58       0xc0 /opt/devkitpro/libctru/lib/libctru.a(utf8_to_utf16.o)
                0x0010ed58                utf8_to_utf16
 .text.__system_allocateHeaps
                0x0010ee18      0x1e0 /opt/devkitpro/libctru/lib/libctru.a(allocateHeaps.o)
                0x0010ee18                __system_allocateHeaps
 .text.__libctru_init
                0x0010eff8       0x38 /opt/devkitpro/libctru/lib/libctru.a(ctru_init.o)
                0x0010eff8                __libctru_init
 .text.__system_initArgv
                0x0010f030      0x170 /opt/devkitpro/libctru/lib/libctru.a(initArgv.o)
                0x0010f030                __system_initArgv
 .text.__syscall_getreent
                0x0010f1a0       0x30 /opt/devkitpro/libctru/lib/libctru.a(syscalls.o)
                0x0010f1a0                __syscall_getreent
 .text.__syscall_gettod_r
                0x0010f1d0       0x64 /opt/devkitpro/libctru/lib/libctru.a(syscalls.o)
                0x0010f1d0                __syscall_gettod_r
 .text.__syscall_lock_acquire
                0x0010f234        0x4 /opt/devkitpro/libctru/lib/libctru.a(syscalls.o)
                0x0010f234                __syscall_lock_acquire
 .text.__syscall_lock_release
                0x0010f238        0x4 /opt/devkitpro/libctru/lib/libctru.a(syscalls.o)
                0x0010f238                __syscall_lock_release
 .text.__syscall_lock_acquire_recursive
                0x0010f23c        0x4 /opt/devkitpro/libctru/lib/libctru.a(syscalls.o)
                0x0010f23c                __syscall_lock_acquire_recursive
 .text.__syscall_lock_release_recursive
                0x0010f240        0x4 /opt/devkitpro/libctru/lib/libctru.a(syscalls.o)
                0x0010f240                __syscall_lock_release_recursive
 .text.__syscall_exit
                0x0010f244        0x4 /opt/devkitpro/libctru/lib/libctru.a(syscalls.o)
                0x0010f244                __syscall_exit
 .text.initThreadVars
                0x0010f248       0x50 /opt/devkitpro/libctru/lib/libctru.a(syscalls.o)
                0x0010f248                initThreadVars
 .text.__system_initSyscalls
                0x0010f298       0x80 /opt/devkitpro/libctru/lib/libctru.a(syscalls.o)
                0x0010f298                __system_initSyscalls
 .text.svcControlMemory
                0x0010f318       0x20 /opt/devkitpro/libctru/lib/libctru.a(svc.o)
                0x0010f318                svcControlMemory
 .text.svcQueryMemory
                0x0010f338       0x30 /opt/devkitpro/libctru/lib/libctru.a(svc.o)
                0x0010f338                svcQueryMemory
 .text.svcExitProcess
                0x0010f368        0x8 /opt/devkitpro/libctru/lib/libctru.a(svc.o)
                0x0010f368                svcExitProcess
 .text.svcCreateThread
                0x0010f370       0x20 /opt/devkitpro/libctru/lib/libctru.a(svc.o)
                0x0010f370                svcCreateThread
 .text.svcExitThread
                0x0010f390        0x8 /opt/devkitpro/libctru/lib/libctru.a(svc.o)
                0x0010f390                svcExitThread
 .text.svcSleepThread
                0x0010f398        0x8 /opt/devkitpro/libctru/lib/libctru.a(svc.o)
                0x0010f398                svcSleepThread
 .text.svcReleaseMutex
                0x0010f3a0        0x8 /opt/devkitpro/libctru/lib/libctru.a(svc.o)
                0x0010f3a0                svcReleaseMutex
 .text.svcCreateEvent
                0x0010f3a8       0x14 /opt/devkitpro/libctru/lib/libctru.a(svc.o)
                0x0010f3a8                svcCreateEvent
 .text.svcSignalEvent
                0x0010f3bc        0x8 /opt/devkitpro/libctru/lib/libctru.a(svc.o)
                0x0010f3bc                svcSignalEvent
 .text.svcClearEvent
                0x0010f3c4        0x8 /opt/devkitpro/libctru/lib/libctru.a(svc.o)
                0x0010f3c4                svcClearEvent
 .text.svcMapMemoryBlock
                0x0010f3cc        0x8 /opt/devkitpro/libctru/lib/libctru.a(svc.o)
                0x0010f3cc                svcMapMemoryBlock
 .text.svcUnmapMemoryBlock
                0x0010f3d4        0x8 /opt/devkitpro/libctru/lib/libctru.a(svc.o)
                0x0010f3d4                svcUnmapMemoryBlock
 .text.svcCreateAddressArbiter
                0x0010f3dc       0x14 /opt/devkitpro/libctru/lib/libctru.a(svc.o)
                0x0010f3dc                svcCreateAddressArbiter
 .text.svcArbitrateAddressNoTimeout
                0x0010f3f0        0x8 /opt/devkitpro/libctru/lib/libctru.a(svc.o)
                0x0010f3f0                svcArbitrateAddressNoTimeout
 .text.svcCloseHandle
                0x0010f3f8        0x8 /opt/devkitpro/libctru/lib/libctru.a(svc.o)
                0x0010f3f8                svcCloseHandle
 .text.svcWaitSynchronization
                0x0010f400        0x8 /opt/devkitpro/libctru/lib/libctru.a(svc.o)
                0x0010f400                svcWaitSynchronization
 .text.svcWaitSynchronizationN
                0x0010f408       0x28 /opt/devkitpro/libctru/lib/libctru.a(svc.o)
                0x0010f408                svcWaitSynchronizationN
 .text.svcDuplicateHandle
                0x0010f430       0x14 /opt/devkitpro/libctru/lib/libctru.a(svc.o)
                0x0010f430                svcDuplicateHandle
 .text.svcGetSystemTick
                0x0010f444        0x8 /opt/devkitpro/libctru/lib/libctru.a(svc.o)
                0x0010f444                svcGetSystemTick
 .text.svcConnectToPort
                0x0010f44c       0x14 /opt/devkitpro/libctru/lib/libctru.a(svc.o)
                0x0010f44c                svcConnectToPort
 .text.svcSendSyncRequest
                0x0010f460        0x8 /opt/devkitpro/libctru/lib/libctru.a(svc.o)
                0x0010f460                svcSendSyncRequest
 .text.svcGetResourceLimit
                0x0010f468       0x14 /opt/devkitpro/libctru/lib/libctru.a(svc.o)
                0x0010f468                svcGetResourceLimit
 .text.svcGetResourceLimitLimitValues
                0x0010f47c        0x8 /opt/devkitpro/libctru/lib/libctru.a(svc.o)
                0x0010f47c                svcGetResourceLimitLimitValues
 .text.svcGetResourceLimitCurrentValues
                0x0010f484        0x8 /opt/devkitpro/libctru/lib/libctru.a(svc.o)
                0x0010f484                svcGetResourceLimitCurrentValues
 .text.svcBreak
                0x0010f48c        0x8 /opt/devkitpro/libctru/lib/libctru.a(svc.o)
                0x0010f48c                svcBreak
 .text.__aeabi_read_tp
                0x0010f494        0xc /opt/devkitpro/libctru/lib/libctru.a(readtp.o)
                0x0010f494                __aeabi_read_tp
 .text.initSystem
                0x0010f4a0       0x50 /opt/devkitpro/libctru/lib/libctru.a(stack_adjust.o)
                0x0010f4a0                initSystem
 .text.__ctru_exit
                0x0010f4f0       0x14 /opt/devkitpro/libctru/lib/libctru.a(stack_adjust.o)
                0x0010f4f0                __ctru_exit
 .text.envGetHandle
                0x0010f504       0x84 /opt/devkitpro/libctru/lib/libctru.a(env.o)
                0x0010f504                envGetHandle
 .text.envDestroyHandles
                0x0010f588       0x50 /opt/devkitpro/libctru/lib/libctru.a(env.o)
                0x0010f588                envDestroyHandles
 .text.srvInit  0x0010f5d8      0x12c /opt/devkitpro/libctru/lib/libctru.a(srv.o)
                0x0010f5d8                srvInit
 .text.srvExit  0x0010f704       0x58 /opt/devkitpro/libctru/lib/libctru.a(srv.o)
                0x0010f704                srvExit
 .text.srvEnableNotification
                0x0010f75c       0x60 /opt/devkitpro/libctru/lib/libctru.a(srv.o)
                0x0010f75c                srvEnableNotification
 .text.srvGetServiceHandleDirect
                0x0010f7bc       0xa0 /opt/devkitpro/libctru/lib/libctru.a(srv.o)
                0x0010f7bc                srvGetServiceHandleDirect
 .text.srvGetServiceHandle
                0x0010f85c       0x38 /opt/devkitpro/libctru/lib/libctru.a(srv.o)
                0x0010f85c                srvGetServiceHandle
 .text.srvSubscribe
                0x0010f894       0x34 /opt/devkitpro/libctru/lib/libctru.a(srv.o)
                0x0010f894                srvSubscribe
 .text.srvReceiveNotification
                0x0010f8c8       0x60 /opt/devkitpro/libctru/lib/libctru.a(srv.o)
                0x0010f8c8                srvReceiveNotification
 .text.srvPublishToSubscriber
                0x0010f928       0x38 /opt/devkitpro/libctru/lib/libctru.a(srv.o)
                0x0010f928                srvPublishToSubscriber
 .text.__sync_init
                0x0010f960        0xc /opt/devkitpro/libctru/lib/libctru.a(synchronization.o)
                0x0010f960                __sync_init
 .text.__sync_fini
                0x0010f96c       0x18 /opt/devkitpro/libctru/lib/libctru.a(synchronization.o)
                0x0010f96c                __sync_fini
 .text.syncArbitrateAddress
                0x0010f984       0x2c /opt/devkitpro/libctru/lib/libctru.a(synchronization.o)
                0x0010f984                syncArbitrateAddress
 .text.LightLock_Lock
                0x0010f9b0       0xac /opt/devkitpro/libctru/lib/libctru.a(synchronization.o)
                0x0010f9b0                LightLock_Lock
 .text.LightLock_Unlock
                0x0010fa5c       0x40 /opt/devkitpro/libctru/lib/libctru.a(synchronization.o)
                0x0010fa5c                LightLock_Unlock
 .text.RecursiveLock_Lock
                0x0010fa9c       0x30 /opt/devkitpro/libctru/lib/libctru.a(synchronization.o)
                0x0010fa9c                RecursiveLock_Lock
 .text.RecursiveLock_Unlock
                0x0010facc       0x54 /opt/devkitpro/libctru/lib/libctru.a(synchronization.o)
                0x0010facc                RecursiveLock_Unlock
 .text.LightEvent_Init
                0x0010fb20       0x40 /opt/devkitpro/libctru/lib/libctru.a(synchronization.o)
                0x0010fb20                LightEvent_Init
 .text.LightEvent_Clear
                0x0010fb60       0xa4 /opt/devkitpro/libctru/lib/libctru.a(synchronization.o)
                0x0010fb60                LightEvent_Clear
 .text.LightEvent_Signal
                0x0010fc04       0xc8 /opt/devkitpro/libctru/lib/libctru.a(synchronization.o)
                0x0010fc04                LightEvent_Signal
 .text.LightEvent_TryWait
                0x0010fccc       0x50 /opt/devkitpro/libctru/lib/libctru.a(synchronization.o)
                0x0010fccc                LightEvent_TryWait
 .text.LightEvent_Wait
                0x0010fd1c       0xa0 /opt/devkitpro/libctru/lib/libctru.a(synchronization.o)
                0x0010fd1c                LightEvent_Wait
 .text.threadCreate
                0x0010fdbc      0x1d8 /opt/devkitpro/libctru/lib/libctru.a(thread.o)
                0x0010fdbc                threadCreate
 .text.threadFree
                0x0010ff94       0x2c /opt/devkitpro/libctru/lib/libctru.a(thread.o)
                0x0010ff94                threadFree
 .text.threadJoin
                0x0010ffc0       0x24 /opt/devkitpro/libctru/lib/libctru.a(thread.o)
                0x0010ffc0                threadJoin
 .text.threadGetCurrent
                0x0010ffe4       0x30 /opt/devkitpro/libctru/lib/libctru.a(thread.o)
                0x0010ffe4                threadGetCurrent
 .text.threadExit
                0x00110014       0x40 /opt/devkitpro/libctru/lib/libctru.a(thread.o)
                0x00110014                threadExit
 .text._thread_begin
                0x00110054       0x20 /opt/devkitpro/libctru/lib/libctru.a(thread.o)
 .text.mappableFindAddressWithin
                0x00110074       0xb4 /opt/devkitpro/libctru/lib/libctru.a(mappable.o)
 .text.mappableInit
                0x00110128       0x28 /opt/devkitpro/libctru/lib/libctru.a(mappable.o)
                0x00110128                mappableInit
 .text.mappableAlloc
                0x00110150       0x80 /opt/devkitpro/libctru/lib/libctru.a(mappable.o)
                0x00110150                mappableAlloc
 .text.mappableFree
                0x001101d0        0x4 /opt/devkitpro/libctru/lib/libctru.a(mappable.o)
                0x001101d0                mappableFree
 .text.srvPmGetSessionHandle
                0x001101d4        0xc /opt/devkitpro/libctru/lib/libctru.a(srvpm.o)
                0x001101d4                srvPmGetSessionHandle
 .text.rbtree_node_next
                0x001101e0       0x5c /opt/devkitpro/libctru/lib/libctru.a(rbtree_iterator.o)
                0x001101e0                rbtree_node_next
 .text.decode_utf16
                0x0011023c       0x64 /opt/devkitpro/libctru/lib/libctru.a(decode_utf16.o)
                0x0011023c                decode_utf16
 .text.encode_utf16
                0x001102a0       0x54 /opt/devkitpro/libctru/lib/libctru.a(encode_utf16.o)
                0x001102a0                encode_utf16
 .text.encode_utf8
                0x001102f4       0xe0 /opt/devkitpro/libctru/lib/libctru.a(encode_utf8.o)
                0x001102f4                encode_utf8
 .text.__appExit
                0x001103d4       0x30 /opt/devkitpro/libctru/lib/libctru.a(appExit.o)
                0x001103d4                __appExit
 .text.__appInit
                0x00110404       0x30 /opt/devkitpro/libctru/lib/libctru.a(appInit.o)
                0x00110404                __appInit
 .text.__libctru_exit
                0x00110434       0x90 /opt/devkitpro/libctru/lib/libctru.a(ctru_exit.o)
                0x00110434                __libctru_exit
 .text.archive_link
                0x001104c4       0x14 /opt/devkitpro/libctru/lib/libctru.a(archive_dev.o)
 .text.archive_dirreset
                0x001104d8       0x14 /opt/devkitpro/libctru/lib/libctru.a(archive_dev.o)
 .text.archive_chmod
                0x001104ec       0x14 /opt/devkitpro/libctru/lib/libctru.a(archive_dev.o)
 .text.error_cmp
                0x00110500       0x24 /opt/devkitpro/libctru/lib/libctru.a(archive_dev.o)
 .text.archive_translate_error
                0x00110524       0x50 /opt/devkitpro/libctru/lib/libctru.a(archive_dev.o)
 .text.archive_seek
                0x00110574       0xc8 /opt/devkitpro/libctru/lib/libctru.a(archive_dev.o)
 .text._archiveInit.part.0
                0x0011063c       0x7c /opt/devkitpro/libctru/lib/libctru.a(archive_dev.o)
 .text.archiveFindDevice.part.0
                0x001106b8       0xc4 /opt/devkitpro/libctru/lib/libctru.a(archive_dev.o)
 .text.archive_utf16path
                0x0011077c      0x280 /opt/devkitpro/libctru/lib/libctru.a(archive_dev.o)
 .text._archiveUnmountDeviceStruct.part.0
                0x001109fc       0x9c /opt/devkitpro/libctru/lib/libctru.a(archive_dev.o)
 .text.archive_fchmod
                0x00110a98       0x14 /opt/devkitpro/libctru/lib/libctru.a(archive_dev.o)
 .text.archive_statvfs
                0x00110aac       0x14 /opt/devkitpro/libctru/lib/libctru.a(archive_dev.o)
 .text._archiveMountDevice
                0x00110ac0      0x164 /opt/devkitpro/libctru/lib/libctru.a(archive_dev.o)
 .text.archive_diropen
                0x00110c24       0xe8 /opt/devkitpro/libctru/lib/libctru.a(archive_dev.o)
 .text.archive_fstat
                0x00110d0c       0xa4 /opt/devkitpro/libctru/lib/libctru.a(archive_dev.o)
 .text.archive_fsync
                0x00110db0       0x6c /opt/devkitpro/libctru/lib/libctru.a(archive_dev.o)
 .text.archive_close
                0x00110e1c       0x6c /opt/devkitpro/libctru/lib/libctru.a(archive_dev.o)
 .text.archive_dirclose
                0x00110e88       0x70 /opt/devkitpro/libctru/lib/libctru.a(archive_dev.o)
 .text.sdmc_statvfs
                0x00110ef8       0xe8 /opt/devkitpro/libctru/lib/libctru.a(archive_dev.o)
 .text.archive_chdir
                0x00110fe0       0xec /opt/devkitpro/libctru/lib/libctru.a(archive_dev.o)
 .text.archive_ftruncate
                0x001110cc       0x7c /opt/devkitpro/libctru/lib/libctru.a(archive_dev.o)
 .text.archive_read
                0x00111148       0xac /opt/devkitpro/libctru/lib/libctru.a(archive_dev.o)
 .text.archive_unlink
                0x001111f4       0xa4 /opt/devkitpro/libctru/lib/libctru.a(archive_dev.o)
 .text.archive_rmdir
                0x00111298       0xbc /opt/devkitpro/libctru/lib/libctru.a(archive_dev.o)
 .text.archive_mkdir
                0x00111354       0xdc /opt/devkitpro/libctru/lib/libctru.a(archive_dev.o)
 .text.archive_stat
                0x00111430      0x194 /opt/devkitpro/libctru/lib/libctru.a(archive_dev.o)
 .text.archive_dirnext
                0x001115c4      0x160 /opt/devkitpro/libctru/lib/libctru.a(archive_dev.o)
 .text.archive_write
                0x00111724      0x124 /opt/devkitpro/libctru/lib/libctru.a(archive_dev.o)
 .text.archive_open
                0x00111848      0x20c /opt/devkitpro/libctru/lib/libctru.a(archive_dev.o)
 .text.archive_rename
                0x00111a54      0x278 /opt/devkitpro/libctru/lib/libctru.a(archive_dev.o)
 .text.archiveMountSdmc
                0x00111ccc      0x19c /opt/devkitpro/libctru/lib/libctru.a(archive_dev.o)
                0x00111ccc                archiveMountSdmc
 .text.archiveUnmountAll
                0x00111e68       0x54 /opt/devkitpro/libctru/lib/libctru.a(archive_dev.o)
                0x00111e68                archiveUnmountAll
 .text.ceilf    0x00111ebc       0xc0 /opt/devkitpro/devkitARM/bin/../lib/gcc/arm-none-eabi/13.2.0/../../../../arm-none-eabi/lib/armv6k/fpu/libm.a(libm_a-sf_ceil.o)
                0x00111ebc                ceilf
 .text.__udivmoddi4
                0x00111f7c      0x120 /opt/devkitpro/devkitARM/bin/../lib/gcc/arm-none-eabi/13.2.0/armv6k/fpu/libgcc.a(_udivmoddi4.o)
                0x00111f7c                __udivmoddi4
 .text.strncmp  0x0011209c       0xe4 /opt/devkitpro/devkitARM/bin/../lib/gcc/arm-none-eabi/13.2.0/../../../../arm-none-eabi/lib/armv6k/fpu/libg.a(libc_a-strncmp.o)
                0x0011209c                strncmp
 .text.strchr   0x00112180      0x130 /opt/devkitpro/devkitARM/bin/../lib/gcc/arm-none-eabi/13.2.0/../../../../arm-none-eabi/lib/armv6k/fpu/libg.a(libc_a-strchr.o)
                0x00112180                strchr
 .text.strlen   0x001122b0       0x5c /opt/devkitpro/devkitARM/bin/../lib/gcc/arm-none-eabi/13.2.0/../../../../arm-none-eabi/lib/armv6k/fpu/libg.a(libc_a-strlen-stub.o)
                0x001122b0                strlen
 .text.sprintf  0x0011230c       0x68 /opt/devkitpro/devkitARM/bin/../lib/gcc/arm-none-eabi/13.2.0/../../../../arm-none-eabi/lib/armv6k/fpu/libg.a(libc_a-sprintf.o)
                0x0011230c                sprintf
 .text._strtoul_l.isra.0
                0x00112374      0x1d8 /opt/devkitpro/devkitARM/bin/../lib/gcc/arm-none-eabi/13.2.0/../../../../arm-none-eabi/lib/armv6k/fpu/libg.a(libc_a-strtoul.o)
 .text.strtoul  0x0011254c       0x34 /opt/devkitpro/devkitARM/bin/../lib/gcc/arm-none-eabi/13.2.0/../../../../arm-none-eabi/lib/armv6k/fpu/libg.a(libc_a-strtoul.o)
                0x0011254c                strtoul
 .text.strncat  0x00112580       0xe4 /opt/devkitpro/devkitARM/bin/../lib/gcc/arm-none-eabi/13.2.0/../../../../arm-none-eabi/lib/armv6k/fpu/libg.a(libc_a-strncat.o)
                0x00112580                strncat
 .text.bsearch  0x00112664       0x78 /opt/devkitpro/devkitARM/bin/../lib/gcc/arm-none-eabi/13.2.0/../../../../arm-none-eabi/lib/armv6k/fpu/libg.a(libc_a-bsearch.o)
                0x00112664                bsearch
 .text._fread_r
                0x001126dc      0x344 /opt/devkitpro/devkitARM/bin/../lib/gcc/arm-none-eabi/13.2.0/../../../../arm-none-eabi/lib/armv6k/fpu/libg.a(libc_a-fread.o)
                0x001126dc                _fread_r
 .text.fread    0x00112a20       0x38 /opt/devkitpro/devkitARM/bin/../lib/gcc/arm-none-eabi/13.2.0/../../../../arm-none-eabi/lib/armv6k/fpu/libg.a(libc_a-fread.o)
                0x00112a20                fread
 .text.calloc   0x00112a58       0x20 /opt/devkitpro/devkitARM/bin/../lib/gcc/arm-none-eabi/13.2.0/../../../../arm-none-eabi/lib/armv6k/fpu/libg.a(libc_a-calloc.o)
                0x00112a58                calloc
 .text.qsort    0x00112a78      0x974 /opt/devkitpro/devkitARM/bin/../lib/gcc/arm-none-eabi/13.2.0/../../../../arm-none-eabi/lib/armv6k/fpu/libg.a(libc_a-qsort.o)
                0x00112a78                qsort
 .text.lflush   0x001133ec       0x38 /opt/devkitpro/devkitARM/bin/../lib/gcc/arm-none-eabi/13.2.0/../../../../arm-none-eabi/lib/armv6k/fpu/libg.a(libc_a-refill.o)
 .text.__srefill_r
                0x00113424      0x19c /opt/devkitpro/devkitARM/bin/../lib/gcc/arm-none-eabi/13.2.0/../../../../arm-none-eabi/lib/armv6k/fpu/libg.a(libc_a-refill.o)
                0x00113424                __srefill_r
 .text._fclose_r
                0x001135c0      0x148 /opt/devkitpro/devkitARM/bin/../lib/gcc/arm-none-eabi/13.2.0/../../../../arm-none-eabi/lib/armv6k/fpu/libg.a(libc_a-fclose.o)
                0x001135c0                _fclose_r
 .text.fclose   0x00113708       0x18 /opt/devkitpro/devkitARM/bin/../lib/gcc/arm-none-eabi/13.2.0/../../../../arm-none-eabi/lib/armv6k/fpu/libg.a(libc_a-fclose.o)
                0x00113708                fclose
 .text._calloc_r
                0x00113720       0xc0 /opt/devkitpro/devkitARM/bin/../lib/gcc/arm-none-eabi/13.2.0/../../../../arm-none-eabi/lib/armv6k/fpu/libg.a(libc_a-callocr.o)
                0x00113720                _calloc_r
 .text.__smakebuf_r
                0x001137e0      0x12c /opt/devkitpro/devkitARM/bin/../lib/gcc/arm-none-eabi/13.2.0/../../../../arm-none-eabi/lib/armv6k/fpu/libg.a(libc_a-makebuf.o)
                0x001137e0                __smakebuf_r
 .text.__swhatbuf_r
                0x0011390c       0x8c /opt/devkitpro/devkitARM/bin/../lib/gcc/arm-none-eabi/13.2.0/../../../../arm-none-eabi/lib/armv6k/fpu/libg.a(libc_a-makebuf.o)
                0x0011390c                __swhatbuf_r
 .text.memalign
                0x00113998       0x20 /opt/devkitpro/devkitARM/bin/../lib/gcc/arm-none-eabi/13.2.0/../../../../arm-none-eabi/lib/armv6k/fpu/libg.a(libc_a-malign.o)
                0x00113998                memalign
 .text.stdio_exit_handler
                0x001139b8       0x1c /opt/devkitpro/devkitARM/bin/../lib/gcc/arm-none-eabi/13.2.0/../../../../arm-none-eabi/lib/armv6k/fpu/libg.a(libc_a-findfp.o)
 .text.cleanup_stdio
                0x001139d4       0x5c /opt/devkitpro/devkitARM/bin/../lib/gcc/arm-none-eabi/13.2.0/../../../../arm-none-eabi/lib/armv6k/fpu/libg.a(libc_a-findfp.o)
 .text.global_stdio_init.part.0
                0x00113a30      0x154 /opt/devkitpro/devkitARM/bin/../lib/gcc/arm-none-eabi/13.2.0/../../../../arm-none-eabi/lib/armv6k/fpu/libg.a(libc_a-findfp.o)
 .text.__sfp    0x00113b84      0x134 /opt/devkitpro/devkitARM/bin/../lib/gcc/arm-none-eabi/13.2.0/../../../../arm-none-eabi/lib/armv6k/fpu/libg.a(libc_a-findfp.o)
                0x00113b84                __sfp
 .text.__sinit  0x00113cb8       0x5c /opt/devkitpro/devkitARM/bin/../lib/gcc/arm-none-eabi/13.2.0/../../../../arm-none-eabi/lib/armv6k/fpu/libg.a(libc_a-findfp.o)
                0x00113cb8                __sinit
 .text.__sfp_lock_acquire
                0x00113d14        0xc /opt/devkitpro/devkitARM/bin/../lib/gcc/arm-none-eabi/13.2.0/../../../../arm-none-eabi/lib/armv6k/fpu/libg.a(libc_a-findfp.o)
                0x00113d14                __sfp_lock_acquire
 .text.__sfp_lock_release
                0x00113d20        0xc /opt/devkitpro/devkitARM/bin/../lib/gcc/arm-none-eabi/13.2.0/../../../../arm-none-eabi/lib/armv6k/fpu/libg.a(libc_a-findfp.o)
                0x00113d20                __sfp_lock_release
 .text._malloc_r
                0x00113d2c      0x79c /opt/devkitpro/devkitARM/bin/../lib/gcc/arm-none-eabi/13.2.0/../../../../arm-none-eabi/lib/armv6k/fpu/libg.a(libc_a-mallocr.o)
                0x00113d2c                _malloc_r
 .text._malloc_trim_r
                0x001144c8       0xf8 /opt/devkitpro/devkitARM/bin/../lib/gcc/arm-none-eabi/13.2.0/../../../../arm-none-eabi/lib/armv6k/fpu/libg.a(libc_a-freer.o)
                0x001144c8                _malloc_trim_r
 .text._free_r  0x001145c0      0x2e8 /opt/devkitpro/devkitARM/bin/../lib/gcc/arm-none-eabi/13.2.0/../../../../arm-none-eabi/lib/armv6k/fpu/libg.a(libc_a-freer.o)
                0x001145c0                _free_r
 .text.get_arg  0x001148a8      0x64c /opt/devkitpro/devkitARM/bin/../lib/gcc/arm-none-eabi/13.2.0/../../../../arm-none-eabi/lib/armv6k/fpu/libg.a(libc_a-svfprintf.o)
 *fill*         0x00114ef4        0x4 
 .text._svfprintf_r
                0x00114ef8     0x3324 /opt/devkitpro/devkitARM/bin/../lib/gcc/arm-none-eabi/13.2.0/../../../../arm-none-eabi/lib/armv6k/fpu/libg.a(libc_a-svfprintf.o)
                0x00114ef8                _svfprintf_r
 .text.setvbuf  0x0011821c      0x25c /opt/devkitpro/devkitARM/bin/../lib/gcc/arm-none-eabi/13.2.0/../../../../arm-none-eabi/lib/armv6k/fpu/libg.a(libc_a-setvbuf.o)
                0x0011821c                setvbuf
 .text.strnlen  0x00118478       0x48 /opt/devkitpro/devkitARM/bin/../lib/gcc/arm-none-eabi/13.2.0/../../../../arm-none-eabi/lib/armv6k/fpu/libg.a(libc_a-strnlen.o)
                0x00118478                strnlen
 .text.__errno  0x001184c0        0xc /opt/devkitpro/devkitARM/bin/../lib/gcc/arm-none-eabi/13.2.0/../../../../arm-none-eabi/lib/armv6k/fpu/libg.a(libc_a-errno.o)
                0x001184c0                __errno
 .text.malloc   0x001184cc       0x18 /opt/devkitpro/devkitARM/bin/../lib/gcc/arm-none-eabi/13.2.0/../../../../arm-none-eabi/lib/armv6k/fpu/libg.a(libc_a-malloc.o)
                0x001184cc                malloc
 .text.free     0x001184e4       0x18 /opt/devkitpro/devkitARM/bin/../lib/gcc/arm-none-eabi/13.2.0/../../../../arm-none-eabi/lib/armv6k/fpu/libg.a(libc_a-malloc.o)
                0x001184e4                free
 .text.memcpy   0x001184fc      0x11c /opt/devkitpro/devkitARM/bin/../lib/gcc/arm-none-eabi/13.2.0/../../../../arm-none-eabi/lib/armv6k/fpu/libg.a(libc_a-memcpy-stub.o)
                0x001184fc                memcpy
 .text._fopen_r
                0x00118618      0x12c /opt/devkitpro/devkitARM/bin/../lib/gcc/arm-none-eabi/13.2.0/../../../../arm-none-eabi/lib/armv6k/fpu/libg.a(libc_a-fopen.o)
                0x00118618                _fopen_r
 .text.fopen    0x00118744       0x20 /opt/devkitpro/devkitARM/bin/../lib/gcc/arm-none-eabi/13.2.0/../../../../arm-none-eabi/lib/armv6k/fpu/libg.a(libc_a-fopen.o)
                0x00118744                fopen
 .text.time     0x00118764       0x4c /opt/devkitpro/devkitARM/bin/../lib/gcc/arm-none-eabi/13.2.0/../../../../arm-none-eabi/lib/armv6k/fpu/libg.a(libc_a-time.o)
                0x00118764                time
 .text.gmtime   0x001187b0       0x20 /opt/devkitpro/devkitARM/bin/../lib/gcc/arm-none-eabi/13.2.0/../../../../arm-none-eabi/lib/armv6k/fpu/libg.a(libc_a-gmtime.o)
                0x001187b0                gmtime
 .text.memset   0x001187d0       0xf4 /opt/devkitpro/devkitARM/bin/../lib/gcc/arm-none-eabi/13.2.0/../../../../arm-none-eabi/lib/armv6k/fpu/libg.a(libc_a-memset.o)
                0x001187d0                memset
 .text._realloc_r
                0x001188c4      0x4a0 /opt/devkitpro/devkitARM/bin/../lib/gcc/arm-none-eabi/13.2.0/../../../../arm-none-eabi/lib/armv6k/fpu/libg.a(libc_a-reallocr.o)
                0x001188c4                _realloc_r
 .text._fwalk_sglue
                0x00118d64       0x70 /opt/devkitpro/devkitARM/bin/../lib/gcc/arm-none-eabi/13.2.0/../../../../arm-none-eabi/lib/armv6k/fpu/libg.a(libc_a-fwalk.o)
                0x00118d64                _fwalk_sglue
 .text.__malloc_lock
                0x00118dd4        0xc /opt/devkitpro/devkitARM/bin/../lib/gcc/arm-none-eabi/13.2.0/../../../../arm-none-eabi/lib/armv6k/fpu/libg.a(libc_a-mlock.o)
                0x00118dd4                __malloc_lock
 .text.__malloc_unlock
                0x00118de0        0xc /opt/devkitpro/devkitARM/bin/../lib/gcc/arm-none-eabi/13.2.0/../../../../arm-none-eabi/lib/armv6k/fpu/libg.a(libc_a-mlock.o)
                0x00118de0                __malloc_unlock
 .text.__call_exitprocs
                0x00118dec        0x4 /opt/devkitpro/devkitARM/bin/../lib/gcc/arm-none-eabi/13.2.0/../../../../arm-none-eabi/lib/armv6k/fpu/libg.a(libc_a-exit.o)
                0x00118dec                __call_exitprocs
 .text.exit     0x00118df0       0x30 /opt/devkitpro/devkitARM/bin/../lib/gcc/arm-none-eabi/13.2.0/../../../../arm-none-eabi/lib/armv6k/fpu/libg.a(libc_a-exit.o)
                0x00118df0                exit
 .text._fseek_r
                0x00118e20       0x1c /opt/devkitpro/devkitARM/bin/../lib/gcc/arm-none-eabi/13.2.0/../../../../arm-none-eabi/lib/armv6k/fpu/libg.a(libc_a-fseek.o)
                0x00118e20                _fseek_r
 .text.strncpy  0x00118e3c       0xc4 /opt/devkitpro/devkitARM/bin/../lib/gcc/arm-none-eabi/13.2.0/../../../../arm-none-eabi/lib/armv6k/fpu/libg.a(libc_a-strncpy.o)
                0x00118e3c                strncpy
 .text._wcsrtombs_r
                0x00118f00       0x28 /opt/devkitpro/devkitARM/bin/../lib/gcc/arm-none-eabi/13.2.0/../../../../arm-none-eabi/lib/armv6k/fpu/libg.a(libc_a-wcsrtombs.o)
                0x00118f00                _wcsrtombs_r
 .text.__sflags
                0x00118f28       0xb4 /opt/devkitpro/devkitARM/bin/../lib/gcc/arm-none-eabi/13.2.0/../../../../arm-none-eabi/lib/armv6k/fpu/libg.a(libc_a-flags.o)
                0x00118f28                __sflags
 .text.__libc_init_array
                0x00118fdc       0x84 /opt/devkitpro/devkitARM/bin/../lib/gcc/arm-none-eabi/13.2.0/../../../../arm-none-eabi/lib/armv6k/fpu/libg.a(libc_a-init.o)
                0x00118fdc                __libc_init_array
 .text.__sflush_r
                0x00119060      0x22c /opt/devkitpro/devkitARM/bin/../lib/gcc/arm-none-eabi/13.2.0/../../../../arm-none-eabi/lib/armv6k/fpu/libg.a(libc_a-fflush.o)
                0x00119060                __sflush_r
 .text._fflush_r
                0x0011928c       0x94 /opt/devkitpro/devkitARM/bin/../lib/gcc/arm-none-eabi/13.2.0/../../../../arm-none-eabi/lib/armv6k/fpu/libg.a(libc_a-fflush.o)
                0x0011928c                _fflush_r
 .text.frexp    0x00119320       0x88 /opt/devkitpro/devkitARM/bin/../lib/gcc/arm-none-eabi/13.2.0/../../../../arm-none-eabi/lib/armv6k/fpu/libg.a(libm_a-s_frexp.o)
                0x00119320                frexp
 .text.memmove  0x001193a8      0x150 /opt/devkitpro/devkitARM/bin/../lib/gcc/arm-none-eabi/13.2.0/../../../../arm-none-eabi/lib/armv6k/fpu/libg.a(libc_a-memmove.o)
                0x001193a8                memmove
 .text.__locale_mb_cur_max
                0x001194f8       0x24 /opt/devkitpro/devkitARM/bin/../lib/gcc/arm-none-eabi/13.2.0/../../../../arm-none-eabi/lib/armv6k/fpu/libg.a(libc_a-locale.o)
                0x001194f8                __locale_mb_cur_max
 .text.__ssprint_r
                0x0011951c       0xa4 /opt/devkitpro/devkitARM/bin/../lib/gcc/arm-none-eabi/13.2.0/../../../../arm-none-eabi/lib/armv6k/fpu/libg.a(libc_a-ssprint_r.o)
                0x0011951c                __ssprint_r
 .text.gmtime_r
                0x001195c0      0x268 /opt/devkitpro/devkitARM/bin/../lib/gcc/arm-none-eabi/13.2.0/../../../../arm-none-eabi/lib/armv6k/fpu/libg.a(libc_a-gmtime_r.o)
                0x001195c0                gmtime_r
 .text._memalign_r
                0x00119828      0x14c /opt/devkitpro/devkitARM/bin/../lib/gcc/arm-none-eabi/13.2.0/../../../../arm-none-eabi/lib/armv6k/fpu/libg.a(libc_a-malignr.o)
                0x00119828                _memalign_r
 .text.memchr   0x00119974       0xe0 /opt/devkitpro/devkitARM/bin/../lib/gcc/arm-none-eabi/13.2.0/../../../../arm-none-eabi/lib/armv6k/fpu/libg.a(libc_a-memchr-stub.o)
                0x00119974                memchr
 .text._wcsnrtombs_l
                0x00119a54      0x188 /opt/devkitpro/devkitARM/bin/../lib/gcc/arm-none-eabi/13.2.0/../../../../arm-none-eabi/lib/armv6k/fpu/libg.a(libc_a-wcsnrtombs.o)
                0x00119a54                _wcsnrtombs_l
 .text._wcsnrtombs_r
                0x00119bdc       0x64 /opt/devkitpro/devkitARM/bin/../lib/gcc/arm-none-eabi/13.2.0/../../../../arm-none-eabi/lib/armv6k/fpu/libg.a(libc_a-wcsnrtombs.o)
                0x00119bdc                _wcsnrtombs_r
 .text.__utf8_mbtowc
                0x00119c40      0x2f8 /opt/devkitpro/devkitARM/bin/../lib/gcc/arm-none-eabi/13.2.0/../../../../arm-none-eabi/lib/armv6k/fpu/libg.a(libc_a-mbtowc_r.o)
                0x00119c40                __utf8_mbtowc
 .text.__libc_fini_array
                0x00119f38       0x3c /opt/devkitpro/devkitARM/bin/../lib/gcc/arm-none-eabi/13.2.0/../../../../arm-none-eabi/lib/armv6k/fpu/libg.a(libc_a-fini.o)
                0x00119f38                __libc_fini_array
 .text._fseeko_r
                0x00119f74      0x590 /opt/devkitpro/devkitARM/bin/../lib/gcc/arm-none-eabi/13.2.0/../../../../arm-none-eabi/lib/armv6k/fpu/libg.a(libc_a-fseeko.o)
                0x00119f74                _fseeko_r
 .text.__sread  0x0011a504       0x44 /opt/devkitpro/devkitARM/bin/../lib/gcc/arm-none-eabi/13.2.0/../../../../arm-none-eabi/lib/armv6k/fpu/libg.a(libc_a-stdio.o)
                0x0011a504                __sread
 .text.__swrite
                0x0011a548       0x68 /opt/devkitpro/devkitARM/bin/../lib/gcc/arm-none-eabi/13.2.0/../../../../arm-none-eabi/lib/armv6k/fpu/libg.a(libc_a-stdio.o)
                0x0011a548                __swrite
 .text.__sseek  0x0011a5b0       0x44 /opt/devkitpro/devkitARM/bin/../lib/gcc/arm-none-eabi/13.2.0/../../../../arm-none-eabi/lib/armv6k/fpu/libg.a(libc_a-stdio.o)
                0x0011a5b0                __sseek
 .text.__sclose
                0x0011a5f4        0x8 /opt/devkitpro/devkitARM/bin/../lib/gcc/arm-none-eabi/13.2.0/../../../../arm-none-eabi/lib/armv6k/fpu/libg.a(libc_a-stdio.o)
                0x0011a5f4                __sclose
 .text._localeconv_r
                0x0011a5fc       0x24 /opt/devkitpro/devkitARM/bin/../lib/gcc/arm-none-eabi/13.2.0/../../../../arm-none-eabi/lib/armv6k/fpu/libg.a(libc_a-localeconv.o)
                0x0011a5fc                _localeconv_r
 .text.quorem   0x0011a620      0x1b4 /opt/devkitpro/devkitARM/bin/../lib/gcc/arm-none-eabi/13.2.0/../../../../arm-none-eabi/lib/armv6k/fpu/libg.a(libc_a-dtoa.o)
 *fill*         0x0011a7d4        0x4 
 .text._dtoa_r  0x0011a7d8     0x1218 /opt/devkitpro/devkitARM/bin/../lib/gcc/arm-none-eabi/13.2.0/../../../../arm-none-eabi/lib/armv6k/fpu/libg.a(libc_a-dtoa.o)
                0x0011a7d8                _dtoa_r
 .text._wcrtomb_r
                0x0011b9f0       0xa0 /opt/devkitpro/devkitARM/bin/../lib/gcc/arm-none-eabi/13.2.0/../../../../arm-none-eabi/lib/armv6k/fpu/libg.a(libc_a-wcrtomb.o)
                0x0011b9f0                _wcrtomb_r
 .text.__ssputs_r
                0x0011ba90      0x128 /opt/devkitpro/devkitARM/bin/../lib/gcc/arm-none-eabi/13.2.0/../../../../arm-none-eabi/lib/armv6k/fpu/libg.a(libc_a-ssputs_r.o)
                0x0011ba90                __ssputs_r
 .text.__utf8_wctomb
                0x0011bbb8       0xf0 /opt/devkitpro/devkitARM/bin/../lib/gcc/arm-none-eabi/13.2.0/../../../../arm-none-eabi/lib/armv6k/fpu/libg.a(libc_a-wctomb_r.o)
                0x0011bbb8                __utf8_wctomb
 .text.__assert_func
                0x0011bca8       0x5c /opt/devkitpro/devkitARM/bin/../lib/gcc/arm-none-eabi/13.2.0/../../../../arm-none-eabi/lib/armv6k/fpu/libg.a(libc_a-assert.o)
                0x0011bca8                __assert_func
 .text._Balloc  0x0011bd04       0x88 /opt/devkitpro/devkitARM/bin/../lib/gcc/arm-none-eabi/13.2.0/../../../../arm-none-eabi/lib/armv6k/fpu/libg.a(libc_a-mprec.o)
                0x0011bd04                _Balloc
 .text._Bfree   0x0011bd8c       0x1c /opt/devkitpro/devkitARM/bin/../lib/gcc/arm-none-eabi/13.2.0/../../../../arm-none-eabi/lib/armv6k/fpu/libg.a(libc_a-mprec.o)
                0x0011bd8c                _Bfree
 .text.__multadd
                0x0011bda8       0xf4 /opt/devkitpro/devkitARM/bin/../lib/gcc/arm-none-eabi/13.2.0/../../../../arm-none-eabi/lib/armv6k/fpu/libg.a(libc_a-mprec.o)
                0x0011bda8                __multadd
 .text.__hi0bits
                0x0011be9c       0x60 /opt/devkitpro/devkitARM/bin/../lib/gcc/arm-none-eabi/13.2.0/../../../../arm-none-eabi/lib/armv6k/fpu/libg.a(libc_a-mprec.o)
                0x0011be9c                __hi0bits
 .text.__lo0bits
                0x0011befc       0x9c /opt/devkitpro/devkitARM/bin/../lib/gcc/arm-none-eabi/13.2.0/../../../../arm-none-eabi/lib/armv6k/fpu/libg.a(libc_a-mprec.o)
                0x0011befc                __lo0bits
 .text.__i2b    0x0011bf98       0xa4 /opt/devkitpro/devkitARM/bin/../lib/gcc/arm-none-eabi/13.2.0/../../../../arm-none-eabi/lib/armv6k/fpu/libg.a(libc_a-mprec.o)
                0x0011bf98                __i2b
 .text.__multiply
                0x0011c03c      0x204 /opt/devkitpro/devkitARM/bin/../lib/gcc/arm-none-eabi/13.2.0/../../../../arm-none-eabi/lib/armv6k/fpu/libg.a(libc_a-mprec.o)
                0x0011c03c                __multiply
 .text.__pow5mult
                0x0011c240      0x128 /opt/devkitpro/devkitARM/bin/../lib/gcc/arm-none-eabi/13.2.0/../../../../arm-none-eabi/lib/armv6k/fpu/libg.a(libc_a-mprec.o)
                0x0011c240                __pow5mult
 .text.__lshift
                0x0011c368      0x140 /opt/devkitpro/devkitARM/bin/../lib/gcc/arm-none-eabi/13.2.0/../../../../arm-none-eabi/lib/armv6k/fpu/libg.a(libc_a-mprec.o)
                0x0011c368                __lshift
 .text.__mcmp   0x0011c4a8       0x58 /opt/devkitpro/devkitARM/bin/../lib/gcc/arm-none-eabi/13.2.0/../../../../arm-none-eabi/lib/armv6k/fpu/libg.a(libc_a-mprec.o)
                0x0011c4a8                __mcmp
 .text.__mdiff  0x0011c500      0x1fc /opt/devkitpro/devkitARM/bin/../lib/gcc/arm-none-eabi/13.2.0/../../../../arm-none-eabi/lib/armv6k/fpu/libg.a(libc_a-mprec.o)
                0x0011c500                __mdiff
 .text.__d2b    0x0011c6fc      0x124 /opt/devkitpro/devkitARM/bin/../lib/gcc/arm-none-eabi/13.2.0/../../../../arm-none-eabi/lib/armv6k/fpu/libg.a(libc_a-mprec.o)
                0x0011c6fc                __d2b
 .text.fiprintf
                0x0011c820       0x3c /opt/devkitpro/devkitARM/bin/../lib/gcc/arm-none-eabi/13.2.0/../../../../arm-none-eabi/lib/armv6k/fpu/libg.a(libc_a-fiprintf.o)
                0x0011c820                fiprintf
 .text.abort    0x0011c85c       0x14 /opt/devkitpro/devkitARM/bin/../lib/gcc/arm-none-eabi/13.2.0/../../../../arm-none-eabi/lib/armv6k/fpu/libg.a(libc_a-abort.o)
                0x0011c85c                abort
 .text._raise_r
                0x0011c870       0x90 /opt/devkitpro/devkitARM/bin/../lib/gcc/arm-none-eabi/13.2.0/../../../../arm-none-eabi/lib/armv6k/fpu/libg.a(libc_a-signal.o)
                0x0011c870                _raise_r
 .text.raise    0x0011c900       0x18 /opt/devkitpro/devkitARM/bin/../lib/gcc/arm-none-eabi/13.2.0/../../../../arm-none-eabi/lib/armv6k/fpu/libg.a(libc_a-signal.o)
                0x0011c900                raise
 .text.get_arg  0x0011c918      0x64c /opt/devkitpro/devkitARM/bin/../lib/gcc/arm-none-eabi/13.2.0/../../../../arm-none-eabi/lib/armv6k/fpu/libg.a(libc_a-vfiprintf.o)
 .text._vfiprintf_r
                0x0011cf64     0x2300 /opt/devkitpro/devkitARM/bin/../lib/gcc/arm-none-eabi/13.2.0/../../../../arm-none-eabi/lib/armv6k/fpu/libg.a(libc_a-vfiprintf.o)
                0x0011cf64                _vfiprintf_r
 .text.__sbprintf
                0x0011f264       0xb8 /opt/devkitpro/devkitARM/bin/../lib/gcc/arm-none-eabi/13.2.0/../../../../arm-none-eabi/lib/armv6k/fpu/libg.a(libc_a-vfiprintf.o)
 .text.__sprint_r
                0x0011f31c       0x30 /opt/devkitpro/devkitARM/bin/../lib/gcc/arm-none-eabi/13.2.0/../../../../arm-none-eabi/lib/armv6k/fpu/libg.a(libc_a-sprint_r.o)
                0x0011f31c                __sprint_r
 .text.__swsetup_r
                0x0011f34c      0x138 /opt/devkitpro/devkitARM/bin/../lib/gcc/arm-none-eabi/13.2.0/../../../../arm-none-eabi/lib/armv6k/fpu/libg.a(libc_a-wsetup.o)
                0x0011f34c                __swsetup_r
 .text.__sfvwrite_r
                0x0011f484      0x4b4 /opt/devkitpro/devkitARM/bin/../lib/gcc/arm-none-eabi/13.2.0/../../../../arm-none-eabi/lib/armv6k/fpu/libg.a(libc_a-fvwrite.o)
                0x0011f484                __sfvwrite_r
 .text._exit    0x0011f938       0x20 /opt/devkitpro/devkitARM/bin/../lib/gcc/arm-none-eabi/13.2.0/../../../../arm-none-eabi/lib/armv6k/fpu/libsysbase.a(libsysbase_libsysbase_a-_exit.o)
                0x0011f938                _exit
 .text.chdir    0x0011f958      0x13c /opt/devkitpro/devkitARM/bin/../lib/gcc/arm-none-eabi/13.2.0/../../../../arm-none-eabi/lib/armv6k/fpu/libsysbase.a(libsysbase_libsysbase_a-chdir.o)
                0x0011f958                chdir
 .text._concatenate_path
                0x0011fa94      0x1cc /opt/devkitpro/devkitARM/bin/../lib/gcc/arm-none-eabi/13.2.0/../../../../arm-none-eabi/lib/armv6k/fpu/libsysbase.a(libsysbase_libsysbase_a-concatenate.o)
                0x0011fa94                _concatenate_path
 .text._fstat_r
                0x0011fc60       0x78 /opt/devkitpro/devkitARM/bin/../lib/gcc/arm-none-eabi/13.2.0/../../../../arm-none-eabi/lib/armv6k/fpu/libsysbase.a(libsysbase_libsysbase_a-fstat.o)
                0x0011fc60                _fstat_r
 .text._getpid_r
                0x0011fcd8       0x14 /opt/devkitpro/devkitARM/bin/../lib/gcc/arm-none-eabi/13.2.0/../../../../arm-none-eabi/lib/armv6k/fpu/libsysbase.a(libsysbase_libsysbase_a-getpid.o)
                0x0011fcd8                _getpid_r
 .text.__getreent
                0x0011fcec       0x2c /opt/devkitpro/devkitARM/bin/../lib/gcc/arm-none-eabi/13.2.0/../../../../arm-none-eabi/lib/armv6k/fpu/libsysbase.a(libsysbase_libsysbase_a-getreent.o)
                0x0011fcec                __getreent
 .text._gettimeofday_r
                0x0011fd18       0x30 /opt/devkitpro/devkitARM/bin/../lib/gcc/arm-none-eabi/13.2.0/../../../../arm-none-eabi/lib/armv6k/fpu/libsysbase.a(libsysbase_libsysbase_a-gettod.o)
                0x0011fd18                _gettimeofday_r
 .text.__release_handle
                0x0011fd48       0x8c /opt/devkitpro/devkitARM/bin/../lib/gcc/arm-none-eabi/13.2.0/../../../../arm-none-eabi/lib/armv6k/fpu/libsysbase.a(libsysbase_libsysbase_a-handle_manager.o)
                0x0011fd48                __release_handle
 .text.__alloc_handle
                0x0011fdd4       0xb0 /opt/devkitpro/devkitARM/bin/../lib/gcc/arm-none-eabi/13.2.0/../../../../arm-none-eabi/lib/armv6k/fpu/libsysbase.a(libsysbase_libsysbase_a-handle_manager.o)
                0x0011fdd4                __alloc_handle
 .text.__get_handle
                0x0011fe84       0x3c /opt/devkitpro/devkitARM/bin/../lib/gcc/arm-none-eabi/13.2.0/../../../../arm-none-eabi/lib/armv6k/fpu/libsysbase.a(libsysbase_libsysbase_a-handle_manager.o)
                0x0011fe84                __get_handle
 .text._close_r
                0x0011fec0       0xf4 /opt/devkitpro/devkitARM/bin/../lib/gcc/arm-none-eabi/13.2.0/../../../../arm-none-eabi/lib/armv6k/fpu/libsysbase.a(libsysbase_libsysbase_a-handle_manager.o)
                0x0011fec0                _close_r
 .text.null_write
                0x0011ffb4        0x8 /opt/devkitpro/devkitARM/bin/../lib/gcc/arm-none-eabi/13.2.0/../../../../arm-none-eabi/lib/armv6k/fpu/libsysbase.a(libsysbase_libsysbase_a-iosupport.o)
 .text.setDefaultDevice
                0x0011ffbc       0x18 /opt/devkitpro/devkitARM/bin/../lib/gcc/arm-none-eabi/13.2.0/../../../../arm-none-eabi/lib/armv6k/fpu/libsysbase.a(libsysbase_libsysbase_a-iosupport.o)
                0x0011ffbc                setDefaultDevice
 .text.FindDevice
                0x0011ffd4       0xc8 /opt/devkitpro/devkitARM/bin/../lib/gcc/arm-none-eabi/13.2.0/../../../../arm-none-eabi/lib/armv6k/fpu/libsysbase.a(libsysbase_libsysbase_a-iosupport.o)
                0x0011ffd4                FindDevice
 .text.RemoveDevice
                0x0012009c       0x28 /opt/devkitpro/devkitARM/bin/../lib/gcc/arm-none-eabi/13.2.0/../../../../arm-none-eabi/lib/armv6k/fpu/libsysbase.a(libsysbase_libsysbase_a-iosupport.o)
                0x0012009c                RemoveDevice
 .text.AddDevice
                0x001200c4       0x9c /opt/devkitpro/devkitARM/bin/../lib/gcc/arm-none-eabi/13.2.0/../../../../arm-none-eabi/lib/armv6k/fpu/libsysbase.a(libsysbase_libsysbase_a-iosupport.o)
                0x001200c4                AddDevice
 .text.GetDeviceOpTab
                0x00120160       0x20 /opt/devkitpro/devkitARM/bin/../lib/gcc/arm-none-eabi/13.2.0/../../../../arm-none-eabi/lib/armv6k/fpu/libsysbase.a(libsysbase_libsysbase_a-iosupport.o)
                0x00120160                GetDeviceOpTab
 .text._isatty_r
                0x00120180        0x8 /opt/devkitpro/devkitARM/bin/../lib/gcc/arm-none-eabi/13.2.0/../../../../arm-none-eabi/lib/armv6k/fpu/libsysbase.a(libsysbase_libsysbase_a-isatty.o)
                0x00120180                _isatty_r
 .text._kill_r  0x00120188       0x14 /opt/devkitpro/devkitARM/bin/../lib/gcc/arm-none-eabi/13.2.0/../../../../arm-none-eabi/lib/armv6k/fpu/libsysbase.a(libsysbase_libsysbase_a-kill.o)
                0x00120188                _kill_r
 .text._lseek_r
                0x0012019c       0x84 /opt/devkitpro/devkitARM/bin/../lib/gcc/arm-none-eabi/13.2.0/../../../../arm-none-eabi/lib/armv6k/fpu/libsysbase.a(libsysbase_libsysbase_a-lseek.o)
                0x0012019c                _lseek_r
 .text._open_r  0x00120220       0xbc /opt/devkitpro/devkitARM/bin/../lib/gcc/arm-none-eabi/13.2.0/../../../../arm-none-eabi/lib/armv6k/fpu/libsysbase.a(libsysbase_libsysbase_a-open.o)
                0x00120220                _open_r
 .text._read_r  0x001202dc       0x80 /opt/devkitpro/devkitARM/bin/../lib/gcc/arm-none-eabi/13.2.0/../../../../arm-none-eabi/lib/armv6k/fpu/libsysbase.a(libsysbase_libsysbase_a-read.o)
                0x001202dc                _read_r
 .text._sbrk_r  0x0012035c       0x78 /opt/devkitpro/devkitARM/bin/../lib/gcc/arm-none-eabi/13.2.0/../../../../arm-none-eabi/lib/armv6k/fpu/libsysbase.a(libsysbase_libsysbase_a-sbrk.o)
                0x0012035c                _sbrk_r
 .text.__libc_lock_acquire
                0x001203d4       0x1c /opt/devkitpro/devkitARM/bin/../lib/gcc/arm-none-eabi/13.2.0/../../../../arm-none-eabi/lib/armv6k/fpu/libsysbase.a(libsysbase_libsysbase_a-syscall_support.o)
                0x001203d4                __libc_lock_acquire
 .text.__libc_lock_release
                0x001203f0       0x1c /opt/devkitpro/devkitARM/bin/../lib/gcc/arm-none-eabi/13.2.0/../../../../arm-none-eabi/lib/armv6k/fpu/libsysbase.a(libsysbase_libsysbase_a-syscall_support.o)
                0x001203f0                __libc_lock_release
 .text.__libc_lock_acquire_recursive
                0x0012040c       0x1c /opt/devkitpro/devkitARM/bin/../lib/gcc/arm-none-eabi/13.2.0/../../../../arm-none-eabi/lib/armv6k/fpu/libsysbase.a(libsysbase_libsysbase_a-syscall_support.o)
                0x0012040c                __libc_lock_acquire_recursive
 .text.__libc_lock_release_recursive
                0x00120428       0x1c /opt/devkitpro/devkitARM/bin/../lib/gcc/arm-none-eabi/13.2.0/../../../../arm-none-eabi/lib/armv6k/fpu/libsysbase.a(libsysbase_libsysbase_a-syscall_support.o)
                0x00120428                __libc_lock_release_recursive
 .text._write_r
                0x00120444       0x80 /opt/devkitpro/devkitARM/bin/../lib/gcc/arm-none-eabi/13.2.0/../../../../arm-none-eabi/lib/armv6k/fpu/libsysbase.a(libsysbase_libsysbase_a-write.o)
                0x00120444                _write_r
 .text.strrchr  0x001204c4       0x48 /opt/devkitpro/devkitARM/bin/../lib/gcc/arm-none-eabi/13.2.0/../../../../arm-none-eabi/lib/armv6k/fpu/libg.a(libc_a-strrchr.o)
                0x001204c4                strrchr
 *(.glue_7)
 .glue_7        0x0012050c        0x0 linker stubs
 *(.glue_7t)
 .glue_7t       0x0012050c        0x0 linker stubs
 *(.stub)
 *(.gnu.warning)
 *(.gnu.linkonce.t*)
                0x0012050c                        . = ALIGN (0x4)
 *(.fini)
 .fini          0x0012050c        0xc /opt/devkitpro/devkitARM/bin/../lib/gcc/arm-none-eabi/13.2.0/armv6k/fpu/crti.o
                0x0012050c                _fini
 .fini          0x00120518        0xc /opt/devkitpro/devkitARM/bin/../lib/gcc/arm-none-eabi/13.2.0/armv6k/fpu/crtn.o
                0x00120524                        . = ALIGN (0x4)

.vfp11_veneer   0x00120524        0x0
 .vfp11_veneer  0x00120524        0x0 linker stubs

.v4_bx          0x00120524        0x0
 .v4_bx         0x00120524        0x0 linker stubs

.iplt           0x00120524        0x0
 .iplt          0x00120524        0x0 /opt/devkitpro/devkitARM/bin/../lib/gcc/arm-none-eabi/13.2.0/../../../../arm-none-eabi/lib/armv6k/fpu/3dsx_crt0.o
                0x00121000                        . = ALIGN (0x1000)

.rodata         0x00121000      0x994
 *(.rodata)
 .rodata        0x00121000        0xc /opt/devkitpro/libctru/lib/libctru.a(archive_dev.o)
 *(.roda)
 *(.rodata.*)
 .rodata.str1.4
                0x0012100c      0x1ff ui.o
                                 0x16 (size before relaxing)
 .rodata.str1.4
                0x0012120b        0xf TimeString.o
 .rodata.C2D_Init.str1.4
                0x0012120b       0x10 /opt/devkitpro/libctru/lib/libcitro2d.a(base.o)
 .rodata.C2D_SpriteSheetLoad.str1.4
                0x0012120b        0x3 /opt/devkitpro/libctru/lib/libcitro2d.a(spritesheet.o)
 *fill*         0x0012120b        0x1 
 .rodata.render2d_shbin
                0x0012120c      0x190 /opt/devkitpro/libctru/lib/libcitro2d.a(render2d.shbin.o)
                0x0012120c                render2d_shbin
                0x00121398                render2d_shbin_size
                0x00121398                render2d_shbin_end
 .rodata.depthFmtSizes
                0x0012139c        0x4 /opt/devkitpro/libctru/lib/libcitro3d.a(framebuffer.o)
 .rodata.colorFmtSizes
                0x001213a0        0x5 /opt/devkitpro/libctru/lib/libcitro3d.a(framebuffer.o)
 *fill*         0x001213a5        0x3 
 .rodata.CSWTCH.11
                0x001213a8       0x10 /opt/devkitpro/libctru/lib/libcitro3d.a(proctex.o)