Archive member included to satisfy reference by file (symbol)

/opt/devkitpro/libctru/lib/libcitro2d.a(base.o)
                              ui.o (C2D_Init)
/opt/devkitpro/libctru/lib/libcitro2d.a(text.o)
                              ui.o (C2D_TextBufNew)
/opt/devkitpro/libctru/lib/libcitro2d.a(spritesheet.o)
                              ui.o (C2D_SpriteSheetLoad)
/opt/devkitpro/libctru/lib/libcitro2d.a(font.o)
                              /opt/devkitpro/libctru/lib/libcitro2d.a(text.o) (C2D_FontGlyphIndexFromCodePoint)
/opt/devkitpro/libctru/lib/libcitro2d.a(render2d.shbin.o)
                              /opt/devkitpro/libctru/lib/libcitro2d.a(base.o) (render2d_shbin)
/opt/devkitpro/libctru/lib/libcitro3d.a(attribs.o)
                              /opt/devkitpro/libctru/lib/libcitro2d.a(base.o) (AttrInfo_Init)
/opt/devkitpro/libctru/lib/libcitro3d.a(base.o)
                              /opt/devkitpro/libctru/lib/libcitro3d.a(attribs.o) (__C3D_Context)
/opt/devkitpro/libctru/lib/libcitro3d.a(buffers.o)
                              /opt/devkitpro/libctru/lib/libcitro2d.a(base.o) (BufInfo_Init)
/opt/devkitpro/libctru/lib/libcitro3d.a(drawElements.o)
                              /opt/devkitpro/libctru/lib/libcitro2d.a(base.o) (C3D_DrawElements)
/opt/devkitpro/libctru/lib/libcitro3d.a(effect.o)
                              /opt/devkitpro/libctru/lib/libcitro3d.a(base.o) (C3D_DepthMap)
/opt/devkitpro/libctru/lib/libcitro3d.a(framebuffer.o)
                              /opt/devkitpro/libctru/lib/libcitro3d.a(base.o) (C3Di_FrameBufBind)
/opt/devkitpro/libctru/lib/libcitro3d.a(immediate.o)
                              /opt/devkitpro/libctru/lib/libcitro3d.a(base.o) (C3D_ImmSendAttrib)
/opt/devkitpro/libctru/lib/libcitro3d.a(proctex.o)
                              /opt/devkitpro/libctru/lib/libcitro2d.a(base.o) (C3D_ProcTexInit)
/opt/devkitpro/libctru/lib/libcitro3d.a(renderqueue.o)
                              /opt/devkitpro/libctru/lib/libcitro3d.a(base.o) (C3Di_RenderQueueEnableVBlank)
/opt/devkitpro/libctru/lib/libcitro3d.a(tex3ds.o)
                              /opt/devkitpro/libctru/lib/libcitro2d.a(spritesheet.o) (Tex3DS_TextureImport)
/opt/devkitpro/libctru/lib/libcitro3d.a(texenv.o)
                              /opt/devkitpro/libctru/lib/libcitro2d.a(base.o) (C3D_GetTexEnv)
/opt/devkitpro/libctru/lib/libcitro3d.a(texture.o)
                              /opt/devkitpro/libctru/lib/libcitro3d.a(tex3ds.o) (C3D_TexInitWithParams)
/opt/devkitpro/libctru/lib/libcitro3d.a(uniforms.o)
                              /opt/devkitpro/libctru/lib/libcitro3d.a(base.o) (C3D_UpdateUniforms)
/opt/devkitpro/libctru/lib/libcitro3d.a(mtx_multiply.o)
                              /opt/devkitpro/libctru/lib/libcitro2d.a(base.o) (Mtx_Multiply)
/opt/devkitpro/libctru/lib/libcitro3d.a(mtx_ortho.o)
                              /opt/devkitpro/libctru/lib/libcitro2d.a(base.o) (Mtx_Ortho)
/opt/devkitpro/libctru/lib/libcitro3d.a(mtx_orthotilt.o)
                              /opt/devkitpro/libctru/lib/libcitro2d.a(base.o) (Mtx_OrthoTilt)
/opt/devkitpro/libctru/lib/libcitro3d.a(mtx_rotatez.o)
                              /opt/devkitpro/libctru/lib/libcitro2d.a(base.o) (Mtx_RotateZ)
/opt/devkitpro/libctru/lib/libcitro3d.a(mtx_scale.o)
                              /opt/devkitpro/libctru/lib/libcitro2d.a(base.o) (Mtx_Scale)
/opt/devkitpro/libctru/lib/libcitro3d.a(mtx_translate.o)
                              /opt/devkitpro/libctru/lib/libcitro2d.a(base.o) (Mtx_Translate)
/opt/devkitpro/libctru/lib/libctru.a(linear.o)
                              /opt/devkitpro/libctru/lib/libcitro2d.a(base.o) (linearAlloc)
/opt/devkitpro/libctru/lib/libctru.a(mem_pool.o)
                              /opt/devkitpro/libctru/lib/libctru.a(linear.o) (MemPool::Allocate(MemChunk&, unsigned long, int))
/opt/devkitpro/libctru/lib/libctru.a(vram.o)
                              /opt/devkitpro/libctru/lib/libcitro3d.a(renderqueue.o) (vramAlloc)
/opt/devkitpro/libctru/lib/libctru.a(font.o)
                              /opt/devkitpro/libctru/lib/libcitro2d.a(text.o) (fontEnsureMapped)
/opt/devkitpro/libctru/lib/libctru.a(gfx.o)
                              /opt/devkitpro/libctru/lib/libcitro2d.a(base.o) (gfxIsWide)
/opt/devkitpro/libctru/lib/libctru.a(os.o)
                              /opt/devkitpro/libctru/lib/libcitro3d.a(buffers.o) (osConvertVirtToPhys)
/opt/devkitpro/libctru/lib/libctru.a(romfs_dev.o)
                              /opt/devkitpro/libctru/lib/libcitro2d.a(font.o) (romfsMountFromTitle)
/opt/devkitpro/libctru/lib/libctru.a(gpu.o)
                              /opt/devkitpro/libctru/lib/libcitro3d.a(base.o) (gpuCmdBufOffset)
/opt/devkitpro/libctru/lib/libctru.a(gx.o)
                              /opt/devkitpro/libctru/lib/libcitro3d.a(renderqueue.o) (GX_BindQueue)
/opt/devkitpro/libctru/lib/libctru.a(gxqueue.o)
                              /opt/devkitpro/libctru/lib/libcitro3d.a(renderqueue.o) (gxCmdQueueClear)
[...]
Memory Configuration

Name             Origin             Length             Attributes
*default*        0x00000000         0xffffffff

Linker script and memory map

                0x00100000                        PROVIDE (__start__ = 0x100000)
                0x00100000                        . = __start__

.text           0x00100000    0x21314
 *(.crt0)
 .crt0          0x00100000       0x94 /opt/devkitpro/devkitARM/bin/../lib/gcc/arm-none-eabi/13.2.0/../../../../arm-none-eabi/lib/armv6k/fpu/3dsx_crt0.o
                0x00100000                _start
                0x00100008                __service_ptr
                0x0010000c                __apt_appid
                0x00100010                __heap_size
                0x00100014                __linear_heap_size
                0x00100018                __system_arglist
                0x0010001c                __system_runflags
 *(.init)
 .init          0x00100094        0xc /opt/devkitpro/devkitARM/bin/../lib/gcc/arm-none-eabi/13.2.0/armv6k/fpu/crti.o
                0x00100094                _init
 .init          0x001000a0        0xc /opt/devkitpro/devkitARM/bin/../lib/gcc/arm-none-eabi/13.2.0/armv6k/fpu/crtn.o
                0x001000ac                        . = ALIGN (0x4)
 *(.text)
 .text          0x001000ac      0x20c /opt/devkitpro/devkitARM/bin/../lib/gcc/arm-none-eabi/13.2.0/armv6k/fpu/libgcc.a(_udivsi3.o)
                0x001000ac                __udivsi3
                0x001000ac                __aeabi_uidiv
                0x00100298                __aeabi_uidivmod
 .text          0x001002b8      0x240 /opt/devkitpro/devkitARM/bin/../lib/gcc/arm-none-eabi/13.2.0/armv6k/fpu/libgcc.a(_divsi3.o)
                0x001002b8                __aeabi_idiv
                0x001002b8                __divsi3
                0x001004d8                __aeabi_idivmod
 .text          0x001004f8        0x4 /opt/devkitpro/devkitARM/bin/../lib/gcc/arm-none-eabi/13.2.0/armv6k/fpu/libgcc.a(_dvmd_tls.o)
                0x001004f8                __aeabi_ldiv0
                0x001004f8                __aeabi_idiv0
 .text          0x001004fc      0x3c0 /opt/devkitpro/devkitARM/bin/../lib/gcc/arm-none-eabi/13.2.0/armv6k/fpu/libgcc.a(_arm_addsubdf3.o)
                0x001004fc                __aeabi_drsub
                0x00100504                __aeabi_dsub
                0x00100504                __subdf3
                0x00100508                __adddf3
                0x00100508                __aeabi_dadd
                0x001007b4                __aeabi_ui2d
                0x001007b4                __floatunsidf
                0x001007d8                __floatsidf
                0x001007d8                __aeabi_i2d
                0x00100800                __extendsfdf2
                0x00100800                __aeabi_f2d
                0x00100848                __aeabi_ul2d
                0x00100848                __floatundidf
                0x0010085c                __floatdidf
                0x0010085c                __aeabi_l2d
 .text          0x001008bc       0xd4 /opt/devkitpro/devkitARM/bin/../lib/gcc/arm-none-eabi/13.2.0/armv6k/fpu/libgcc.a(_aeabi_ldivmod.o)
                0x001008bc                __aeabi_ldivmod
 .text          0x00100990       0x3c /opt/devkitpro/devkitARM/bin/../lib/gcc/arm-none-eabi/13.2.0/armv6k/fpu/libgcc.a(_aeabi_uldivmod.o)
                0x00100990                __aeabi_uldivmod
 *fill*         0x001009cc       0x14 
 .text          0x001009e0      0x390 /opt/devkitpro/devkitARM/bin/../lib/gcc/arm-none-eabi/13.2.0/../../../../arm-none-eabi/lib/armv6k/fpu/libg.a(libc_a-strcmp.o)
                0x001009e8                strcmp
 *(.text.*)
 .text.__do_global_dtors_aux
                0x00100d70       0x40 /opt/devkitpro/devkitARM/bin/../lib/gcc/arm-none-eabi/13.2.0/armv6k/fpu/crtbegin.o
 .text.frame_dummy
                0x00100db0       0x2c /opt/devkitpro/devkitARM/bin/../lib/gcc/arm-none-eabi/13.2.0/armv6k/fpu/crtbegin.o
 .text.startup.main
                0x00100ddc       0x44 main.o
                0x00100ddc                main
 .text.getCenteredHorizontal
                0x00100e20       0x68 formatting.o
                0x00100e20                getCenteredHorizontal
 .text.getCurrentBatterySprite
                0x00100e88       0x9c ui.o
                0x00100e88                getCurrentBatterySprite
 .text.initLibraries
                0x00100f24       0x50 ui.o
                0x00100f24                initLibraries
 .text.initTop  0x00100f74       0x80 ui.o
                0x00100f74                initTop
 .text.updateTop
                0x00100ff4       0xf8 ui.o
                0x00100ff4                updateTop
 .text.initBottom
                0x001010ec        0x8 ui.o
                0x001010ec                initBottom
 .text.updateBottom
                0x001010f4        0x8 ui.o
                0x001010f4                updateBottom
 .text.exitUI   0x001010fc       0x18 ui.o
                0x001010fc                exitUI
 .text.getTime  0x00101114       0x60 TimeString.o
                0x00101114                getTime
 .text.C2Di_FrameEndHook
                0x00101174       0x44 /opt/devkitpro/libctru/lib/libcitro2d.a(base.o)
 .text.C2D_Init
                0x001011b8      0x36c /opt/devkitpro/libctru/lib/libcitro2d.a(base.o)
                0x001011b8                C2D_Init
 .text.C2D_Fini
                0x00101524       0x4c /opt/devkitpro/libctru/lib/libcitro2d.a(base.o)
                0x00101524                C2D_Fini
 .text.C2D_Prepare
                0x00101570       0xb8 /opt/devkitpro/libctru/lib/libcitro2d.a(base.o)
                0x00101570                C2D_Prepare
 .text.C2D_Flush
                0x00101628       0x48 /opt/devkitpro/libctru/lib/libcitro2d.a(base.o)
                0x00101628                C2D_Flush
 .text.C2D_SceneSize
                0x00101670      0x104 /opt/devkitpro/libctru/lib/libcitro2d.a(base.o)
                0x00101670                C2D_SceneSize
 .text.C2D_CreateScreenTarget
                0x00101774       0x58 /opt/devkitpro/libctru/lib/libcitro2d.a(base.o)
                0x00101774                C2D_CreateScreenTarget
 .text.C2D_TargetClear
                0x001017cc       0x64 /opt/devkitpro/libctru/lib/libcitro2d.a(base.o)
                0x001017cc                C2D_TargetClear
 .text.C2Di_CalcQuad
                0x00101830      0x13c /opt/devkitpro/libctru/lib/libcitro2d.a(base.o)
                0x00101830                C2Di_CalcQuad
 .text.C2Di_AppendQuad
                0x0010196c       0x58 /opt/devkitpro/libctru/lib/libcitro2d.a(base.o)
                0x0010196c                C2Di_AppendQuad
 .text.C2Di_AppendVtx
                0x001019c4       0x40 /opt/devkitpro/libctru/lib/libcitro2d.a(base.o)
                0x001019c4                C2Di_AppendVtx
 .text.C2Di_Update
                0x00101a04      0x550 /opt/devkitpro/libctru/lib/libcitro2d.a(base.o)
                0x00101a04                C2Di_Update
 .text.C2D_DrawImage
                0x00101f54      0x2b0 /opt/devkitpro/libctru/lib/libcitro2d.a(base.o)
                0x00101f54                C2D_DrawImage
 .text.C2Di_GlyphComp
                0x00102204       0x18 /opt/devkitpro/libctru/lib/libcitro2d.a(text.o)
 .text.C2Di_CalcLineWidths
                0x0010221c      0x140 /opt/devkitpro/libctru/lib/libcitro2d.a(text.o)
 .text.C2D_TextBufNew
                0x0010235c      0x1dc /opt/devkitpro/libctru/lib/libcitro2d.a(text.o)
                0x0010235c                C2D_TextBufNew
 .text.C2D_TextBufClear
                0x00102538        0xc /opt/devkitpro/libctru/lib/libcitro2d.a(text.o)
                0x00102538                C2D_TextBufClear
 .text.C2D_TextFontParseLine
                0x00102544      0x1c8 /opt/devkitpro/libctru/lib/libcitro2d.a(text.o)
                0x00102544                C2D_TextFontParseLine
 .text.C2D_TextFontParse
                0x0010270c       0xa8 /opt/devkitpro/libctru/lib/libcitro2d.a(text.o)
                0x0010270c                C2D_TextFontParse
 .text.C2D_TextParse
                0x001027b4       0x14 /opt/devkitpro/libctru/lib/libcitro2d.a(text.o)
                0x001027b4                C2D_TextParse
 .text.C2D_TextOptimize
                0x001027c8       0x30 /opt/devkitpro/libctru/lib/libcitro2d.a(text.o)
                0x001027c8                C2D_TextOptimize
 .text.C2D_TextGetDimensions
                0x001027f8       0xc0 /opt/devkitpro/libctru/lib/libcitro2d.a(text.o)
                0x001027f8                C2D_TextGetDimensions
 .text.C2D_DrawText
                0x001028b8      0xf6c /opt/devkitpro/libctru/lib/libcitro2d.a(text.o)
                0x001028b8                C2D_DrawText
 .text.C2D_SpriteSheetLoadFromHandle
                0x00103824       0x6c /opt/devkitpro/libctru/lib/libcitro2d.a(spritesheet.o)
                0x00103824                C2D_SpriteSheetLoadFromHandle
 .text.C2D_SpriteSheetLoad
                0x00103890       0x48 /opt/devkitpro/libctru/lib/libcitro2d.a(spritesheet.o)
                0x00103890                C2D_SpriteSheetLoad
 .text.C2D_SpriteSheetGetImage
                0x001038d8       0x2c /opt/devkitpro/libctru/lib/libcitro2d.a(spritesheet.o)
                0x001038d8                C2D_SpriteSheetGetImage
 .text.C2D_FontGlyphIndexFromCodePoint
                0x00103904       0x44 /opt/devkitpro/libctru/lib/libcitro2d.a(font.o)
                0x00103904                C2D_FontGlyphIndexFromCodePoint
 .text.C2D_FontCalcGlyphPos
                0x00103948       0x78 /opt/devkitpro/libctru/lib/libcitro2d.a(font.o)
                0x00103948                C2D_FontCalcGlyphPos
 .text.AttrInfo_Init
                0x001039c0       0x28 /opt/devkitpro/libctru/lib/libcitro3d.a(attribs.o)
                0x001039c0                AttrInfo_Init
 .text.AttrInfo_AddLoader
                0x001039e8       0x94 /opt/devkitpro/libctru/lib/libcitro3d.a(attribs.o)
                0x001039e8                AttrInfo_AddLoader
 .text.C3D_SetAttrInfo
                0x00103a7c       0x54 /opt/devkitpro/libctru/lib/libcitro3d.a(attribs.o)
                0x00103a7c                C3D_SetAttrInfo
 .text.C3Di_AttrInfoBind
                0x00103ad0       0x80 /opt/devkitpro/libctru/lib/libcitro3d.a(attribs.o)
                0x00103ad0                C3Di_AttrInfoBind
 .text.C3Di_LightEnvUpdate
                0x00103b50        0x4 /opt/devkitpro/libctru/lib/libcitro3d.a(base.o)
                0x00103b50                C3Di_LightEnvUpdate
 .text.C3Di_LightEnvDirty
                0x00103b54        0x4 /opt/devkitpro/libctru/lib/libcitro3d.a(base.o)
                0x00103b54                C3Di_LightEnvDirty
 .text.C3Di_AptEventHook
                0x00103b58       0xb4 /opt/devkitpro/libctru/lib/libcitro3d.a(base.o)
 .text.C3Di_GasUpdate
                0x00103c0c        0x4 /opt/devkitpro/libctru/lib/libcitro3d.a(base.o)
                0x00103c0c                C3Di_GasUpdate
 .text.C3D_Init
                0x00103c10      0x1d0 /opt/devkitpro/libctru/lib/libcitro3d.a(base.o)
                0x00103c10                C3D_Init
 .text.C3D_SetViewport
                0x00103de0       0x98 /opt/devkitpro/libctru/lib/libcitro3d.a(base.o)
                0x00103de0                C3D_SetViewport
 .text.C3Di_UpdateContext
                0x00103e78      0x4e8 /opt/devkitpro/libctru/lib/libcitro3d.a(base.o)
                0x00103e78                C3Di_UpdateContext
 .text.C3Di_SplitFrame
                0x00104360       0xe0 /opt/devkitpro/libctru/lib/libcitro3d.a(base.o)
                0x00104360                C3Di_SplitFrame
 .text.C3D_Fini
                0x00104440       0x44 /opt/devkitpro/libctru/lib/libcitro3d.a(base.o)
                0x00104440                C3D_Fini
 .text.C3D_BindProgram
                0x00104484      0x194 /opt/devkitpro/libctru/lib/libcitro3d.a(base.o)
                0x00104484                C3D_BindProgram
 .text.BufInfo_Init
                0x00104618       0x24 /opt/devkitpro/libctru/lib/libcitro3d.a(buffers.o)
                0x00104618                BufInfo_Init
 .text.BufInfo_Add
                0x0010463c       0x80 /opt/devkitpro/libctru/lib/libcitro3d.a(buffers.o)
                0x0010463c                BufInfo_Add
 .text.C3D_SetBufInfo
                0x001046bc       0x3c /opt/devkitpro/libctru/lib/libcitro3d.a(buffers.o)
                0x001046bc                C3D_SetBufInfo
 .text.C3Di_BufInfoBind
                0x001046f8       0x48 /opt/devkitpro/libctru/lib/libcitro3d.a(buffers.o)
                0x001046f8                C3Di_BufInfoBind
 .text.C3D_DrawElements
                0x00104740      0x21c /opt/devkitpro/libctru/lib/libcitro3d.a(drawElements.o)
                0x00104740                C3D_DrawElements
 .text.C3D_DepthMap
                0x0010495c       0x40 /opt/devkitpro/libctru/lib/libcitro3d.a(effect.o)
                0x0010495c                C3D_DepthMap
 .text.C3D_CullFace
                0x0010499c       0x1c /opt/devkitpro/libctru/lib/libcitro3d.a(effect.o)
                0x0010499c                C3D_CullFace
 .text.C3D_StencilTest
                0x001049b8       0x40 /opt/devkitpro/libctru/lib/libcitro3d.a(effect.o)
                0x001049b8                C3D_StencilTest
 .text.C3D_StencilOp
                0x001049f8       0x24 /opt/devkitpro/libctru/lib/libcitro3d.a(effect.o)
                0x001049f8                C3D_StencilOp
 .text.C3D_BlendingColor
                0x00104a1c       0x1c /opt/devkitpro/libctru/lib/libcitro3d.a(effect.o)
                0x00104a1c                C3D_BlendingColor
 .text.C3D_EarlyDepthTest
                0x00104a38       0x24 /opt/devkitpro/libctru/lib/libcitro3d.a(effect.o)
                0x00104a38                C3D_EarlyDepthTest
 .text.C3D_DepthTest
                0x00104a5c       0x2c /opt/devkitpro/libctru/lib/libcitro3d.a(effect.o)
                0x00104a5c                C3D_DepthTest
 .text.C3D_AlphaTest
                0x00104a88       0x2c /opt/devkitpro/libctru/lib/libcitro3d.a(effect.o)
                0x00104a88                C3D_AlphaTest
 .text.C3D_AlphaBlend
                0x00104ab4       0x50 /opt/devkitpro/libctru/lib/libcitro3d.a(effect.o)
                0x00104ab4                C3D_AlphaBlend
 .text.C3D_FragOpMode
                0x00104b04       0x30 /opt/devkitpro/libctru/lib/libcitro3d.a(effect.o)
                0x00104b04                C3D_FragOpMode
 .text.C3D_FragOpShadow
                0x00104b34       0x44 /opt/devkitpro/libctru/lib/libcitro3d.a(effect.o)
                0x00104b34                C3D_FragOpShadow
 .text.C3Di_EffectBind
                0x00104b78      0x1ac /opt/devkitpro/libctru/lib/libcitro3d.a(effect.o)
                0x00104b78                C3Di_EffectBind
 .text.C3D_CalcColorBufSize
                0x00104d24       0x1c /opt/devkitpro/libctru/lib/libcitro3d.a(framebuffer.o)
                0x00104d24                C3D_CalcColorBufSize
 .text.C3D_CalcDepthBufSize
                0x00104d40       0x1c /opt/devkitpro/libctru/lib/libcitro3d.a(framebuffer.o)
                0x00104d40                C3D_CalcDepthBufSize
 .text.C3D_SetFrameBuf
                0x00104d5c       0x44 /opt/devkitpro/libctru/lib/libcitro3d.a(framebuffer.o)
                0x00104d5c                C3D_SetFrameBuf
 .text.C3Di_FrameBufBind
                0x00104da0      0x16c /opt/devkitpro/libctru/lib/libcitro3d.a(framebuffer.o)
                0x00104da0                C3Di_FrameBufBind
 .text.C3D_FrameBufClear
                0x00104f0c       0xc8 /opt/devkitpro/libctru/lib/libcitro3d.a(framebuffer.o)
                0x00104f0c                C3D_FrameBufClear
 .text.C3D_FrameBufTransfer
                0x00104fd4       0x44 /opt/devkitpro/libctru/lib/libcitro3d.a(framebuffer.o)
                0x00104fd4                C3D_FrameBufTransfer
 .text.C3D_ImmSendAttrib
                0x00105018       0xa8 /opt/devkitpro/libctru/lib/libcitro3d.a(immediate.o)
                0x00105018                C3D_ImmSendAttrib
 .text.C3D_ProcTexInit
                0x001050c0       0x70 /opt/devkitpro/libctru/lib/libcitro3d.a(proctex.o)
                0x001050c0                C3D_ProcTexInit
 .text.C3D_ProcTexBind
                0x00105130       0x54 /opt/devkitpro/libctru/lib/libcitro3d.a(proctex.o)
                0x00105130                C3D_ProcTexBind
 .text.C3D_ProcTexLutBind
                0x00105184       0x5c /opt/devkitpro/libctru/lib/libcitro3d.a(proctex.o)
                0x00105184                C3D_ProcTexLutBind
 .text.ProcTexLut_FromArray
                0x001051e0       0xa4 /opt/devkitpro/libctru/lib/libcitro3d.a(proctex.o)
                0x001051e0                ProcTexLut_FromArray
 .text.C3Di_ProcTexUpdate
                0x00105284      0x178 /opt/devkitpro/libctru/lib/libcitro3d.a(proctex.o)
                0x00105284                C3Di_ProcTexUpdate
 .text.C3Di_ProcTexDirty
                0x001053fc       0x68 /opt/devkitpro/libctru/lib/libcitro3d.a(proctex.o)
                0x001053fc                C3Di_ProcTexDirty
 .text.onVBlank0
                0x00105464       0x4c /opt/devkitpro/libctru/lib/libcitro3d.a(renderqueue.o)
 .text.onVBlank1
                0x001054b0       0x4c /opt/devkitpro/libctru/lib/libcitro3d.a(renderqueue.o)
 .text.C3Di_RenderTargetDestroy
                0x001054fc       0x80 /opt/devkitpro/libctru/lib/libcitro3d.a(renderqueue.o)
 .text.onQueueFinish
                0x0010557c       0xf4 /opt/devkitpro/libctru/lib/libcitro3d.a(renderqueue.o)
 .text.C3Di_RenderQueueEnableVBlank
                0x00105670       0x38 /opt/devkitpro/libctru/lib/libcitro3d.a(renderqueue.o)
                0x00105670                C3Di_RenderQueueEnableVBlank
 .text.C3Di_RenderQueueDisableVBlank
                0x001056a8       0x30 /opt/devkitpro/libctru/lib/libcitro3d.a(renderqueue.o)
                0x001056a8                C3Di_RenderQueueDisableVBlank
 .text.C3Di_RenderQueueInit
                0x001056d8       0x60 /opt/devkitpro/libctru/lib/libcitro3d.a(renderqueue.o)
                0x001056d8                C3Di_RenderQueueInit
 .text.C3Di_RenderQueueExit
                0x00105738       0xb4 /opt/devkitpro/libctru/lib/libcitro3d.a(renderqueue.o)
                0x00105738                C3Di_RenderQueueExit
 .text.C3Di_RenderQueueWaitDone
                0x001057ec       0x34 /opt/devkitpro/libctru/lib/libcitro3d.a(renderqueue.o)
                0x001057ec                C3Di_RenderQueueWaitDone
 .text.C3D_FrameBegin
                0x00105820       0xe8 /opt/devkitpro/libctru/lib/libcitro3d.a(renderqueue.o)
                0x00105820                C3D_FrameBegin
 .text.C3D_FrameDrawOn
                0x00105908       0x48 /opt/devkitpro/libctru/lib/libcitro3d.a(renderqueue.o)
                0x00105908                C3D_FrameDrawOn
 .text.C3D_FrameSplit
                0x00105950       0x58 /opt/devkitpro/libctru/lib/libcitro3d.a(renderqueue.o)
                0x00105950                C3D_FrameSplit
 .text.C3D_FrameEnd
                0x001059a8      0x1d0 /opt/devkitpro/libctru/lib/libcitro3d.a(renderqueue.o)
                0x001059a8                C3D_FrameEnd
 .text.C3D_FrameEndHook
                0x00105b78       0x1c /opt/devkitpro/libctru/lib/libcitro3d.a(renderqueue.o)
                0x00105b78                C3D_FrameEndHook
 .text.C3D_RenderTargetCreate
                0x00105b94      0x170 /opt/devkitpro/libctru/lib/libcitro3d.a(renderqueue.o)
                0x00105b94                C3D_RenderTargetCreate
 .text.C3D_RenderTargetSetOutput
                0x00105d04       0xa8 /opt/devkitpro/libctru/lib/libcitro3d.a(renderqueue.o)
                0x00105d04                C3D_RenderTargetSetOutput
 .text.C3D_SyncTextureCopy
                0x00105dac       0xfc /opt/devkitpro/libctru/lib/libcitro3d.a(renderqueue.o)
                0x00105dac                C3D_SyncTextureCopy
 .text.Tex3DSi_ImportCommon
                0x00105ea8      0x3d8 /opt/devkitpro/libctru/lib/libcitro3d.a(tex3ds.o)
 .text.Tex3DS_TextureImportStdio
                0x00106280       0x38 /opt/devkitpro/libctru/lib/libcitro3d.a(tex3ds.o)
                0x00106280                Tex3DS_TextureImportStdio
 .text.Tex3DS_GetSubTexture
                0x001062b8       0x1c /opt/devkitpro/libctru/lib/libcitro3d.a(tex3ds.o)
                0x001062b8                Tex3DS_GetSubTexture
 .text.C3D_GetTexEnv
                0x001062d4       0x34 /opt/devkitpro/libctru/lib/libcitro3d.a(texenv.o)
                0x001062d4                C3D_GetTexEnv
 .text.C3Di_TexEnvBind
                0x00106308       0x24 /opt/devkitpro/libctru/lib/libcitro3d.a(texenv.o)
                0x00106308                C3Di_TexEnvBind
 .text.C3D_TexInitWithParams
                0x0010632c      0x290 /opt/devkitpro/libctru/lib/libcitro3d.a(texture.o)
                0x0010632c                C3D_TexInitWithParams
 .text.C3D_TexLoadImage
                0x001065bc       0xc8 /opt/devkitpro/libctru/lib/libcitro3d.a(texture.o)
                0x001065bc                C3D_TexLoadImage
 .text.C3D_TexBind
                0x00106684       0x44 /opt/devkitpro/libctru/lib/libcitro3d.a(texture.o)
                0x00106684                C3D_TexBind
 .text.C3D_TexDelete
                0x001066c8       0x74 /opt/devkitpro/libctru/lib/libcitro3d.a(texture.o)
                0x001066c8                C3D_TexDelete
 .text.C3Di_SetTex
                0x0010673c      0x14c /opt/devkitpro/libctru/lib/libcitro3d.a(texture.o)
                0x0010673c                C3Di_SetTex
 .text.C3D_UpdateUniforms
                0x00106888      0x290 /opt/devkitpro/libctru/lib/libcitro3d.a(uniforms.o)
                0x00106888                C3D_UpdateUniforms
 .text.C3Di_DirtyUniforms
                0x00106b18       0xc0 /opt/devkitpro/libctru/lib/libcitro3d.a(uniforms.o)
                0x00106b18                C3Di_DirtyUniforms
 .text.C3Di_LoadShaderUniforms
                0x00106bd8       0xd8 /opt/devkitpro/libctru/lib/libcitro3d.a(uniforms.o)
                0x00106bd8                C3Di_LoadShaderUniforms
 .text.C3Di_ClearShaderUniforms
                0x00106cb0       0x28 /opt/devkitpro/libctru/lib/libcitro3d.a(uniforms.o)
                0x00106cb0                C3Di_ClearShaderUniforms
 .text.Mtx_Ortho
                0x00106cd8       0xcc /opt/devkitpro/libctru/lib/libcitro3d.a(mtx_ortho.o)
                0x00106cd8                Mtx_Ortho
 .text.Mtx_OrthoTilt
                0x00106da4       0xcc /opt/devkitpro/libctru/lib/libcitro3d.a(mtx_orthotilt.o)
                0x00106da4                Mtx_OrthoTilt
 .text._ZL21addrMapNodeComparatorPK11rbtree_nodeS1_
                0x00106e70       0x24 /opt/devkitpro/libctru/lib/libctru.a(linear.o)
 .text._ZL21addrMapNodeDestructorP11rbtree_node
                0x00106e94        0x4 /opt/devkitpro/libctru/lib/libctru.a(linear.o)
 .text.linearMemAlign
                0x00106e98      0x120 /opt/devkitpro/libctru/lib/libctru.a(linear.o)
                0x00106e98                linearMemAlign
 .text.linearAlloc
                0x00106fb8        0x8 /opt/devkitpro/libctru/lib/libctru.a(linear.o)
                0x00106fb8                linearAlloc
 .text.linearFree
                0x00106fc0       0x5c /opt/devkitpro/libctru/lib/libctru.a(linear.o)
                0x00106fc0                linearFree
 .text._ZN7MemPool13CoalesceRightEP8MemBlock
                0x0010701c       0x80 /opt/devkitpro/libctru/lib/libctru.a(mem_pool.o)
                0x0010701c                MemPool::CoalesceRight(MemBlock*)
 .text._ZN7MemPool8AllocateER8MemChunkmi
                0x0010709c      0x16c /opt/devkitpro/libctru/lib/libctru.a(mem_pool.o)
                0x0010709c                MemPool::Allocate(MemChunk&, unsigned long, int)
 .text._ZN7MemPool10DeallocateERK8MemChunk
                0x00107208       0xfc /opt/devkitpro/libctru/lib/libctru.a(mem_pool.o)
                0x00107208                MemPool::Deallocate(MemChunk const&)
 .text._ZN7MemPool12GetFreeSpaceEv
                0x00107304       0x30 /opt/devkitpro/libctru/lib/libctru.a(mem_pool.o)
                0x00107304                MemPool::GetFreeSpace()
 .text._ZL21addrMapNodeComparatorPK11rbtree_nodeS1_
                0x00107334       0x24 /opt/devkitpro/libctru/lib/libctru.a(vram.o)
 .text._ZL21addrMapNodeDestructorP11rbtree_node
                0x00107358        0x4 /opt/devkitpro/libctru/lib/libctru.a(vram.o)
 .text.vramMemAlignAt
                0x0010735c      0x24c /opt/devkitpro/libctru/lib/libctru.a(vram.o)
                0x0010735c                vramMemAlignAt
 .text.vramAlloc
                0x001075a8        0xc /opt/devkitpro/libctru/lib/libctru.a(vram.o)
                0x001075a8                vramAlloc
 .text.vramAllocAt
                0x001075b4        0xc /opt/devkitpro/libctru/lib/libctru.a(vram.o)
                0x001075b4                vramAllocAt
 .text.vramFree
                0x001075c0       0x90 /opt/devkitpro/libctru/lib/libctru.a(vram.o)
                0x001075c0                vramFree
 .text.fontEnsureMapped
                0x00107650       0x94 /opt/devkitpro/libctru/lib/libctru.a(font.o)
                0x00107650                fontEnsureMapped
 .text.fontGlyphIndexFromCodePoint
                0x001076e4      0x100 /opt/devkitpro/libctru/lib/libctru.a(font.o)
                0x001076e4                fontGlyphIndexFromCodePoint
 .text.fontCalcGlyphPos
                0x001077e4      0x1ec /opt/devkitpro/libctru/lib/libctru.a(font.o)
                0x001077e4                fontCalcGlyphPos
 .text.gfxPresentFramebuffer
                0x001079d0       0xd0 /opt/devkitpro/libctru/lib/libctru.a(gfx.o)
 .text.gfxIsWide
                0x00107aa0       0x1c /opt/devkitpro/libctru/lib/libctru.a(gfx.o)
                0x00107aa0                gfxIsWide
 .text.gfxSetScreenFormat
                0x00107abc       0xec /opt/devkitpro/libctru/lib/libctru.a(gfx.o)
                0x00107abc                gfxSetScreenFormat
 .text.gfxInit  0x00107ba8       0xe0 /opt/devkitpro/libctru/lib/libctru.a(gfx.o)
                0x00107ba8                gfxInit
 .text.gfxInitDefault
                0x00107c88       0x10 /opt/devkitpro/libctru/lib/libctru.a(gfx.o)
                0x00107c88                gfxInitDefault
 .text.gfxExit  0x00107c98       0xb4 /opt/devkitpro/libctru/lib/libctru.a(gfx.o)
                0x00107c98                gfxExit
 .text.gfxGetFramebuffer
                0x00107d4c       0xa0 /opt/devkitpro/libctru/lib/libctru.a(gfx.o)
                0x00107d4c                gfxGetFramebuffer
 .text.gfxScreenSwapBuffers
                0x00107dec       0x30 /opt/devkitpro/libctru/lib/libctru.a(gfx.o)
                0x00107dec                gfxScreenSwapBuffers
 .text.osConvertVirtToPhys
                0x00107e1c       0x74 /opt/devkitpro/libctru/lib/libctru.a(os.o)
                0x00107e1c                osConvertVirtToPhys
 .text.osGetTimeRef
                0x00107e90       0x54 /opt/devkitpro/libctru/lib/libctru.a(os.o)
                0x00107e90                osGetTimeRef
 .text.osGetTime
                0x00107ee4       0xec /opt/devkitpro/libctru/lib/libctru.a(os.o)
                0x00107ee4                osGetTime
 .text.__ctru_speedup_config
                0x00107fd0       0x34 /opt/devkitpro/libctru/lib/libctru.a(os.o)
                0x00107fd0                __ctru_speedup_config
 .text.GPUCMD_Add
                0x00108004      0x13c /opt/devkitpro/libctru/lib/libctru.a(gpu.o)
                0x00108004                GPUCMD_Add
 .text.GPUCMD_Split
                0x00108140       0xb0 /opt/devkitpro/libctru/lib/libctru.a(gpu.o)
                0x00108140                GPUCMD_Split
 .text.f32tof16
                0x001081f0       0x34 /opt/devkitpro/libctru/lib/libctru.a(gpu.o)
                0x001081f0                f32tof16
 .text.f32tof24
                0x00108224       0x34 /opt/devkitpro/libctru/lib/libctru.a(gpu.o)
                0x00108224                f32tof24
 .text.f32tof31
                0x00108258       0x38 /opt/devkitpro/libctru/lib/libctru.a(gpu.o)
                0x00108258                f32tof31
 .text.GX_BindQueue
                0x00108290       0x10 /opt/devkitpro/libctru/lib/libctru.a(gx.o)
                0x00108290                GX_BindQueue
 .text.GX_ProcessCommandList
                0x001082a0       0x78 /opt/devkitpro/libctru/lib/libctru.a(gx.o)
                0x001082a0                GX_ProcessCommandList
 .text.GX_MemoryFill
                0x00108318       0x74 /opt/devkitpro/libctru/lib/libctru.a(gx.o)
                0x00108318                GX_MemoryFill
 .text.GX_DisplayTransfer
                0x0010838c       0x70 /opt/devkitpro/libctru/lib/libctru.a(gx.o)
                0x0010838c                GX_DisplayTransfer
 .text.GX_TextureCopy
                0x001083fc       0x74 /opt/devkitpro/libctru/lib/libctru.a(gx.o)
                0x001083fc                GX_TextureCopy
 .text.gxCmdQueueDoCommands.part.0
                0x00108470       0x68 /opt/devkitpro/libctru/lib/libctru.a(gxqueue.o)
 .text.gxCmdQueueInterrupt
                0x001084d8       0xc8 /opt/devkitpro/libctru/lib/libctru.a(gxqueue.o)
                0x001084d8                gxCmdQueueInterrupt
 .text.gxCmdQueueClear
                0x001085a0       0x4c /opt/devkitpro/libctru/lib/libctru.a(gxqueue.o)
                0x001085a0                gxCmdQueueClear
 .text.gxCmdQueueAdd
                0x001085ec       0xf8 /opt/devkitpro/libctru/lib/libctru.a(gxqueue.o)
                0x001085ec                gxCmdQueueAdd
 .text.gxCmdQueueRun
                0x001086e4       0x80 /opt/devkitpro/libctru/lib/libctru.a(gxqueue.o)
                0x001086e4                gxCmdQueueRun
 .text.gxCmdQueueStop
                0x00108764       0x60 /opt/devkitpro/libctru/lib/libctru.a(gxqueue.o)
                0x00108764                gxCmdQueueStop
 .text.gxCmdQueueWait
                0x001087c4       0x8c /opt/devkitpro/libctru/lib/libctru.a(gxqueue.o)
                0x001087c4                gxCmdQueueWait
 .text.shaderInstanceInit
                0x00108850      0x1d0 /opt/devkitpro/libctru/lib/libctru.a(shaderProgram.o)
                0x00108850                shaderInstanceInit
 .text.shaderInstanceGetUniformLocation
                0x00108a20       0x18 /opt/devkitpro/libctru/lib/libctru.a(shaderProgram.o)
                0x00108a20                shaderInstanceGetUniformLocation
 .text.shaderProgramInit
                0x00108a38       0x1c /opt/devkitpro/libctru/lib/libctru.a(shaderProgram.o)
                0x00108a38                shaderProgramInit
 .text.shaderProgramFree
                0x00108a54       0x64 /opt/devkitpro/libctru/lib/libctru.a(shaderProgram.o)
                0x00108a54                shaderProgramFree
 .text.shaderProgramSetVsh
                0x00108ab8       0x80 /opt/devkitpro/libctru/lib/libctru.a(shaderProgram.o)
                0x00108ab8                shaderProgramSetVsh
 .text.shaderProgramConfigure
                0x00108b38      0x8e0 /opt/devkitpro/libctru/lib/libctru.a(shaderProgram.o)
                0x00108b38                shaderProgramConfigure
 .text.DVLE_GenerateOutmap.part.0
                0x00109418      0x1cc /opt/devkitpro/libctru/lib/libctru.a(shbin.o)
 .text.DVLB_ParseFile
                0x001095e4      0x1b4 /opt/devkitpro/libctru/lib/libctru.a(shbin.o)
                0x001095e4                DVLB_ParseFile
 .text.DVLB_Free
                0x00109798       0x38 /opt/devkitpro/libctru/lib/libctru.a(shbin.o)
                0x00109798                DVLB_Free
 .text.DVLE_GetUniformRegister
                0x001097d0       0x74 /opt/devkitpro/libctru/lib/libctru.a(shbin.o)
                0x001097d0                DVLE_GetUniformRegister
 .text.aptConvertScreenForCapture
                0x00109844      0x1ac /opt/devkitpro/libctru/lib/libctru.a(apt.o)
 .text.aptDspSleep
                0x001099f0        0x8 /opt/devkitpro/libctru/lib/libctru.a(apt.o)
                0x001099f0                aptDspSleep
 .text.aptDspWakeup
                0x001099f8        0x4 /opt/devkitpro/libctru/lib/libctru.a(apt.o)
                0x001099f8                aptDspWakeup
 .text.aptDspCancel
                0x001099fc        0x4 /opt/devkitpro/libctru/lib/libctru.a(apt.o)
                0x001099fc                aptDspCancel
 .text.aptSendCommand
                0x00109a00      0x158 /opt/devkitpro/libctru/lib/libctru.a(apt.o)
                0x00109a00                aptSendCommand
 .text.aptExitProcess
                0x00109b58       0x44 /opt/devkitpro/libctru/lib/libctru.a(apt.o)
 .text.aptExit  0x00109b9c      0x38c /opt/devkitpro/libctru/lib/libctru.a(apt.o)
                0x00109b9c                aptExit
 .text.aptHandleSleep
                0x00109f28       0xe0 /opt/devkitpro/libctru/lib/libctru.a(apt.o)
                0x00109f28                aptHandleSleep
 .text.aptHook  0x0010a008       0x30 /opt/devkitpro/libctru/lib/libctru.a(apt.o)
                0x0010a008                aptHook
 .text.aptUnhook
                0x0010a038       0x30 /opt/devkitpro/libctru/lib/libctru.a(apt.o)
                0x0010a038                aptUnhook
 .text.APT_SleepIfShellClosed
                0x0010a068       0x84 /opt/devkitpro/libctru/lib/libctru.a(apt.o)
                0x0010a068                APT_SleepIfShellClosed
 .text.aptSetSleepAllowed
                0x0010a0ec       0x84 /opt/devkitpro/libctru/lib/libctru.a(apt.o)
                0x0010a0ec                aptSetSleepAllowed
 .text.APT_UnlockTransition
                0x0010a170       0x84 /opt/devkitpro/libctru/lib/libctru.a(apt.o)
                0x0010a170                APT_UnlockTransition
 *fill*         0x0010a1f4        0x4 
 .text.aptEventHandler
                0x0010a1f8      0x4a4 /opt/devkitpro/libctru/lib/libctru.a(apt.o)
 .text.APT_ReceiveParameter
                0x0010a69c       0xb0 /opt/devkitpro/libctru/lib/libctru.a(apt.o)
                0x0010a69c                APT_ReceiveParameter
 .text.aptReceiveParameter.constprop.0
                0x0010a74c       0xac /opt/devkitpro/libctru/lib/libctru.a(apt.o)
 .text.aptScreenTransfer
                0x0010a7f8      0x2ac /opt/devkitpro/libctru/lib/libctru.a(apt.o)
 .text.aptWaitForWakeUp.isra.0
                0x0010aaa4      0x320 /opt/devkitpro/libctru/lib/libctru.a(apt.o)
 .text.aptJumpToHomeMenu
                0x0010adc4       0xf8 /opt/devkitpro/libctru/lib/libctru.a(apt.o)
                0x0010adc4                aptJumpToHomeMenu
 .text.aptMainLoop
                0x0010aebc       0x48 /opt/devkitpro/libctru/lib/libctru.a(apt.o)
                0x0010aebc                aptMainLoop
 .text.aptInit  0x0010af04      0x22c /opt/devkitpro/libctru/lib/libctru.a(apt.o)
                0x0010af04                aptInit
 .text.APT_CheckNew3DS
                0x0010b130       0x7c /opt/devkitpro/libctru/lib/libctru.a(apt.o)
                0x0010b130                APT_CheckNew3DS
 .text.APT_GetSharedFont
                0x0010b1ac       0x48 /opt/devkitpro/libctru/lib/libctru.a(apt.o)
                0x0010b1ac                APT_GetSharedFont
 .text.fsInit   0x0010b1f4       0xcc /opt/devkitpro/libctru/lib/libctru.a(fs.o)
                0x0010b1f4                fsInit
 .text.fsExit   0x0010b2c0       0x3c /opt/devkitpro/libctru/lib/libctru.a(fs.o)
                0x0010b2c0                fsExit
 .text.fsExemptFromSession
                0x0010b2fc       0x60 /opt/devkitpro/libctru/lib/libctru.a(fs.o)
                0x0010b2fc                fsExemptFromSession
 .text.fsUnexemptFromSession
                0x0010b35c       0x50 /opt/devkitpro/libctru/lib/libctru.a(fs.o)
                0x0010b35c                fsUnexemptFromSession
 .text.FSUSER_OpenFile
                0x0010b3ac       0xcc /opt/devkitpro/libctru/lib/libctru.a(fs.o)
                0x0010b3ac                FSUSER_OpenFile
 .text.FSUSER_DeleteFile
                0x0010b478       0xbc /opt/devkitpro/libctru/lib/libctru.a(fs.o)
                0x0010b478                FSUSER_DeleteFile
 .text.FSUSER_RenameFile
                0x0010b534       0xf8 /opt/devkitpro/libctru/lib/libctru.a(fs.o)
                0x0010b534                FSUSER_RenameFile
 .text.FSUSER_DeleteDirectory
                0x0010b62c       0xbc /opt/devkitpro/libctru/lib/libctru.a(fs.o)
                0x0010b62c                FSUSER_DeleteDirectory
 .text.FSUSER_CreateFile
                0x0010b6e8       0xd4 /opt/devkitpro/libctru/lib/libctru.a(fs.o)
                0x0010b6e8                FSUSER_CreateFile
 .text.FSUSER_CreateDirectory
                0x0010b7bc       0xc4 /opt/devkitpro/libctru/lib/libctru.a(fs.o)
                0x0010b7bc                FSUSER_CreateDirectory
 .text.FSUSER_RenameDirectory
                0x0010b880       0xf8 /opt/devkitpro/libctru/lib/libctru.a(fs.o)
                0x0010b880                FSUSER_RenameDirectory
 .text.FSUSER_OpenDirectory
                0x0010b978       0xb4 /opt/devkitpro/libctru/lib/libctru.a(fs.o)
                0x0010b978                FSUSER_OpenDirectory
 .text.FSUSER_OpenArchive
                0x0010ba2c       0x94 /opt/devkitpro/libctru/lib/libctru.a(fs.o)
                0x0010ba2c                FSUSER_OpenArchive
 .text.FSUSER_CloseArchive
                0x0010bac0       0x8c /opt/devkitpro/libctru/lib/libctru.a(fs.o)
                0x0010bac0                FSUSER_CloseArchive
 .text.FSUSER_GetSdmcArchiveResource
                0x0010bb4c       0x74 /opt/devkitpro/libctru/lib/libctru.a(fs.o)
                0x0010bb4c                FSUSER_GetSdmcArchiveResource
 .text.FSUSER_IsSdmcWritable
                0x0010bbc0       0x64 /opt/devkitpro/libctru/lib/libctru.a(fs.o)
                0x0010bbc0                FSUSER_IsSdmcWritable
 .text.FSFILE_Read
                0x0010bc24       0x58 /opt/devkitpro/libctru/lib/libctru.a(fs.o)
                0x0010bc24                FSFILE_Read
 .text.FSFILE_Write
                0x0010bc7c       0x60 /opt/devkitpro/libctru/lib/libctru.a(fs.o)
                0x0010bc7c                FSFILE_Write
 .text.FSFILE_GetSize
                0x0010bcdc       0x38 /opt/devkitpro/libctru/lib/libctru.a(fs.o)
                0x0010bcdc                FSFILE_GetSize
 .text.FSFILE_SetSize
                0x0010bd14       0x28 /opt/devkitpro/libctru/lib/libctru.a(fs.o)
                0x0010bd14                FSFILE_SetSize
 .text.FSFILE_Close
                0x0010bd3c       0x3c /opt/devkitpro/libctru/lib/libctru.a(fs.o)
                0x0010bd3c                FSFILE_Close
 .text.FSFILE_Flush
                0x0010bd78       0x24 /opt/devkitpro/libctru/lib/libctru.a(fs.o)
                0x0010bd78                FSFILE_Flush
 .text.FSDIR_Read
                0x0010bd9c       0x50 /opt/devkitpro/libctru/lib/libctru.a(fs.o)
                0x0010bd9c                FSDIR_Read
 .text.FSDIR_Close
                0x0010bdec       0x3c /opt/devkitpro/libctru/lib/libctru.a(fs.o)
                0x0010bdec                FSDIR_Close
 .text.gspHardwareInit
                0x0010be28      0xc64 /opt/devkitpro/libctru/lib/libctru.a(gspgpu.o)
 .text.gspInit  0x0010ca8c      0x248 /opt/devkitpro/libctru/lib/libctru.a(gspgpu.o)
                0x0010ca8c                gspInit
 .text.gspExit  0x0010ccd4       0xf0 /opt/devkitpro/libctru/lib/libctru.a(gspgpu.o)
                0x0010ccd4                gspExit
 .text.gspHasGpuRight
                0x0010cdc4       0x10 /opt/devkitpro/libctru/lib/libctru.a(gspgpu.o)
                0x0010cdc4                gspHasGpuRight
 .text.gspPresentBuffer
                0x0010cdd4       0xa0 /opt/devkitpro/libctru/lib/libctru.a(gspgpu.o)
                0x0010cdd4                gspPresentBuffer
 .text.gspSetEventCallback
                0x0010ce74       0x30 /opt/devkitpro/libctru/lib/libctru.a(gspgpu.o)
                0x0010ce74                gspSetEventCallback
 .text.gspWaitForEvent
                0x0010cea4       0x44 /opt/devkitpro/libctru/lib/libctru.a(gspgpu.o)
                0x0010cea4                gspWaitForEvent
 .text.gspWaitForAnyEvent
                0x0010cee8       0x4c /opt/devkitpro/libctru/lib/libctru.a(gspgpu.o)
                0x0010cee8                gspWaitForAnyEvent
 .text.gspEventThreadMain
                0x0010cf34      0x158 /opt/devkitpro/libctru/lib/libctru.a(gspgpu.o)
 .text.gspSubmitGxCommand
                0x0010d08c      0x130 /opt/devkitpro/libctru/lib/libctru.a(gspgpu.o)
                0x0010d08c                gspSubmitGxCommand
 .text.GSPGPU_FlushDataCache
                0x0010d1bc       0x50 /opt/devkitpro/libctru/lib/libctru.a(gspgpu.o)
                0x0010d1bc                GSPGPU_FlushDataCache
 .text.GSPGPU_SetLcdForceBlack
                0x0010d20c       0x34 /opt/devkitpro/libctru/lib/libctru.a(gspgpu.o)
                0x0010d20c                GSPGPU_SetLcdForceBlack
 .text.GSPGPU_AcquireRight
                0x0010d240       0x68 /opt/devkitpro/libctru/lib/libctru.a(gspgpu.o)
                0x0010d240                GSPGPU_AcquireRight
 .text.GSPGPU_ReleaseRight
                0x0010d2a8       0x48 /opt/devkitpro/libctru/lib/libctru.a(gspgpu.o)
                0x0010d2a8                GSPGPU_ReleaseRight
 .text.GSPGPU_ImportDisplayCaptureInfo
                0x0010d2f0       0x7c /opt/devkitpro/libctru/lib/libctru.a(gspgpu.o)
                0x0010d2f0                GSPGPU_ImportDisplayCaptureInfo
 .text.GSPGPU_SaveVramSysArea
                0x0010d36c       0x2c /opt/devkitpro/libctru/lib/libctru.a(gspgpu.o)
                0x0010d36c                GSPGPU_SaveVramSysArea
 .text.GSPGPU_RestoreVramSysArea
                0x0010d398       0x2c /opt/devkitpro/libctru/lib/libctru.a(gspgpu.o)
                0x0010d398                GSPGPU_RestoreVramSysArea
 .text.hidShouldUseIrrst
                0x0010d3c4       0x24 /opt/devkitpro/libctru/lib/libctru.a(hid.o)
                0x0010d3c4                hidShouldUseIrrst
 .text.hidInit  0x0010d3e8      0x18c /opt/devkitpro/libctru/lib/libctru.a(hid.o)
                0x0010d3e8                hidInit
 .text.hidExit  0x0010d574       0xe8 /opt/devkitpro/libctru/lib/libctru.a(hid.o)
                0x0010d574                hidExit
 .text.hidScanInput
                0x0010d65c      0x2a4 /opt/devkitpro/libctru/lib/libctru.a(hid.o)
                0x0010d65c                hidScanInput
 .text.hidKeysDown
                0x0010d900       0x10 /opt/devkitpro/libctru/lib/libctru.a(hid.o)
                0x0010d900                hidKeysDown
 .text.irrstInit
                0x0010d910      0x160 /opt/devkitpro/libctru/lib/libctru.a(irrst.o)
                0x0010d910                irrstInit
 .text.irrstExit
                0x0010da70       0xcc /opt/devkitpro/libctru/lib/libctru.a(irrst.o)
                0x0010da70                irrstExit
 .text.irrstScanInput
                0x0010db3c       0xb4 /opt/devkitpro/libctru/lib/libctru.a(irrst.o)
                0x0010db3c                irrstScanInput
 .text.irrstKeysHeld
                0x0010dbf0       0x24 /opt/devkitpro/libctru/lib/libctru.a(irrst.o)
                0x0010dbf0                irrstKeysHeld
 .text.ptmSysmInit
                0x0010dc14       0x74 /opt/devkitpro/libctru/lib/libctru.a(ptmsysm.o)
                0x0010dc14                ptmSysmInit
 .text.ptmSysmExit
                0x0010dc88       0x3c /opt/devkitpro/libctru/lib/libctru.a(ptmsysm.o)
                0x0010dc88                ptmSysmExit
 .text.PTMSYSM_ConfigureNew3DSCPU
                0x0010dcc4       0x34 /opt/devkitpro/libctru/lib/libctru.a(ptmsysm.o)
                0x0010dcc4                PTMSYSM_ConfigureNew3DSCPU
 .text.PTMU_GetBatteryLevel
                0x0010dcf8       0x38 /opt/devkitpro/libctru/lib/libctru.a(ptmu.o)
                0x0010dcf8                PTMU_GetBatteryLevel
 .text.PTMU_GetBatteryChargeState
                0x0010dd30       0x38 /opt/devkitpro/libctru/lib/libctru.a(ptmu.o)
                0x0010dd30                PTMU_GetBatteryChargeState
 .text.buffer_read
                0x0010dd68       0xc4 /opt/devkitpro/libctru/lib/libctru.a(decompress.o)
 .text.iov_read
                0x0010de2c       0xcc /opt/devkitpro/libctru/lib/libctru.a(decompress.o)
 .text.iov_memmove
                0x0010def8      0x148 /opt/devkitpro/libctru/lib/libctru.a(decompress.o)
 .text.decompress_rle
                0x0010e040      0x1dc /opt/devkitpro/libctru/lib/libctru.a(decompress.o)
 .text.decompress_lzss
                0x0010e21c      0x244 /opt/devkitpro/libctru/lib/libctru.a(decompress.o)
 .text.decompress_lz11
                0x0010e460      0x428 /opt/devkitpro/libctru/lib/libctru.a(decompress.o)
 .text.decompress_huff
                0x0010e888      0x2d4 /opt/devkitpro/libctru/lib/libctru.a(decompress.o)
 .text.decompressCallback_Stdio
                0x0010eb5c       0x10 /opt/devkitpro/libctru/lib/libctru.a(decompress.o)
                0x0010eb5c                decompressCallback_Stdio
 .text.decompressHeader
                0x0010eb6c       0xdc /opt/devkitpro/libctru/lib/libctru.a(decompress.o)
                0x0010eb6c                decompressHeader
 .text.decompressV
                0x0010ec48      0x240 /opt/devkitpro/libctru/lib/libctru.a(decompress.o)
                0x0010ec48                decompressV
 .text.rbtree_find
                0x0010ee88       0x74 /opt/devkitpro/libctru/lib/libctru.a(rbtree_find.o)
                0x0010ee88                rbtree_find
 .text.rbtree_init
                0x0010eefc       0x10 /opt/devkitpro/libctru/lib/libctru.a(rbtree_init.o)
                0x0010eefc                rbtree_init
 .text.do_insert
                0x0010ef0c      0x1b0 /opt/devkitpro/libctru/lib/libctru.a(rbtree_insert.o)
 .text.rbtree_insert
                0x0010f0bc        0x8 /opt/devkitpro/libctru/lib/libctru.a(rbtree_insert.o)
                0x0010f0bc                rbtree_insert
 .text.rbtree_remove
                0x0010f0c4      0x318 /opt/devkitpro/libctru/lib/libctru.a(rbtree_remove.o)
                0x0010f0c4                rbtree_remove
 .text.rbtree_rotate
                0x0010f3dc       0x90 /opt/devkitpro/libctru/lib/libctru.a(rbtree_rotate.o)
                0x0010f3dc                rbtree_rotate
 .text.decode_utf8
                0x0010f46c      0x13c /opt/devkitpro/libctru/lib/libctru.a(decode_utf8.o)
                0x0010f46c                decode_utf8
 .text.utf16_to_utf8
                0x0010f5a8       0xe8 /opt/devkitpro/libctru/lib/libctru.a(utf16_to_utf8.o)
                0x0010f5a8                utf16_to_utf8
 .text.utf8_to_utf16
                0x0010f690       0xc0 /opt/devkitpro/libctru/lib/libctru.a(utf8_to_utf16.o)
                0x0010f690                utf8_to_utf16
 .text.__system_allocateHeaps
                0x0010f750      0x1e0 /opt/devkitpro/libctru/lib/libctru.a(allocateHeaps.o)
                0x0010f750                __system_allocateHeaps
 .text.__libctru_init
                0x0010f930       0x38 /opt/devkitpro/libctru/lib/libctru.a(ctru_init.o)
                0x0010f930                __libctru_init
 .text.__system_initArgv
                0x0010f968      0x170 /opt/devkitpro/libctru/lib/libctru.a(initArgv.o)
                0x0010f968                __system_initArgv
 .text.__syscall_getreent
                0x0010fad8       0x30 /opt/devkitpro/libctru/lib/libctru.a(syscalls.o)
                0x0010fad8                __syscall_getreent
 .text.__syscall_gettod_r
                0x0010fb08       0x64 /opt/devkitpro/libctru/lib/libctru.a(syscalls.o)
                0x0010fb08                __syscall_gettod_r
 .text.__syscall_lock_acquire
                0x0010fb6c        0x4 /opt/devkitpro/libctru/lib/libctru.a(syscalls.o)
                0x0010fb6c                __syscall_lock_acquire
 .text.__syscall_lock_release
                0x0010fb70        0x4 /opt/devkitpro/libctru/lib/libctru.a(syscalls.o)
                0x0010fb70                __syscall_lock_release
 .text.__syscall_lock_acquire_recursive
                0x0010fb74        0x4 /opt/devkitpro/libctru/lib/libctru.a(syscalls.o)
                0x0010fb74                __syscall_lock_acquire_recursive
 .text.__syscall_lock_release_recursive
                0x0010fb78        0x4 /opt/devkitpro/libctru/lib/libctru.a(syscalls.o)
                0x0010fb78                __syscall_lock_release_recursive
 .text.__syscall_exit
                0x0010fb7c        0x4 /opt/devkitpro/libctru/lib/libctru.a(syscalls.o)
                0x0010fb7c                __syscall_exit
 .text.initThreadVars
                0x0010fb80       0x50 /opt/devkitpro/libctru/lib/libctru.a(syscalls.o)
                0x0010fb80                initThreadVars
 .text.__system_initSyscalls
                0x0010fbd0       0x80 /opt/devkitpro/libctru/lib/libctru.a(syscalls.o)
                0x0010fbd0                __system_initSyscalls
 .text.svcControlMemory
                0x0010fc50       0x20 /opt/devkitpro/libctru/lib/libctru.a(svc.o)
                0x0010fc50                svcControlMemory
 .text.svcQueryMemory
                0x0010fc70       0x30 /opt/devkitpro/libctru/lib/libctru.a(svc.o)
                0x0010fc70                svcQueryMemory
 .text.svcExitProcess
                0x0010fca0        0x8 /opt/devkitpro/libctru/lib/libctru.a(svc.o)
                0x0010fca0                svcExitProcess
 .text.svcCreateThread
                0x0010fca8       0x20 /opt/devkitpro/libctru/lib/libctru.a(svc.o)
                0x0010fca8                svcCreateThread
 .text.svcExitThread
                0x0010fcc8        0x8 /opt/devkitpro/libctru/lib/libctru.a(svc.o)
                0x0010fcc8                svcExitThread
 .text.svcSleepThread
                0x0010fcd0        0x8 /opt/devkitpro/libctru/lib/libctru.a(svc.o)
                0x0010fcd0                svcSleepThread
 .text.svcReleaseMutex
                0x0010fcd8        0x8 /opt/devkitpro/libctru/lib/libctru.a(svc.o)
                0x0010fcd8                svcReleaseMutex
 .text.svcCreateEvent
                0x0010fce0       0x14 /opt/devkitpro/libctru/lib/libctru.a(svc.o)
                0x0010fce0                svcCreateEvent
 .text.svcSignalEvent
                0x0010fcf4        0x8 /opt/devkitpro/libctru/lib/libctru.a(svc.o)
                0x0010fcf4                svcSignalEvent
 .text.svcClearEvent
                0x0010fcfc        0x8 /opt/devkitpro/libctru/lib/libctru.a(svc.o)
                0x0010fcfc                svcClearEvent
 .text.svcMapMemoryBlock
                0x0010fd04        0x8 /opt/devkitpro/libctru/lib/libctru.a(svc.o)
                0x0010fd04                svcMapMemoryBlock
 .text.svcUnmapMemoryBlock
                0x0010fd0c        0x8 /opt/devkitpro/libctru/lib/libctru.a(svc.o)
                0x0010fd0c                svcUnmapMemoryBlock
 .text.svcCreateAddressArbiter
                0x0010fd14       0x14 /opt/devkitpro/libctru/lib/libctru.a(svc.o)
                0x0010fd14                svcCreateAddressArbiter
 .text.svcArbitrateAddressNoTimeout
                0x0010fd28        0x8 /opt/devkitpro/libctru/lib/libctru.a(svc.o)
                0x0010fd28                svcArbitrateAddressNoTimeout
 .text.svcCloseHandle
                0x0010fd30        0x8 /opt/devkitpro/libctru/lib/libctru.a(svc.o)
                0x0010fd30                svcCloseHandle
 .text.svcWaitSynchronization
                0x0010fd38        0x8 /opt/devkitpro/libctru/lib/libctru.a(svc.o)
                0x0010fd38                svcWaitSynchronization
 .text.svcWaitSynchronizationN
                0x0010fd40       0x28 /opt/devkitpro/libctru/lib/libctru.a(svc.o)
                0x0010fd40                svcWaitSynchronizationN
 .text.svcDuplicateHandle
                0x0010fd68       0x14 /opt/devkitpro/libctru/lib/libctru.a(svc.o)
                0x0010fd68                svcDuplicateHandle
 .text.svcGetSystemTick
                0x0010fd7c        0x8 /opt/devkitpro/libctru/lib/libctru.a(svc.o)
                0x0010fd7c                svcGetSystemTick
 .text.svcConnectToPort
                0x0010fd84       0x14 /opt/devkitpro/libctru/lib/libctru.a(svc.o)
                0x0010fd84                svcConnectToPort
 .text.svcSendSyncRequest
                0x0010fd98        0x8 /opt/devkitpro/libctru/lib/libctru.a(svc.o)
                0x0010fd98                svcSendSyncRequest
 .text.svcGetResourceLimit
                0x0010fda0       0x14 /opt/devkitpro/libctru/lib/libctru.a(svc.o)
                0x0010fda0                svcGetResourceLimit
 .text.svcGetResourceLimitLimitValues
                0x0010fdb4        0x8 /opt/devkitpro/libctru/lib/libctru.a(svc.o)
                0x0010fdb4                svcGetResourceLimitLimitValues
 .text.svcGetResourceLimitCurrentValues
                0x0010fdbc        0x8 /opt/devkitpro/libctru/lib/libctru.a(svc.o)
                0x0010fdbc                svcGetResourceLimitCurrentValues
 .text.svcBreak
                0x0010fdc4        0x8 /opt/devkitpro/libctru/lib/libctru.a(svc.o)
                0x0010fdc4                svcBreak
 .text.__aeabi_read_tp
                0x0010fdcc        0xc /opt/devkitpro/libctru/lib/libctru.a(readtp.o)
                0x0010fdcc                __aeabi_read_tp
 .text.initSystem
                0x0010fdd8       0x50 /opt/devkitpro/libctru/lib/libctru.a(stack_adjust.o)
                0x0010fdd8                initSystem
 .text.__ctru_exit
                0x0010fe28       0x14 /opt/devkitpro/libctru/lib/libctru.a(stack_adjust.o)
                0x0010fe28                __ctru_exit
 .text.envGetHandle
                0x0010fe3c       0x84 /opt/devkitpro/libctru/lib/libctru.a(env.o)
                0x0010fe3c                envGetHandle
 .text.envDestroyHandles
                0x0010fec0       0x50 /opt/devkitpro/libctru/lib/libctru.a(env.o)
                0x0010fec0                envDestroyHandles
 .text.srvInit  0x0010ff10      0x12c /opt/devkitpro/libctru/lib/libctru.a(srv.o)
                0x0010ff10                srvInit
 .text.srvExit  0x0011003c       0x58 /opt/devkitpro/libctru/lib/libctru.a(srv.o)
                0x0011003c                srvExit
 .text.srvEnableNotification
                0x00110094       0x60 /opt/devkitpro/libctru/lib/libctru.a(srv.o)
                0x00110094                srvEnableNotification
 .text.srvGetServiceHandleDirect
                0x001100f4       0xa0 /opt/devkitpro/libctru/lib/libctru.a(srv.o)
                0x001100f4                srvGetServiceHandleDirect
 .text.srvGetServiceHandle
                0x00110194       0x38 /opt/devkitpro/libctru/lib/libctru.a(srv.o)
                0x00110194                srvGetServiceHandle
 .text.srvSubscribe
                0x001101cc       0x34 /opt/devkitpro/libctru/lib/libctru.a(srv.o)
                0x001101cc                srvSubscribe
 .text.srvReceiveNotification
                0x00110200       0x60 /opt/devkitpro/libctru/lib/libctru.a(srv.o)
                0x00110200                srvReceiveNotification
 .text.srvPublishToSubscriber
                0x00110260       0x38 /opt/devkitpro/libctru/lib/libctru.a(srv.o)
                0x00110260                srvPublishToSubscriber
 .text.__sync_init
                0x00110298        0xc /opt/devkitpro/libctru/lib/libctru.a(synchronization.o)
                0x00110298                __sync_init
 .text.__sync_fini
                0x001102a4       0x18 /opt/devkitpro/libctru/lib/libctru.a(synchronization.o)
                0x001102a4                __sync_fini
 .text.syncArbitrateAddress
                0x001102bc       0x2c /opt/devkitpro/libctru/lib/libctru.a(synchronization.o)
                0x001102bc                syncArbitrateAddress
 .text.LightLock_Lock
                0x001102e8       0xac /opt/devkitpro/libctru/lib/libctru.a(synchronization.o)
                0x001102e8                LightLock_Lock
 .text.LightLock_Unlock
                0x00110394       0x40 /opt/devkitpro/libctru/lib/libctru.a(synchronization.o)
                0x00110394                LightLock_Unlock
 .text.RecursiveLock_Lock
                0x001103d4       0x30 /opt/devkitpro/libctru/lib/libctru.a(synchronization.o)
                0x001103d4                RecursiveLock_Lock
 .text.RecursiveLock_Unlock
                0x00110404       0x54 /opt/devkitpro/libctru/lib/libctru.a(synchronization.o)
                0x00110404                RecursiveLock_Unlock
 .text.LightEvent_Init
                0x00110458       0x40 /opt/devkitpro/libctru/lib/libctru.a(synchronization.o)
                0x00110458                LightEvent_Init
 .text.LightEvent_Clear
                0x00110498       0xa4 /opt/devkitpro/libctru/lib/libctru.a(synchronization.o)
                0x00110498                LightEvent_Clear
 .text.LightEvent_Signal
                0x0011053c       0xc8 /opt/devkitpro/libctru/lib/libctru.a(synchronization.o)
                0x0011053c                LightEvent_Signal
 .text.LightEvent_TryWait
                0x00110604       0x50 /opt/devkitpro/libctru/lib/libctru.a(synchronization.o)
                0x00110604                LightEvent_TryWait
 .text.LightEvent_Wait
                0x00110654       0xa0 /opt/devkitpro/libctru/lib/libctru.a(synchronization.o)
                0x00110654                LightEvent_Wait
 .text.threadCreate
                0x001106f4      0x1d8 /opt/devkitpro/libctru/lib/libctru.a(thread.o)
                0x001106f4                threadCreate
 .text.threadFree
                0x001108cc       0x2c /opt/devkitpro/libctru/lib/libctru.a(thread.o)
                0x001108cc                threadFree
 .text.threadJoin
                0x001108f8       0x24 /opt/devkitpro/libctru/lib/libctru.a(thread.o)
                0x001108f8                threadJoin
 .text.threadGetCurrent
                0x0011091c       0x30 /opt/devkitpro/libctru/lib/libctru.a(thread.o)
                0x0011091c                threadGetCurrent
 .text.threadExit
                0x0011094c       0x40 /opt/devkitpro/libctru/lib/libctru.a(thread.o)
                0x0011094c                threadExit
 .text._thread_begin
                0x0011098c       0x20 /opt/devkitpro/libctru/lib/libctru.a(thread.o)
 .text.mappableFindAddressWithin
                0x001109ac       0xb4 /opt/devkitpro/libctru/lib/libctru.a(mappable.o)
 .text.mappableInit
                0x00110a60       0x28 /opt/devkitpro/libctru/lib/libctru.a(mappable.o)
                0x00110a60                mappableInit
 .text.mappableAlloc
                0x00110a88       0x80 /opt/devkitpro/libctru/lib/libctru.a(mappable.o)
                0x00110a88                mappableAlloc
 .text.mappableFree
                0x00110b08        0x4 /opt/devkitpro/libctru/lib/libctru.a(mappable.o)
                0x00110b08                mappableFree
 .text.srvPmGetSessionHandle
                0x00110b0c        0xc /opt/devkitpro/libctru/lib/libctru.a(srvpm.o)
                0x00110b0c                srvPmGetSessionHandle
 .text.rbtree_node_next
                0x00110b18       0x5c /opt/devkitpro/libctru/lib/libctru.a(rbtree_iterator.o)
                0x00110b18                rbtree_node_next
 .text.decode_utf16
                0x00110b74       0x64 /opt/devkitpro/libctru/lib/libctru.a(decode_utf16.o)
                0x00110b74                decode_utf16
 .text.encode_utf16
                0x00110bd8       0x54 /opt/devkitpro/libctru/lib/libctru.a(encode_utf16.o)
                0x00110bd8                encode_utf16
 .text.encode_utf8
                0x00110c2c       0xe0 /opt/devkitpro/libctru/lib/libctru.a(encode_utf8.o)
                0x00110c2c                encode_utf8
 .text.__appExit
                0x00110d0c       0x30 /opt/devkitpro/libctru/lib/libctru.a(appExit.o)
                0x00110d0c                __appExit
 .text.__appInit
                0x00110d3c       0x30 /opt/devkitpro/libctru/lib/libctru.a(appInit.o)
                0x00110d3c                __appInit
 .text.__libctru_exit
                0x00110d6c       0x90 /opt/devkitpro/libctru/lib/libctru.a(ctru_exit.o)
                0x00110d6c                __libctru_exit
 .text.archive_link
                0x00110dfc       0x14 /opt/devkitpro/libctru/lib/libctru.a(archive_dev.o)
 .text.archive_dirreset
                0x00110e10       0x14 /opt/devkitpro/libctru/lib/libctru.a(archive_dev.o)
 .text.archive_chmod
                0x00110e24       0x14 /opt/devkitpro/libctru/lib/libctru.a(archive_dev.o)
 .text.error_cmp
                0x00110e38       0x24 /opt/devkitpro/libctru/lib/libctru.a(archive_dev.o)
 .text.archive_translate_error
                0x00110e5c       0x50 /opt/devkitpro/libctru/lib/libctru.a(archive_dev.o)
 .text.archive_seek
                0x00110eac       0xc8 /opt/devkitpro/libctru/lib/libctru.a(archive_dev.o)
 .text._archiveInit.part.0
                0x00110f74       0x7c /opt/devkitpro/libctru/lib/libctru.a(archive_dev.o)
 .text.archiveFindDevice.part.0
                0x00110ff0       0xc4 /opt/devkitpro/libctru/lib/libctru.a(archive_dev.o)
 .text.archive_utf16path
                0x001110b4      0x280 /opt/devkitpro/libctru/lib/libctru.a(archive_dev.o)
 .text._archiveUnmountDeviceStruct.part.0
                0x00111334       0x9c /opt/devkitpro/libctru/lib/libctru.a(archive_dev.o)
 .text.archive_fchmod
                0x001113d0       0x14 /opt/devkitpro/libctru/lib/libctru.a(archive_dev.o)
 .text.archive_statvfs
                0x001113e4       0x14 /opt/devkitpro/libctru/lib/libctru.a(archive_dev.o)
 .text._archiveMountDevice
                0x001113f8      0x164 /opt/devkitpro/libctru/lib/libctru.a(archive_dev.o)
 .text.archive_diropen
                0x0011155c       0xe8 /opt/devkitpro/libctru/lib/libctru.a(archive_dev.o)
 .text.archive_fstat
                0x00111644       0xa4 /opt/devkitpro/libctru/lib/libctru.a(archive_dev.o)
 .text.archive_fsync
                0x001116e8       0x6c /opt/devkitpro/libctru/lib/libctru.a(archive_dev.o)
 .text.archive_close
                0x00111754       0x6c /opt/devkitpro/libctru/lib/libctru.a(archive_dev.o)
 .text.archive_dirclose
                0x001117c0       0x70 /opt/devkitpro/libctru/lib/libctru.a(archive_dev.o)
 .text.sdmc_statvfs
                0x00111830       0xe8 /opt/devkitpro/libctru/lib/libctru.a(archive_dev.o)
 .text.archive_chdir
                0x00111918       0xec /opt/devkitpro/libctru/lib/libctru.a(archive_dev.o)
 .text.archive_ftruncate
                0x00111a04       0x7c /opt/devkitpro/libctru/lib/libctru.a(archive_dev.o)
 .text.archive_read
                0x00111a80       0xac /opt/devkitpro/libctru/lib/libctru.a(archive_dev.o)
 .text.archive_unlink
                0x00111b2c       0xa4 /opt/devkitpro/libctru/lib/libctru.a(archive_dev.o)
 .text.archive_rmdir
                0x00111bd0       0xbc /opt/devkitpro/libctru/lib/libctru.a(archive_dev.o)
 .text.archive_mkdir
                0x00111c8c       0xdc /opt/devkitpro/libctru/lib/libctru.a(archive_dev.o)
 .text.archive_stat
                0x00111d68      0x194 /opt/devkitpro/libctru/lib/libctru.a(archive_dev.o)
 .text.archive_dirnext
                0x00111efc      0x160 /opt/devkitpro/libctru/lib/libctru.a(archive_dev.o)
 .text.archive_write
                0x0011205c      0x124 /opt/devkitpro/libctru/lib/libctru.a(archive_dev.o)
 .text.archive_open
                0x00112180      0x20c /opt/devkitpro/libctru/lib/libctru.a(archive_dev.o)
 .text.archive_rename
                0x0011238c      0x278 /opt/devkitpro/libctru/lib/libctru.a(archive_dev.o)
 .text.archiveMountSdmc
                0x00112604      0x19c /opt/devkitpro/libctru/lib/libctru.a(archive_dev.o)
                0x00112604                archiveMountSdmc
 .text.archiveUnmountAll
                0x001127a0       0x54 /opt/devkitpro/libctru/lib/libctru.a(archive_dev.o)
                0x001127a0                archiveUnmountAll
 *fill*         0x001127f4        0x4 
 .text.sinf     0x001127f8      0x244 /opt/devkitpro/devkitARM/bin/../lib/gcc/arm-none-eabi/13.2.0/../../../../arm-none-eabi/lib/armv6k/fpu/libm.a(libm_a-sinf.o)
                0x001127f8                sinf
 .text.with_errnof
                0x00112a3c       0x24 /opt/devkitpro/devkitARM/bin/../lib/gcc/arm-none-eabi/13.2.0/../../../../arm-none-eabi/lib/armv6k/fpu/libm.a(libm_a-math_errf.o)
 .text.__math_invalidf
                0x00112a60       0x1c /opt/devkitpro/devkitARM/bin/../lib/gcc/arm-none-eabi/13.2.0/../../../../arm-none-eabi/lib/armv6k/fpu/libm.a(libm_a-math_errf.o)
                0x00112a60                __math_invalidf
 .text.ceilf    0x00112a7c       0xc0 /opt/devkitpro/devkitARM/bin/../lib/gcc/arm-none-eabi/13.2.0/../../../../arm-none-eabi/lib/armv6k/fpu/libm.a(libm_a-sf_ceil.o)
                0x00112a7c                ceilf
 *fill*         0x00112b3c        0x4 
 .text.cosf     0x00112b40      0x22c /opt/devkitpro/devkitARM/bin/../lib/gcc/arm-none-eabi/13.2.0/../../../../arm-none-eabi/lib/armv6k/fpu/libm.a(libm_a-cosf.o)
                0x00112b40                cosf
 .text.__udivmoddi4
                0x00112d6c      0x120 /opt/devkitpro/devkitARM/bin/../lib/gcc/arm-none-eabi/13.2.0/armv6k/fpu/libgcc.a(_udivmoddi4.o)
                0x00112d6c                __udivmoddi4
 .text.strncmp  0x00112e8c       0xe4 /opt/devkitpro/devkitARM/bin/../lib/gcc/arm-none-eabi/13.2.0/../../../../arm-none-eabi/lib/armv6k/fpu/libg.a(libc_a-strncmp.o)
                0x00112e8c                strncmp
 .text.strchr   0x00112f70      0x130 /opt/devkitpro/devkitARM/bin/../lib/gcc/arm-none-eabi/13.2.0/../../../../arm-none-eabi/lib/armv6k/fpu/libg.a(libc_a-strchr.o)
                0x00112f70                strchr
 .text.strlen   0x001130a0       0x5c /opt/devkitpro/devkitARM/bin/../lib/gcc/arm-none-eabi/13.2.0/../../../../arm-none-eabi/lib/armv6k/fpu/libg.a(libc_a-strlen-stub.o)
                0x001130a0                strlen
 .text.sprintf  0x001130fc       0x68 /opt/devkitpro/devkitARM/bin/../lib/gcc/arm-none-eabi/13.2.0/../../../../arm-none-eabi/lib/armv6k/fpu/libg.a(libc_a-sprintf.o)
                0x001130fc                sprintf
 .text._strtoul_l.isra.0
                0x00113164      0x1d8 /opt/devkitpro/devkitARM/bin/../lib/gcc/arm-none-eabi/13.2.0/../../../../arm-none-eabi/lib/armv6k/fpu/libg.a(libc_a-strtoul.o)
 .text.strtoul  0x0011333c       0x34 /opt/devkitpro/devkitARM/bin/../lib/gcc/arm-none-eabi/13.2.0/../../../../arm-none-eabi/lib/armv6k/fpu/libg.a(libc_a-strtoul.o)
                0x0011333c                strtoul
 .text.strncat  0x00113370       0xe4 /opt/devkitpro/devkitARM/bin/../lib/gcc/arm-none-eabi/13.2.0/../../../../arm-none-eabi/lib/armv6k/fpu/libg.a(libc_a-strncat.o)
                0x00113370                strncat
 .text.bsearch  0x00113454       0x78 /opt/devkitpro/devkitARM/bin/../lib/gcc/arm-none-eabi/13.2.0/../../../../arm-none-eabi/lib/armv6k/fpu/libg.a(libc_a-bsearch.o)
                0x00113454                bsearch
 .text._fread_r
                0x001134cc      0x344 /opt/devkitpro/devkitARM/bin/../lib/gcc/arm-none-eabi/13.2.0/../../../../arm-none-eabi/lib/armv6k/fpu/libg.a(libc_a-fread.o)
                0x001134cc                _fread_r
 .text.fread    0x00113810       0x38 /opt/devkitpro/devkitARM/bin/../lib/gcc/arm-none-eabi/13.2.0/../../../../arm-none-eabi/lib/armv6k/fpu/libg.a(libc_a-fread.o)
                0x00113810                fread
 .text.calloc   0x00113848       0x20 /opt/devkitpro/devkitARM/bin/../lib/gcc/arm-none-eabi/13.2.0/../../../../arm-none-eabi/lib/armv6k/fpu/libg.a(libc_a-calloc.o)
                0x00113848                calloc
 .text.qsort    0x00113868      0x974 /opt/devkitpro/devkitARM/bin/../lib/gcc/arm-none-eabi/13.2.0/../../../../arm-none-eabi/lib/armv6k/fpu/libg.a(libc_a-qsort.o)
                0x00113868                qsort
 .text.lflush   0x001141dc       0x38 /opt/devkitpro/devkitARM/bin/../lib/gcc/arm-none-eabi/13.2.0/../../../../arm-none-eabi/lib/armv6k/fpu/libg.a(libc_a-refill.o)
 .text.__srefill_r
                0x00114214      0x19c /opt/devkitpro/devkitARM/bin/../lib/gcc/arm-none-eabi/13.2.0/../../../../arm-none-eabi/lib/armv6k/fpu/libg.a(libc_a-refill.o)
                0x00114214                __srefill_r
 .text._fclose_r
                0x001143b0      0x148 /opt/devkitpro/devkitARM/bin/../lib/gcc/arm-none-eabi/13.2.0/../../../../arm-none-eabi/lib/armv6k/fpu/libg.a(libc_a-fclose.o)
                0x001143b0                _fclose_r
 .text.fclose   0x001144f8       0x18 /opt/devkitpro/devkitARM/bin/../lib/gcc/arm-none-eabi/13.2.0/../../../../arm-none-eabi/lib/armv6k/fpu/libg.a(libc_a-fclose.o)
                0x001144f8                fclose
 .text._calloc_r
                0x00114510       0xc0 /opt/devkitpro/devkitARM/bin/../lib/gcc/arm-none-eabi/13.2.0/../../../../arm-none-eabi/lib/armv6k/fpu/libg.a(libc_a-callocr.o)
                0x00114510                _calloc_r
 .text.__smakebuf_r
                0x001145d0      0x12c /opt/devkitpro/devkitARM/bin/../lib/gcc/arm-none-eabi/13.2.0/../../../../arm-none-eabi/lib/armv6k/fpu/libg.a(libc_a-makebuf.o)
                0x001145d0                __smakebuf_r
 .text.__swhatbuf_r
                0x001146fc       0x8c /opt/devkitpro/devkitARM/bin/../lib/gcc/arm-none-eabi/13.2.0/../../../../arm-none-eabi/lib/armv6k/fpu/libg.a(libc_a-makebuf.o)
                0x001146fc                __swhatbuf_r
 .text.memalign
                0x00114788       0x20 /opt/devkitpro/devkitARM/bin/../lib/gcc/arm-none-eabi/13.2.0/../../../../arm-none-eabi/lib/armv6k/fpu/libg.a(libc_a-malign.o)
                0x00114788                memalign
 .text.stdio_exit_handler
                0x001147a8       0x1c /opt/devkitpro/devkitARM/bin/../lib/gcc/arm-none-eabi/13.2.0/../../../../arm-none-eabi/lib/armv6k/fpu/libg.a(libc_a-findfp.o)
 .text.cleanup_stdio
                0x001147c4       0x5c /opt/devkitpro/devkitARM/bin/../lib/gcc/arm-none-eabi/13.2.0/../../../../arm-none-eabi/lib/armv6k/fpu/libg.a(libc_a-findfp.o)
 .text.global_stdio_init.part.0
                0x00114820      0x154 /opt/devkitpro/devkitARM/bin/../lib/gcc/arm-none-eabi/13.2.0/../../../../arm-none-eabi/lib/armv6k/fpu/libg.a(libc_a-findfp.o)
 .text.__sfp    0x00114974      0x134 /opt/devkitpro/devkitARM/bin/../lib/gcc/arm-none-eabi/13.2.0/../../../../arm-none-eabi/lib/armv6k/fpu/libg.a(libc_a-findfp.o)
                0x00114974                __sfp
 .text.__sinit  0x00114aa8       0x5c /opt/devkitpro/devkitARM/bin/../lib/gcc/arm-none-eabi/13.2.0/../../../../arm-none-eabi/lib/armv6k/fpu/libg.a(libc_a-findfp.o)
                0x00114aa8                __sinit
 .text.__sfp_lock_acquire
                0x00114b04        0xc /opt/devkitpro/devkitARM/bin/../lib/gcc/arm-none-eabi/13.2.0/../../../../arm-none-eabi/lib/armv6k/fpu/libg.a(libc_a-findfp.o)
                0x00114b04                __sfp_lock_acquire
 .text.__sfp_lock_release
                0x00114b10        0xc /opt/devkitpro/devkitARM/bin/../lib/gcc/arm-none-eabi/13.2.0/../../../../arm-none-eabi/lib/armv6k/fpu/libg.a(libc_a-findfp.o)
                0x00114b10                __sfp_lock_release
 .text._malloc_r
                0x00114b1c      0x79c /opt/devkitpro/devkitARM/bin/../lib/gcc/arm-none-eabi/13.2.0/../../../../arm-none-eabi/lib/armv6k/fpu/libg.a(libc_a-mallocr.o)
                0x00114b1c                _malloc_r
 .text._malloc_trim_r
                0x001152b8       0xf8 /opt/devkitpro/devkitARM/bin/../lib/gcc/arm-none-eabi/13.2.0/../../../../arm-none-eabi/lib/armv6k/fpu/libg.a(libc_a-freer.o)
                0x001152b8                _malloc_trim_r
 .text._free_r  0x001153b0      0x2e8 /opt/devkitpro/devkitARM/bin/../lib/gcc/arm-none-eabi/13.2.0/../../../../arm-none-eabi/lib/armv6k/fpu/libg.a(libc_a-freer.o)
                0x001153b0                _free_r
 .text.get_arg  0x00115698      0x64c /opt/devkitpro/devkitARM/bin/../lib/gcc/arm-none-eabi/13.2.0/../../../../arm-none-eabi/lib/armv6k/fpu/libg.a(libc_a-svfprintf.o)
 *fill*         0x00115ce4        0x4 
 .text._svfprintf_r
                0x00115ce8     0x3324 /opt/devkitpro/devkitARM/bin/../lib/gcc/arm-none-eabi/13.2.0/../../../../arm-none-eabi/lib/armv6k/fpu/libg.a(libc_a-svfprintf.o)
                0x00115ce8                _svfprintf_r
 .text.setvbuf  0x0011900c      0x25c /opt/devkitpro/devkitARM/bin/../lib/gcc/arm-none-eabi/13.2.0/../../../../arm-none-eabi/lib/armv6k/fpu/libg.a(libc_a-setvbuf.o)
                0x0011900c                setvbuf
 .text.strnlen  0x00119268       0x48 /opt/devkitpro/devkitARM/bin/../lib/gcc/arm-none-eabi/13.2.0/../../../../arm-none-eabi/lib/armv6k/fpu/libg.a(libc_a-strnlen.o)
                0x00119268                strnlen
 .text.__errno  0x001192b0        0xc /opt/devkitpro/devkitARM/bin/../lib/gcc/arm-none-eabi/13.2.0/../../../../arm-none-eabi/lib/armv6k/fpu/libg.a(libc_a-errno.o)
                0x001192b0                __errno
 .text.malloc   0x001192bc       0x18 /opt/devkitpro/devkitARM/bin/../lib/gcc/arm-none-eabi/13.2.0/../../../../arm-none-eabi/lib/armv6k/fpu/libg.a(libc_a-malloc.o)
                0x001192bc                malloc
 .text.free     0x001192d4       0x18 /opt/devkitpro/devkitARM/bin/../lib/gcc/arm-none-eabi/13.2.0/../../../../arm-none-eabi/lib/armv6k/fpu/libg.a(libc_a-malloc.o)
                0x001192d4                free
 .text.memcpy   0x001192ec      0x11c /opt/devkitpro/devkitARM/bin/../lib/gcc/arm-none-eabi/13.2.0/../../../../arm-none-eabi/lib/armv6k/fpu/libg.a(libc_a-memcpy-stub.o)
                0x001192ec                memcpy
 .text._fopen_r
                0x00119408      0x12c /opt/devkitpro/devkitARM/bin/../lib/gcc/arm-none-eabi/13.2.0/../../../../arm-none-eabi/lib/armv6k/fpu/libg.a(libc_a-fopen.o)
                0x00119408                _fopen_r
 .text.fopen    0x00119534       0x20 /opt/devkitpro/devkitARM/bin/../lib/gcc/arm-none-eabi/13.2.0/../../../../arm-none-eabi/lib/armv6k/fpu/libg.a(libc_a-fopen.o)
                0x00119534                fopen
 .text.time     0x00119554       0x4c /opt/devkitpro/devkitARM/bin/../lib/gcc/arm-none-eabi/13.2.0/../../../../arm-none-eabi/lib/armv6k/fpu/libg.a(libc_a-time.o)
                0x00119554                time
 .text.gmtime   0x001195a0       0x20 /opt/devkitpro/devkitARM/bin/../lib/gcc/arm-none-eabi/13.2.0/../../../../arm-none-eabi/lib/armv6k/fpu/libg.a(libc_a-gmtime.o)
                0x001195a0                gmtime
 .text.memset   0x001195c0       0xf4 /opt/devkitpro/devkitARM/bin/../lib/gcc/arm-none-eabi/13.2.0/../../../../arm-none-eabi/lib/armv6k/fpu/libg.a(libc_a-memset.o)
                0x001195c0                memset
 .text._realloc_r
                0x001196b4      0x4a0 /opt/devkitpro/devkitARM/bin/../lib/gcc/arm-none-eabi/13.2.0/../../../../arm-none-eabi/lib/armv6k/fpu/libg.a(libc_a-reallocr.o)
                0x001196b4                _realloc_r
 .text._fwalk_sglue
                0x00119b54       0x70 /opt/devkitpro/devkitARM/bin/../lib/gcc/arm-none-eabi/13.2.0/../../../../arm-none-eabi/lib/armv6k/fpu/libg.a(libc_a-fwalk.o)
                0x00119b54                _fwalk_sglue
 .text.__malloc_lock
                0x00119bc4        0xc /opt/devkitpro/devkitARM/bin/../lib/gcc/arm-none-eabi/13.2.0/../../../../arm-none-eabi/lib/armv6k/fpu/libg.a(libc_a-mlock.o)
                0x00119bc4                __malloc_lock
 .text.__malloc_unlock
                0x00119bd0        0xc /opt/devkitpro/devkitARM/bin/../lib/gcc/arm-none-eabi/13.2.0/../../../../arm-none-eabi/lib/armv6k/fpu/libg.a(libc_a-mlock.o)
                0x00119bd0                __malloc_unlock
 .text.__call_exitprocs
                0x00119bdc        0x4 /opt/devkitpro/devkitARM/bin/../lib/gcc/arm-none-eabi/13.2.0/../../../../arm-none-eabi/lib/armv6k/fpu/libg.a(libc_a-exit.o)
                0x00119bdc                __call_exitprocs
 .text.exit     0x00119be0       0x30 /opt/devkitpro/devkitARM/bin/../lib/gcc/arm-none-eabi/13.2.0/../../../../arm-none-eabi/lib/armv6k/fpu/libg.a(libc_a-exit.o)
                0x00119be0                exit
 .text._fseek_r
                0x00119c10       0x1c /opt/devkitpro/devkitARM/bin/../lib/gcc/arm-none-eabi/13.2.0/../../../../arm-none-eabi/lib/armv6k/fpu/libg.a(libc_a-fseek.o)
                0x00119c10                _fseek_r
 .text.strncpy  0x00119c2c       0xc4 /opt/devkitpro/devkitARM/bin/../lib/gcc/arm-none-eabi/13.2.0/../../../../arm-none-eabi/lib/armv6k/fpu/libg.a(libc_a-strncpy.o)
                0x00119c2c                strncpy
 .text._wcsrtombs_r
                0x00119cf0       0x28 /opt/devkitpro/devkitARM/bin/../lib/gcc/arm-none-eabi/13.2.0/../../../../arm-none-eabi/lib/armv6k/fpu/libg.a(libc_a-wcsrtombs.o)
                0x00119cf0                _wcsrtombs_r
 .text.__sflags
                0x00119d18       0xb4 /opt/devkitpro/devkitARM/bin/../lib/gcc/arm-none-eabi/13.2.0/../../../../arm-none-eabi/lib/armv6k/fpu/libg.a(libc_a-flags.o)
                0x00119d18                __sflags
 .text.__libc_init_array
                0x00119dcc       0x84 /opt/devkitpro/devkitARM/bin/../lib/gcc/arm-none-eabi/13.2.0/../../../../arm-none-eabi/lib/armv6k/fpu/libg.a(libc_a-init.o)
                0x00119dcc                __libc_init_array
 .text.__sflush_r
                0x00119e50      0x22c /opt/devkitpro/devkitARM/bin/../lib/gcc/arm-none-eabi/13.2.0/../../../../arm-none-eabi/lib/armv6k/fpu/libg.a(libc_a-fflush.o)
                0x00119e50                __sflush_r
 .text._fflush_r
                0x0011a07c       0x94 /opt/devkitpro/devkitARM/bin/../lib/gcc/arm-none-eabi/13.2.0/../../../../arm-none-eabi/lib/armv6k/fpu/libg.a(libc_a-fflush.o)
                0x0011a07c                _fflush_r
 .text.frexp    0x0011a110       0x88 /opt/devkitpro/devkitARM/bin/../lib/gcc/arm-none-eabi/13.2.0/../../../../arm-none-eabi/lib/armv6k/fpu/libg.a(libm_a-s_frexp.o)
                0x0011a110                frexp
 .text.memmove  0x0011a198      0x150 /opt/devkitpro/devkitARM/bin/../lib/gcc/arm-none-eabi/13.2.0/../../../../arm-none-eabi/lib/armv6k/fpu/libg.a(libc_a-memmove.o)
                0x0011a198                memmove
 .text.__locale_mb_cur_max
                0x0011a2e8       0x24 /opt/devkitpro/devkitARM/bin/../lib/gcc/arm-none-eabi/13.2.0/../../../../arm-none-eabi/lib/armv6k/fpu/libg.a(libc_a-locale.o)
                0x0011a2e8                __locale_mb_cur_max
 .text.__ssprint_r
                0x0011a30c       0xa4 /opt/devkitpro/devkitARM/bin/../lib/gcc/arm-none-eabi/13.2.0/../../../../arm-none-eabi/lib/armv6k/fpu/libg.a(libc_a-ssprint_r.o)
                0x0011a30c                __ssprint_r
 .text.gmtime_r
                0x0011a3b0      0x268 /opt/devkitpro/devkitARM/bin/../lib/gcc/arm-none-eabi/13.2.0/../../../../arm-none-eabi/lib/armv6k/fpu/libg.a(libc_a-gmtime_r.o)
                0x0011a3b0                gmtime_r
 .text._memalign_r
                0x0011a618      0x14c /opt/devkitpro/devkitARM/bin/../lib/gcc/arm-none-eabi/13.2.0/../../../../arm-none-eabi/lib/armv6k/fpu/libg.a(libc_a-malignr.o)
                0x0011a618                _memalign_r
 .text.memchr   0x0011a764       0xe0 /opt/devkitpro/devkitARM/bin/../lib/gcc/arm-none-eabi/13.2.0/../../../../arm-none-eabi/lib/armv6k/fpu/libg.a(libc_a-memchr-stub.o)
                0x0011a764                memchr
 .text._wcsnrtombs_l
                0x0011a844      0x188 /opt/devkitpro/devkitARM/bin/../lib/gcc/arm-none-eabi/13.2.0/../../../../arm-none-eabi/lib/armv6k/fpu/libg.a(libc_a-wcsnrtombs.o)
                0x0011a844                _wcsnrtombs_l
 .text._wcsnrtombs_r
                0x0011a9cc       0x64 /opt/devkitpro/devkitARM/bin/../lib/gcc/arm-none-eabi/13.2.0/../../../../arm-none-eabi/lib/armv6k/fpu/libg.a(libc_a-wcsnrtombs.o)
                0x0011a9cc                _wcsnrtombs_r
 .text.__utf8_mbtowc
                0x0011aa30      0x2f8 /opt/devkitpro/devkitARM/bin/../lib/gcc/arm-none-eabi/13.2.0/../../../../arm-none-eabi/lib/armv6k/fpu/libg.a(libc_a-mbtowc_r.o)
                0x0011aa30                __utf8_mbtowc
 .text.__libc_fini_array
                0x0011ad28       0x3c /opt/devkitpro/devkitARM/bin/../lib/gcc/arm-none-eabi/13.2.0/../../../../arm-none-eabi/lib/armv6k/fpu/libg.a(libc_a-fini.o)
                0x0011ad28                __libc_fini_array
 .text._fseeko_r
                0x0011ad64      0x590 /opt/devkitpro/devkitARM/bin/../lib/gcc/arm-none-eabi/13.2.0/../../../../arm-none-eabi/lib/armv6k/fpu/libg.a(libc_a-fseeko.o)
                0x0011ad64                _fseeko_r
 .text.__sread  0x0011b2f4       0x44 /opt/devkitpro/devkitARM/bin/../lib/gcc/arm-none-eabi/13.2.0/../../../../arm-none-eabi/lib/armv6k/fpu/libg.a(libc_a-stdio.o)
                0x0011b2f4                __sread
 .text.__swrite
                0x0011b338       0x68 /opt/devkitpro/devkitARM/bin/../lib/gcc/arm-none-eabi/13.2.0/../../../../arm-none-eabi/lib/armv6k/fpu/libg.a(libc_a-stdio.o)
                0x0011b338                __swrite
 .text.__sseek  0x0011b3a0       0x44 /opt/devkitpro/devkitARM/bin/../lib/gcc/arm-none-eabi/13.2.0/../../../../arm-none-eabi/lib/armv6k/fpu/libg.a(libc_a-stdio.o)
                0x0011b3a0                __sseek
 .text.__sclose
                0x0011b3e4        0x8 /opt/devkitpro/devkitARM/bin/../lib/gcc/arm-none-eabi/13.2.0/../../../../arm-none-eabi/lib/armv6k/fpu/libg.a(libc_a-stdio.o)
                0x0011b3e4                __sclose
 .text._localeconv_r
                0x0011b3ec       0x24 /opt/devkitpro/devkitARM/bin/../lib/gcc/arm-none-eabi/13.2.0/../../../../arm-none-eabi/lib/armv6k/fpu/libg.a(libc_a-localeconv.o)
                0x0011b3ec                _localeconv_r
 .text.quorem   0x0011b410      0x1b4 /opt/devkitpro/devkitARM/bin/../lib/gcc/arm-none-eabi/13.2.0/../../../../arm-none-eabi/lib/armv6k/fpu/libg.a(libc_a-dtoa.o)
 *fill*         0x0011b5c4        0x4 
 .text._dtoa_r  0x0011b5c8     0x1218 /opt/devkitpro/devkitARM/bin/../lib/gcc/arm-none-eabi/13.2.0/../../../../arm-none-eabi/lib/armv6k/fpu/libg.a(libc_a-dtoa.o)
                0x0011b5c8                _dtoa_r
 .text._wcrtomb_r
                0x0011c7e0       0xa0 /opt/devkitpro/devkitARM/bin/../lib/gcc/arm-none-eabi/13.2.0/../../../../arm-none-eabi/lib/armv6k/fpu/libg.a(libc_a-wcrtomb.o)
                0x0011c7e0                _wcrtomb_r
 .text.__ssputs_r
                0x0011c880      0x128 /opt/devkitpro/devkitARM/bin/../lib/gcc/arm-none-eabi/13.2.0/../../../../arm-none-eabi/lib/armv6k/fpu/libg.a(libc_a-ssputs_r.o)
                0x0011c880                __ssputs_r
 .text.__utf8_wctomb
                0x0011c9a8       0xf0 /opt/devkitpro/devkitARM/bin/../lib/gcc/arm-none-eabi/13.2.0/../../../../arm-none-eabi/lib/armv6k/fpu/libg.a(libc_a-wctomb_r.o)
                0x0011c9a8                __utf8_wctomb
 .text.__assert_func
                0x0011ca98       0x5c /opt/devkitpro/devkitARM/bin/../lib/gcc/arm-none-eabi/13.2.0/../../../../arm-none-eabi/lib/armv6k/fpu/libg.a(libc_a-assert.o)
                0x0011ca98                __assert_func
 .text._Balloc  0x0011caf4       0x88 /opt/devkitpro/devkitARM/bin/../lib/gcc/arm-none-eabi/13.2.0/../../../../arm-none-eabi/lib/armv6k/fpu/libg.a(libc_a-mprec.o)
                0x0011caf4                _Balloc
 .text._Bfree   0x0011cb7c       0x1c /opt/devkitpro/devkitARM/bin/../lib/gcc/arm-none-eabi/13.2.0/../../../../arm-none-eabi/lib/armv6k/fpu/libg.a(libc_a-mprec.o)
                0x0011cb7c                _Bfree
 .text.__multadd
                0x0011cb98       0xf4 /opt/devkitpro/devkitARM/bin/../lib/gcc/arm-none-eabi/13.2.0/../../../../arm-none-eabi/lib/armv6k/fpu/libg.a(libc_a-mprec.o)
                0x0011cb98                __multadd
 .text.__hi0bits
                0x0011cc8c       0x60 /opt/devkitpro/devkitARM/bin/../lib/gcc/arm-none-eabi/13.2.0/../../../../arm-none-eabi/lib/armv6k/fpu/libg.a(libc_a-mprec.o)
                0x0011cc8c                __hi0bits
 .text.__lo0bits
                0x0011ccec       0x9c /opt/devkitpro/devkitARM/bin/../lib/gcc/arm-none-eabi/13.2.0/../../../../arm-none-eabi/lib/armv6k/fpu/libg.a(libc_a-mprec.o)
                0x0011ccec                __lo0bits
 .text.__i2b    0x0011cd88       0xa4 /opt/devkitpro/devkitARM/bin/../lib/gcc/arm-none-eabi/13.2.0/../../../../arm-none-eabi/lib/armv6k/fpu/libg.a(libc_a-mprec.o)
                0x0011cd88                __i2b
 .text.__multiply
                0x0011ce2c      0x204 /opt/devkitpro/devkitARM/bin/../lib/gcc/arm-none-eabi/13.2.0/../../../../arm-none-eabi/lib/armv6k/fpu/libg.a(libc_a-mprec.o)
                0x0011ce2c                __multiply
 .text.__pow5mult
                0x0011d030      0x128 /opt/devkitpro/devkitARM/bin/../lib/gcc/arm-none-eabi/13.2.0/../../../../arm-none-eabi/lib/armv6k/fpu/libg.a(libc_a-mprec.o)
                0x0011d030                __pow5mult
 .text.__lshift
                0x0011d158      0x140 /opt/devkitpro/devkitARM/bin/../lib/gcc/arm-none-eabi/13.2.0/../../../../arm-none-eabi/lib/armv6k/fpu/libg.a(libc_a-mprec.o)
                0x0011d158                __lshift
 .text.__mcmp   0x0011d298       0x58 /opt/devkitpro/devkitARM/bin/../lib/gcc/arm-none-eabi/13.2.0/../../../../arm-none-eabi/lib/armv6k/fpu/libg.a(libc_a-mprec.o)
                0x0011d298                __mcmp
 .text.__mdiff  0x0011d2f0      0x1fc /opt/devkitpro/devkitARM/bin/../lib/gcc/arm-none-eabi/13.2.0/../../../../arm-none-eabi/lib/armv6k/fpu/libg.a(libc_a-mprec.o)
                0x0011d2f0                __mdiff
 .text.__d2b    0x0011d4ec      0x124 /opt/devkitpro/devkitARM/bin/../lib/gcc/arm-none-eabi/13.2.0/../../../../arm-none-eabi/lib/armv6k/fpu/libg.a(libc_a-mprec.o)
                0x0011d4ec                __d2b
 .text.fiprintf
                0x0011d610       0x3c /opt/devkitpro/devkitARM/bin/../lib/gcc/arm-none-eabi/13.2.0/../../../../arm-none-eabi/lib/armv6k/fpu/libg.a(libc_a-fiprintf.o)
                0x0011d610                fiprintf
 .text.abort    0x0011d64c       0x14 /opt/devkitpro/devkitARM/bin/../lib/gcc/arm-none-eabi/13.2.0/../../../../arm-none-eabi/lib/armv6k/fpu/libg.a(libc_a-abort.o)
                0x0011d64c                abort
 .text._raise_r
                0x0011d660       0x90 /opt/devkitpro/devkitARM/bin/../lib/gcc/arm-none-eabi/13.2.0/../../../../arm-none-eabi/lib/armv6k/fpu/libg.a(libc_a-signal.o)
                0x0011d660                _raise_r
 .text.raise    0x0011d6f0       0x18 /opt/devkitpro/devkitARM/bin/../lib/gcc/arm-none-eabi/13.2.0/../../../../arm-none-eabi/lib/armv6k/fpu/libg.a(libc_a-signal.o)
                0x0011d6f0                raise
 .text.get_arg  0x0011d708      0x64c /opt/devkitpro/devkitARM/bin/../lib/gcc/arm-none-eabi/13.2.0/../../../../arm-none-eabi/lib/armv6k/fpu/libg.a(libc_a-vfiprintf.o)
 .text._vfiprintf_r
                0x0011dd54     0x2300 /opt/devkitpro/devkitARM/bin/../lib/gcc/arm-none-eabi/13.2.0/../../../../arm-none-eabi/lib/armv6k/fpu/libg.a(libc_a-vfiprintf.o)
                0x0011dd54                _vfiprintf_r
 .text.__sbprintf
                0x00120054       0xb8 /opt/devkitpro/devkitARM/bin/../lib/gcc/arm-none-eabi/13.2.0/../../../../arm-none-eabi/lib/armv6k/fpu/libg.a(libc_a-vfiprintf.o)
 .text.__sprint_r
                0x0012010c       0x30 /opt/devkitpro/devkitARM/bin/../lib/gcc/arm-none-eabi/13.2.0/../../../../arm-none-eabi/lib/armv6k/fpu/libg.a(libc_a-sprint_r.o)
                0x0012010c                __sprint_r
 .text.__swsetup_r
                0x0012013c      0x138 /opt/devkitpro/devkitARM/bin/../lib/gcc/arm-none-eabi/13.2.0/../../../../arm-none-eabi/lib/armv6k/fpu/libg.a(libc_a-wsetup.o)
                0x0012013c                __swsetup_r
 .text.__sfvwrite_r
                0x00120274      0x4b4 /opt/devkitpro/devkitARM/bin/../lib/gcc/arm-none-eabi/13.2.0/../../../../arm-none-eabi/lib/armv6k/fpu/libg.a(libc_a-fvwrite.o)
                0x00120274                __sfvwrite_r
 .text._exit    0x00120728       0x20 /opt/devkitpro/devkitARM/bin/../lib/gcc/arm-none-eabi/13.2.0/../../../../arm-none-eabi/lib/armv6k/fpu/libsysbase.a(libsysbase_libsysbase_a-_exit.o)
                0x00120728                _exit
 .text.chdir    0x00120748      0x13c /opt/devkitpro/devkitARM/bin/../lib/gcc/arm-none-eabi/13.2.0/../../../../arm-none-eabi/lib/armv6k/fpu/libsysbase.a(libsysbase_libsysbase_a-chdir.o)
                0x00120748                chdir
 .text._concatenate_path
                0x00120884      0x1cc /opt/devkitpro/devkitARM/bin/../lib/gcc/arm-none-eabi/13.2.0/../../../../arm-none-eabi/lib/armv6k/fpu/libsysbase.a(libsysbase_libsysbase_a-concatenate.o)
                0x00120884                _concatenate_path
 .text._fstat_r
                0x00120a50       0x78 /opt/devkitpro/devkitARM/bin/../lib/gcc/arm-none-eabi/13.2.0/../../../../arm-none-eabi/lib/armv6k/fpu/libsysbase.a(libsysbase_libsysbase_a-fstat.o)
                0x00120a50                _fstat_r
 .text._getpid_r
                0x00120ac8       0x14 /opt/devkitpro/devkitARM/bin/../lib/gcc/arm-none-eabi/13.2.0/../../../../arm-none-eabi/lib/armv6k/fpu/libsysbase.a(libsysbase_libsysbase_a-getpid.o)
                0x00120ac8                _getpid_r
 .text.__getreent
                0x00120adc       0x2c /opt/devkitpro/devkitARM/bin/../lib/gcc/arm-none-eabi/13.2.0/../../../../arm-none-eabi/lib/armv6k/fpu/libsysbase.a(libsysbase_libsysbase_a-getreent.o)
                0x00120adc                __getreent
 .text._gettimeofday_r
                0x00120b08       0x30 /opt/devkitpro/devkitARM/bin/../lib/gcc/arm-none-eabi/13.2.0/../../../../arm-none-eabi/lib/armv6k/fpu/libsysbase.a(libsysbase_libsysbase_a-gettod.o)
                0x00120b08                _gettimeofday_r
 .text.__release_handle
                0x00120b38       0x8c /opt/devkitpro/devkitARM/bin/../lib/gcc/arm-none-eabi/13.2.0/../../../../arm-none-eabi/lib/armv6k/fpu/libsysbase.a(libsysbase_libsysbase_a-handle_manager.o)
                0x00120b38                __release_handle
 .text.__alloc_handle
                0x00120bc4       0xb0 /opt/devkitpro/devkitARM/bin/../lib/gcc/arm-none-eabi/13.2.0/../../../../arm-none-eabi/lib/armv6k/fpu/libsysbase.a(libsysbase_libsysbase_a-handle_manager.o)
                0x00120bc4                __alloc_handle
 .text.__get_handle
                0x00120c74       0x3c /opt/devkitpro/devkitARM/bin/../lib/gcc/arm-none-eabi/13.2.0/../../../../arm-none-eabi/lib/armv6k/fpu/libsysbase.a(libsysbase_libsysbase_a-handle_manager.o)
                0x00120c74                __get_handle
 .text._close_r
                0x00120cb0       0xf4 /opt/devkitpro/devkitARM/bin/../lib/gcc/arm-none-eabi/13.2.0/../../../../arm-none-eabi/lib/armv6k/fpu/libsysbase.a(libsysbase_libsysbase_a-handle_manager.o)
                0x00120cb0                _close_r
 .text.null_write
                0x00120da4        0x8 /opt/devkitpro/devkitARM/bin/../lib/gcc/arm-none-eabi/13.2.0/../../../../arm-none-eabi/lib/armv6k/fpu/libsysbase.a(libsysbase_libsysbase_a-iosupport.o)
 .text.setDefaultDevice
                0x00120dac       0x18 /opt/devkitpro/devkitARM/bin/../lib/gcc/arm-none-eabi/13.2.0/../../../../arm-none-eabi/lib/armv6k/fpu/libsysbase.a(libsysbase_libsysbase_a-iosupport.o)
                0x00120dac                setDefaultDevice
 .text.FindDevice
                0x00120dc4       0xc8 /opt/devkitpro/devkitARM/bin/../lib/gcc/arm-none-eabi/13.2.0/../../../../arm-none-eabi/lib/armv6k/fpu/libsysbase.a(libsysbase_libsysbase_a-iosupport.o)
                0x00120dc4                FindDevice
 .text.RemoveDevice
                0x00120e8c       0x28 /opt/devkitpro/devkitARM/bin/../lib/gcc/arm-none-eabi/13.2.0/../../../../arm-none-eabi/lib/armv6k/fpu/libsysbase.a(libsysbase_libsysbase_a-iosupport.o)
                0x00120e8c                RemoveDevice
 .text.AddDevice
                0x00120eb4       0x9c /opt/devkitpro/devkitARM/bin/../lib/gcc/arm-none-eabi/13.2.0/../../../../arm-none-eabi/lib/armv6k/fpu/libsysbase.a(libsysbase_libsysbase_a-iosupport.o)
                0x00120eb4                AddDevice
 .text.GetDeviceOpTab
                0x00120f50       0x20 /opt/devkitpro/devkitARM/bin/../lib/gcc/arm-none-eabi/13.2.0/../../../../arm-none-eabi/lib/armv6k/fpu/libsysbase.a(libsysbase_libsysbase_a-iosupport.o)
                0x00120f50                GetDeviceOpTab
 .text._isatty_r
                0x00120f70        0x8 /opt/devkitpro/devkitARM/bin/../lib/gcc/arm-none-eabi/13.2.0/../../../../arm-none-eabi/lib/armv6k/fpu/libsysbase.a(libsysbase_libsysbase_a-isatty.o)
                0x00120f70                _isatty_r
 .text._kill_r  0x00120f78       0x14 /opt/devkitpro/devkitARM/bin/../lib/gcc/arm-none-eabi/13.2.0/../../../../arm-none-eabi/lib/armv6k/fpu/libsysbase.a(libsysbase_libsysbase_a-kill.o)
                0x00120f78                _kill_r
 .text._lseek_r
                0x00120f8c       0x84 /opt/devkitpro/devkitARM/bin/../lib/gcc/arm-none-eabi/13.2.0/../../../../arm-none-eabi/lib/armv6k/fpu/libsysbase.a(libsysbase_libsysbase_a-lseek.o)
                0x00120f8c                _lseek_r
 .text._open_r  0x00121010       0xbc /opt/devkitpro/devkitARM/bin/../lib/gcc/arm-none-eabi/13.2.0/../../../../arm-none-eabi/lib/armv6k/fpu/libsysbase.a(libsysbase_libsysbase_a-open.o)
                0x00121010                _open_r
 .text._read_r  0x001210cc       0x80 /opt/devkitpro/devkitARM/bin/../lib/gcc/arm-none-eabi/13.2.0/../../../../arm-none-eabi/lib/armv6k/fpu/libsysbase.a(libsysbase_libsysbase_a-read.o)
                0x001210cc                _read_r
 .text._sbrk_r  0x0012114c       0x78 /opt/devkitpro/devkitARM/bin/../lib/gcc/arm-none-eabi/13.2.0/../../../../arm-none-eabi/lib/armv6k/fpu/libsysbase.a(libsysbase_libsysbase_a-sbrk.o)
                0x0012114c                _sbrk_r
 .text.__libc_lock_acquire
                0x001211c4       0x1c /opt/devkitpro/devkitARM/bin/../lib/gcc/arm-none-eabi/13.2.0/../../../../arm-none-eabi/lib/armv6k/fpu/libsysbase.a(libsysbase_libsysbase_a-syscall_support.o)
                0x001211c4                __libc_lock_acquire
 .text.__libc_lock_release
                0x001211e0       0x1c /opt/devkitpro/devkitARM/bin/../lib/gcc/arm-none-eabi/13.2.0/../../../../arm-none-eabi/lib/armv6k/fpu/libsysbase.a(libsysbase_libsysbase_a-syscall_support.o)
                0x001211e0                __libc_lock_release
 .text.__libc_lock_acquire_recursive
                0x001211fc       0x1c /opt/devkitpro/devkitARM/bin/../lib/gcc/arm-none-eabi/13.2.0/../../../../arm-none-eabi/lib/armv6k/fpu/libsysbase.a(libsysbase_libsysbase_a-syscall_support.o)
                0x001211fc                __libc_lock_acquire_recursive
 .text.__libc_lock_release_recursive